
Running 369 tests using 6 workers

[1A[2K[1/369] [chromium] ΓÇ║ api\auth.spec.ts:6:7 ΓÇ║ API: Authentication Endpoints ΓÇ║ API: Login endpoint returns valid session
[1A[2K[2/369] [chromium] ΓÇ║ api\auth.spec.ts:23:7 ΓÇ║ API: Authentication Endpoints ΓÇ║ API: Login with invalid credentials returns 401
[1A[2K[3/369] [chromium] ΓÇ║ api\auth.spec.ts:79:7 ΓÇ║ API: Authentication Endpoints ΓÇ║ API: Missing authentication header is rejected
[1A[2K[4/369] [chromium] ΓÇ║ api\auth.spec.ts:48:7 ΓÇ║ API: Authentication Endpoints ΓÇ║ API: Logout endpoint clears session
[1A[2K[5/369] [chromium] ΓÇ║ api\auth.spec.ts:93:7 ΓÇ║ API: Authentication Endpoints ΓÇ║ API: Token refresh endpoint extends session
[1A[2K[6/369] [chromium] ΓÇ║ api\auth.spec.ts:65:7 ΓÇ║ API: Authentication Endpoints ΓÇ║ API: Session validation returns current user info
[1A[2K[7/369] [chromium] ΓÇ║ api\auth.spec.ts:121:7 ΓÇ║ API: Authentication Endpoints ΓÇ║ API: Multiple login attempts with rate limiting
[1A[2K[8/369] [chromium] ΓÇ║ api\cart.spec.ts:8:7 ΓÇ║ API: Cart Endpoints ΓÇ║ API: Add item to cart creates cart entry
[1A[2K[9/369] [chromium] ΓÇ║ api\cart.spec.ts:35:7 ΓÇ║ API: Cart Endpoints ΓÇ║ API: Get cart returns all items
[1A[2K[10/369] [chromium] ΓÇ║ api\cart.spec.ts:64:7 ΓÇ║ API: Cart Endpoints ΓÇ║ API: Remove item from cart
[1A[2K[11/369] [chromium] ΓÇ║ api\cart.spec.ts:96:7 ΓÇ║ API: Cart Endpoints ΓÇ║ API: Update cart item quantity
[1A[2K[12/369] [chromium] ΓÇ║ api\cart.spec.ts:128:7 ΓÇ║ API: Cart Endpoints ΓÇ║ API: Clear entire cart
[1A[2K[13/369] [chromium] ΓÇ║ api\cart.spec.ts:158:7 ΓÇ║ API: Cart Endpoints ΓÇ║ API: Get cart total price calculation
[1A[2K  1) [chromium] ΓÇ║ api\auth.spec.ts:121:7 ΓÇ║ API: Authentication Endpoints ΓÇ║ API: Multiple login attempts with rate limiting 

    Error: [2mexpect([22m[31mreceived[39m[2m).[22mtoBe[2m([22m[32mexpected[39m[2m) // Object.is equality[22m

    Expected: [32m4[39m
    Received: [31m0[39m

      156 |     }
      157 |
    > 158 |     expect(loginAttempts).toBe(4);
          |                           ^
      159 |   });
      160 | });
      161 |
        at C:\Users\ABC\Desktop\local\playwright-cli-demo\api\auth.spec.ts:158:27

    attachment #1: screenshot (image/png) ΓöÇΓöÇΓöÇΓöÇΓöÇΓöÇΓöÇΓöÇΓöÇΓöÇΓöÇΓöÇΓöÇΓöÇΓöÇΓöÇΓöÇΓöÇΓöÇΓöÇΓöÇΓöÇΓöÇΓöÇΓöÇΓöÇΓöÇΓöÇΓöÇΓöÇΓöÇΓöÇΓöÇΓöÇΓöÇΓöÇΓöÇΓöÇΓöÇΓöÇΓöÇΓöÇΓöÇΓöÇΓöÇΓöÇΓöÇΓöÇΓöÇΓöÇΓöÇΓöÇΓöÇΓöÇΓöÇΓöÇΓöÇΓöÇ
    test-results\api-auth-API-Authenticatio-22a1b-attempts-with-rate-limiting-chromium\test-failed-1.png
    ΓöÇΓöÇΓöÇΓöÇΓöÇΓöÇΓöÇΓöÇΓöÇΓöÇΓöÇΓöÇΓöÇΓöÇΓöÇΓöÇΓöÇΓöÇΓöÇΓöÇΓöÇΓöÇΓöÇΓöÇΓöÇΓöÇΓöÇΓöÇΓöÇΓöÇΓöÇΓöÇΓöÇΓöÇΓöÇΓöÇΓöÇΓöÇΓöÇΓöÇΓöÇΓöÇΓöÇΓöÇΓöÇΓöÇΓöÇΓöÇΓöÇΓöÇΓöÇΓöÇΓöÇΓöÇΓöÇΓöÇΓöÇΓöÇΓöÇΓöÇΓöÇΓöÇΓöÇΓöÇΓöÇΓöÇΓöÇΓöÇΓöÇΓöÇΓöÇΓöÇΓöÇΓöÇΓöÇΓöÇΓöÇΓöÇΓöÇΓöÇΓöÇΓöÇΓöÇΓöÇΓöÇΓöÇΓöÇΓöÇΓöÇΓöÇΓöÇΓöÇΓöÇΓöÇΓöÇΓöÇ

    Error Context: test-results\api-auth-API-Authenticatio-22a1b-attempts-with-rate-limiting-chromium\error-context.md


[1A[2K[14/369] [chromium] ΓÇ║ api\cart.spec.ts:216:7 ΓÇ║ API: Cart Endpoints ΓÇ║ API: cart endpoint with invalid item returns error
[1A[2K[15/369] [chromium] ΓÇ║ api\cart.spec.ts:239:7 ΓÇ║ API: Cart Endpoints ΓÇ║ API: Validate cart item limits
[1A[2K[16/369] [chromium] ΓÇ║ api\checkout.spec.ts:8:7 ΓÇ║ API: Checkout Endpoints ΓÇ║ API: Initiate checkout creates order
[1A[2K[17/369] [chromium] ΓÇ║ api\checkout.spec.ts:36:7 ΓÇ║ API: Checkout Endpoints ΓÇ║ API: Submit checkout info validates required fields
[1A[2K[18/369] [chromium] ΓÇ║ api\cart.spec.ts:186:7 ΓÇ║ API: Cart Endpoints ΓÇ║ API: Cart persistence across sessions
[1A[2K  2) [chromium] ΓÇ║ api\auth.spec.ts:79:7 ΓÇ║ API: Authentication Endpoints ΓÇ║ API: Missing authentication header is rejected 

    Error: [2mexpect([22m[31mpage[39m[2m).[22mtoHaveURL[2m([22m[32mexpected[39m[2m)[22m failed

    Expected pattern: [32m/index.html/[39m
    Received string:  [31m"https://www.saucedemo.com/"[39m
    Timeout: 5000ms

    Call log:
    [2m  - Expect "toHaveURL" with timeout 5000ms[22m
    [2m    8 ├ù unexpected value "https://www.saucedemo.com/"[22m


      88 |     await page.goto(BASE_URL + 'inventory.html');
      89 |     // Should redirect to login since no auth
    > 90 |     await expect(page).toHaveURL(/index.html/);
         |                        ^
      91 |   });
      92 |
      93 |   test('API: Token refresh endpoint extends session', async ({ page, homePage, productsPage }) => {
        at C:\Users\ABC\Desktop\local\playwright-cli-demo\api\auth.spec.ts:90:24

    attachment #1: screenshot (image/png) ΓöÇΓöÇΓöÇΓöÇΓöÇΓöÇΓöÇΓöÇΓöÇΓöÇΓöÇΓöÇΓöÇΓöÇΓöÇΓöÇΓöÇΓöÇΓöÇΓöÇΓöÇΓöÇΓöÇΓöÇΓöÇΓöÇΓöÇΓöÇΓöÇΓöÇΓöÇΓöÇΓöÇΓöÇΓöÇΓöÇΓöÇΓöÇΓöÇΓöÇΓöÇΓöÇΓöÇΓöÇΓöÇΓöÇΓöÇΓöÇΓöÇΓöÇΓöÇΓöÇΓöÇΓöÇΓöÇΓöÇΓöÇΓöÇ
    test-results\api-auth-API-Authenticatio-7a347-tication-header-is-rejected-chromium\test-failed-1.png
    ΓöÇΓöÇΓöÇΓöÇΓöÇΓöÇΓöÇΓöÇΓöÇΓöÇΓöÇΓöÇΓöÇΓöÇΓöÇΓöÇΓöÇΓöÇΓöÇΓöÇΓöÇΓöÇΓöÇΓöÇΓöÇΓöÇΓöÇΓöÇΓöÇΓöÇΓöÇΓöÇΓöÇΓöÇΓöÇΓöÇΓöÇΓöÇΓöÇΓöÇΓöÇΓöÇΓöÇΓöÇΓöÇΓöÇΓöÇΓöÇΓöÇΓöÇΓöÇΓöÇΓöÇΓöÇΓöÇΓöÇΓöÇΓöÇΓöÇΓöÇΓöÇΓöÇΓöÇΓöÇΓöÇΓöÇΓöÇΓöÇΓöÇΓöÇΓöÇΓöÇΓöÇΓöÇΓöÇΓöÇΓöÇΓöÇΓöÇΓöÇΓöÇΓöÇΓöÇΓöÇΓöÇΓöÇΓöÇΓöÇΓöÇΓöÇΓöÇΓöÇΓöÇΓöÇΓöÇΓöÇ

    Error Context: test-results\api-auth-API-Authenticatio-7a347-tication-header-is-rejected-chromium\error-context.md


[1A[2K[19/369] [chromium] ΓÇ║ api\checkout.spec.ts:110:7 ΓÇ║ API: Checkout Endpoints ΓÇ║ API: Get shipping options
[1A[2K  3) [chromium] ΓÇ║ api\auth.spec.ts:48:7 ΓÇ║ API: Authentication Endpoints ΓÇ║ API: Logout endpoint clears session 

    Error: [2mexpect([22m[31mpage[39m[2m).[22mtoHaveURL[2m([22m[32mexpected[39m[2m)[22m failed

    Expected pattern: [32m/index.html/[39m
    Received string:  [31m"https://www.saucedemo.com/"[39m
    Timeout: 5000ms

    Call log:
    [2m  - Expect "toHaveURL" with timeout 5000ms[22m
    [2m    9 ├ù unexpected value "https://www.saucedemo.com/"[22m


      60 |     // Logout
      61 |     await productsPage.logout();
    > 62 |     await expect(page).toHaveURL(/index.html/);
         |                        ^
      63 |   });
      64 |
      65 |   test('API: Session validation returns current user info', async ({ page, homePage, productsPage }) => {
        at C:\Users\ABC\Desktop\local\playwright-cli-demo\api\auth.spec.ts:62:24

    attachment #1: screenshot (image/png) ΓöÇΓöÇΓöÇΓöÇΓöÇΓöÇΓöÇΓöÇΓöÇΓöÇΓöÇΓöÇΓöÇΓöÇΓöÇΓöÇΓöÇΓöÇΓöÇΓöÇΓöÇΓöÇΓöÇΓöÇΓöÇΓöÇΓöÇΓöÇΓöÇΓöÇΓöÇΓöÇΓöÇΓöÇΓöÇΓöÇΓöÇΓöÇΓöÇΓöÇΓöÇΓöÇΓöÇΓöÇΓöÇΓöÇΓöÇΓöÇΓöÇΓöÇΓöÇΓöÇΓöÇΓöÇΓöÇΓöÇΓöÇΓöÇ
    test-results\api-auth-API-Authenticatio-6cf70-out-endpoint-clears-session-chromium\test-failed-1.png
    ΓöÇΓöÇΓöÇΓöÇΓöÇΓöÇΓöÇΓöÇΓöÇΓöÇΓöÇΓöÇΓöÇΓöÇΓöÇΓöÇΓöÇΓöÇΓöÇΓöÇΓöÇΓöÇΓöÇΓöÇΓöÇΓöÇΓöÇΓöÇΓöÇΓöÇΓöÇΓöÇΓöÇΓöÇΓöÇΓöÇΓöÇΓöÇΓöÇΓöÇΓöÇΓöÇΓöÇΓöÇΓöÇΓöÇΓöÇΓöÇΓöÇΓöÇΓöÇΓöÇΓöÇΓöÇΓöÇΓöÇΓöÇΓöÇΓöÇΓöÇΓöÇΓöÇΓöÇΓöÇΓöÇΓöÇΓöÇΓöÇΓöÇΓöÇΓöÇΓöÇΓöÇΓöÇΓöÇΓöÇΓöÇΓöÇΓöÇΓöÇΓöÇΓöÇΓöÇΓöÇΓöÇΓöÇΓöÇΓöÇΓöÇΓöÇΓöÇΓöÇΓöÇΓöÇΓöÇΓöÇ

    Error Context: test-results\api-auth-API-Authenticatio-6cf70-out-endpoint-clears-session-chromium\error-context.md


[1A[2K[20/369] [chromium] ΓÇ║ api\checkout.spec.ts:76:7 ΓÇ║ API: Checkout Endpoints ΓÇ║ API: Complete checkout processes payment
[1A[2K[21/369] [chromium] ΓÇ║ api\checkout.spec.ts:165:7 ΓÇ║ API: Checkout Endpoints ΓÇ║ API: Payment processing with validation
[1A[2K[22/369] [chromium] ΓÇ║ api\checkout.spec.ts:204:7 ΓÇ║ API: Checkout Endpoints ΓÇ║ API: Order confirmation endpoint
[1A[2K[23/369] [chromium] ΓÇ║ api\checkout.spec.ts:241:7 ΓÇ║ API: Checkout Endpoints ΓÇ║ API: Promo code validation endpoint
[1A[2K[24/369] [chromium] ΓÇ║ api\checkout.spec.ts:137:7 ΓÇ║ API: Checkout Endpoints ΓÇ║ API: Calculate order total with tax
[1A[2K[25/369] [chromium] ΓÇ║ api\checkout.spec.ts:280:7 ΓÇ║ API: Checkout Endpoints ΓÇ║ API: Checkout with multiple payment methods
[1A[2K[26/369] [chromium] ΓÇ║ api\checkout.spec.ts:306:7 ΓÇ║ API: Checkout Endpoints ΓÇ║ API: Order status tracking
[1A[2K[27/369] [chromium] ΓÇ║ api\products.spec.ts:32:7 ΓÇ║ API: Product Endpoints ΓÇ║ API: Get all products returns product list
[1A[2K[28/369] [chromium] ΓÇ║ api\products.spec.ts:56:7 ΓÇ║ API: Product Endpoints ΓÇ║ API: Get product by ID returns product details
[1A[2K[29/369] [chromium] ΓÇ║ api\products.spec.ts:86:7 ΓÇ║ API: Product Endpoints ΓÇ║ API: Product search endpoint filters results
[1A[2K[30/369] [chromium] ΓÇ║ api\products.spec.ts:110:7 ΓÇ║ API: Product Endpoints ΓÇ║ API: Get product prices returns correct format
[1A[2K[31/369] [chromium] ΓÇ║ api\products.spec.ts:134:7 ΓÇ║ API: Product Endpoints ΓÇ║ API: Product availability check endpoint
[1A[2K[32/369] [chromium] ΓÇ║ api\products.spec.ts:155:7 ΓÇ║ API: Product Endpoints ΓÇ║ API: Product endpoint with authentication
[1A[2K[33/369] [chromium] ΓÇ║ api\products.spec.ts:177:7 ΓÇ║ API: Product Endpoints ΓÇ║ API: Product sort endpoint returns sorted results
[1A[2K[34/369] [chromium] ΓÇ║ api\products.spec.ts:214:7 ΓÇ║ API: Product Endpoints ΓÇ║ API: Product images load correctly
[1A[2K[35/369] [chromium] ΓÇ║ api\products.spec.ts:231:7 ΓÇ║ API: Product Endpoints ΓÇ║ API: Product not found returns 404
[1A[2K[36/369] [chromium] ΓÇ║ api\products.spec.ts:259:7 ΓÇ║ API: Product Endpoints ΓÇ║ API: Bulk product fetch with pagination
[1A[2K[37/369] [chromium] ΓÇ║ e2e\api.products.spec.ts:32:7 ΓÇ║ API: Product Endpoints ΓÇ║ API: Get all products returns product list
[1A[2K[38/369] [chromium] ΓÇ║ e2e\api.products.spec.ts:56:7 ΓÇ║ API: Product Endpoints ΓÇ║ API: Get product by ID returns product details
[1A[2K[39/369] [chromium] ΓÇ║ e2e\api.products.spec.ts:86:7 ΓÇ║ API: Product Endpoints ΓÇ║ API: Product search endpoint filters results
[1A[2K[40/369] [chromium] ΓÇ║ e2e\api.products.spec.ts:110:7 ΓÇ║ API: Product Endpoints ΓÇ║ API: Get product prices returns correct format
[1A[2K[41/369] [chromium] ΓÇ║ e2e\api.products.spec.ts:134:7 ΓÇ║ API: Product Endpoints ΓÇ║ API: Product availability check endpoint
[1A[2K[42/369] [chromium] ΓÇ║ e2e\api.products.spec.ts:155:7 ΓÇ║ API: Product Endpoints ΓÇ║ API: Product endpoint with authentication
[1A[2K[43/369] [chromium] ΓÇ║ e2e\api.products.spec.ts:177:7 ΓÇ║ API: Product Endpoints ΓÇ║ API: Product sort endpoint returns sorted results
[1A[2K[44/369] [chromium] ΓÇ║ e2e\api.products.spec.ts:214:7 ΓÇ║ API: Product Endpoints ΓÇ║ API: Product images load correctly
[1A[2K[45/369] [chromium] ΓÇ║ e2e\api.products.spec.ts:231:7 ΓÇ║ API: Product Endpoints ΓÇ║ API: Product not found returns 404
[1A[2K[46/369] [chromium] ΓÇ║ e2e\api.products.spec.ts:259:7 ΓÇ║ API: Product Endpoints ΓÇ║ API: Bulk product fetch with pagination
[1A[2K[47/369] [chromium] ΓÇ║ e2e\auth.spec.ts:11:7 ΓÇ║ Authentication ΓÇ║ Login negative: invalid credentials
[1A[2K[48/369] [chromium] ΓÇ║ e2e\auth.spec.ts:17:7 ΓÇ║ Authentication ΓÇ║ Login negative: empty username
[1A[2K[49/369] [chromium] ΓÇ║ e2e\auth.spec.ts:23:7 ΓÇ║ Authentication ΓÇ║ Login negative: empty password
[1A[2K[50/369] [chromium] ΓÇ║ e2e\auth.spec.ts:29:7 ΓÇ║ Authentication ΓÇ║ Login negative: both fields empty
[1A[2K[51/369] [chromium] ΓÇ║ e2e\auth.spec.ts:35:7 ΓÇ║ Authentication ΓÇ║ Login positive: standard user can successfully login
[1A[2K[52/369] [chromium] ΓÇ║ e2e\auth.spec.ts:43:7 ΓÇ║ Authentication ΓÇ║ Login positive: problem user can login
[1A[2K[53/369] [chromium] ΓÇ║ e2e\auth.spec.ts:50:7 ΓÇ║ Authentication ΓÇ║ Login negative: locked out user receives explicit error
[1A[2K[54/369] [chromium] ΓÇ║ e2e\auth.spec.ts:56:7 ΓÇ║ Authentication ΓÇ║ Login multiple times with different users
[1A[2K  4) [chromium] ΓÇ║ e2e\auth.spec.ts:56:7 ΓÇ║ Authentication ΓÇ║ Login multiple times with different users 

    Error: [2mexpect([22m[31mpage[39m[2m).[22mtoHaveURL[2m([22m[32mexpected[39m[2m)[22m failed

    Expected pattern: [32m/index.html/[39m
    Received string:  [31m"https://www.saucedemo.com/"[39m
    Timeout: 5000ms

    Call log:
    [2m  - Expect "toHaveURL" with timeout 5000ms[22m
    [2m    9 ├ù unexpected value "https://www.saucedemo.com/"[22m


      63 |     // Logout
      64 |     await productsPage.logout();
    > 65 |     await expect(page).toHaveURL(/index.html/);
         |                        ^
      66 |
      67 |     // Second login with different user
      68 |     await homePage.login(PROBLEM_USER, PASSWORD);
        at C:\Users\ABC\Desktop\local\playwright-cli-demo\e2e\auth.spec.ts:65:24

    attachment #1: screenshot (image/png) ΓöÇΓöÇΓöÇΓöÇΓöÇΓöÇΓöÇΓöÇΓöÇΓöÇΓöÇΓöÇΓöÇΓöÇΓöÇΓöÇΓöÇΓöÇΓöÇΓöÇΓöÇΓöÇΓöÇΓöÇΓöÇΓöÇΓöÇΓöÇΓöÇΓöÇΓöÇΓöÇΓöÇΓöÇΓöÇΓöÇΓöÇΓöÇΓöÇΓöÇΓöÇΓöÇΓöÇΓöÇΓöÇΓöÇΓöÇΓöÇΓöÇΓöÇΓöÇΓöÇΓöÇΓöÇΓöÇΓöÇΓöÇΓöÇ
    test-results\e2e-auth-Authentication-Lo-69bfe--times-with-different-users-chromium\test-failed-1.png
    ΓöÇΓöÇΓöÇΓöÇΓöÇΓöÇΓöÇΓöÇΓöÇΓöÇΓöÇΓöÇΓöÇΓöÇΓöÇΓöÇΓöÇΓöÇΓöÇΓöÇΓöÇΓöÇΓöÇΓöÇΓöÇΓöÇΓöÇΓöÇΓöÇΓöÇΓöÇΓöÇΓöÇΓöÇΓöÇΓöÇΓöÇΓöÇΓöÇΓöÇΓöÇΓöÇΓöÇΓöÇΓöÇΓöÇΓöÇΓöÇΓöÇΓöÇΓöÇΓöÇΓöÇΓöÇΓöÇΓöÇΓöÇΓöÇΓöÇΓöÇΓöÇΓöÇΓöÇΓöÇΓöÇΓöÇΓöÇΓöÇΓöÇΓöÇΓöÇΓöÇΓöÇΓöÇΓöÇΓöÇΓöÇΓöÇΓöÇΓöÇΓöÇΓöÇΓöÇΓöÇΓöÇΓöÇΓöÇΓöÇΓöÇΓöÇΓöÇΓöÇΓöÇΓöÇΓöÇΓöÇ

    Error Context: test-results\e2e-auth-Authentication-Lo-69bfe--times-with-different-users-chromium\error-context.md


[1A[2K[55/369] [chromium] ΓÇ║ e2e\auth.spec.ts:72:7 ΓÇ║ Authentication ΓÇ║ Logout and verify login required
[1A[2K  5) [chromium] ΓÇ║ api\cart.spec.ts:96:7 ΓÇ║ API: Cart Endpoints ΓÇ║ API: Update cart item quantity ΓöÇΓöÇΓöÇΓöÇΓöÇ

    [31mTest timeout of 30000ms exceeded.[39m

    Error: locator.click: Test timeout of 30000ms exceeded.
    Call log:
    [2m  - waiting for locator('.inventory_item').filter({ hasText: 'Sauce Labs Backpack' }).getByRole('button', { name: 'Add to cart' })[22m


       at pages\SauceProductsPage.ts:22

      20 |   async addProductToCart(productName: string) {
      21 |     const productCard = this.page.locator('.inventory_item', { hasText: productName });
    > 22 |     await productCard.getByRole('button', { name: 'Add to cart' }).click();
         |                                                                    ^
      23 |   }
      24 |
      25 |   async removeProductFromCart(productName: string) {
        at SauceProductsPage.addProductToCart (C:\Users\ABC\Desktop\local\playwright-cli-demo\pages\SauceProductsPage.ts:22:68)
        at C:\Users\ABC\Desktop\local\playwright-cli-demo\api\cart.spec.ts:123:24

    attachment #1: screenshot (image/png) ΓöÇΓöÇΓöÇΓöÇΓöÇΓöÇΓöÇΓöÇΓöÇΓöÇΓöÇΓöÇΓöÇΓöÇΓöÇΓöÇΓöÇΓöÇΓöÇΓöÇΓöÇΓöÇΓöÇΓöÇΓöÇΓöÇΓöÇΓöÇΓöÇΓöÇΓöÇΓöÇΓöÇΓöÇΓöÇΓöÇΓöÇΓöÇΓöÇΓöÇΓöÇΓöÇΓöÇΓöÇΓöÇΓöÇΓöÇΓöÇΓöÇΓöÇΓöÇΓöÇΓöÇΓöÇΓöÇΓöÇΓöÇΓöÇ
    test-results\api-cart-API-Cart-Endpoints-API-Update-cart-item-quantity-chromium\test-failed-1.png
    ΓöÇΓöÇΓöÇΓöÇΓöÇΓöÇΓöÇΓöÇΓöÇΓöÇΓöÇΓöÇΓöÇΓöÇΓöÇΓöÇΓöÇΓöÇΓöÇΓöÇΓöÇΓöÇΓöÇΓöÇΓöÇΓöÇΓöÇΓöÇΓöÇΓöÇΓöÇΓöÇΓöÇΓöÇΓöÇΓöÇΓöÇΓöÇΓöÇΓöÇΓöÇΓöÇΓöÇΓöÇΓöÇΓöÇΓöÇΓöÇΓöÇΓöÇΓöÇΓöÇΓöÇΓöÇΓöÇΓöÇΓöÇΓöÇΓöÇΓöÇΓöÇΓöÇΓöÇΓöÇΓöÇΓöÇΓöÇΓöÇΓöÇΓöÇΓöÇΓöÇΓöÇΓöÇΓöÇΓöÇΓöÇΓöÇΓöÇΓöÇΓöÇΓöÇΓöÇΓöÇΓöÇΓöÇΓöÇΓöÇΓöÇΓöÇΓöÇΓöÇΓöÇΓöÇΓöÇΓöÇ

    Error Context: test-results\api-cart-API-Cart-Endpoints-API-Update-cart-item-quantity-chromium\error-context.md


[1A[2K  6) [chromium] ΓÇ║ api\cart.spec.ts:239:7 ΓÇ║ API: Cart Endpoints ΓÇ║ API: Validate cart item limits ΓöÇΓöÇΓöÇΓöÇ

    [31mTest timeout of 30000ms exceeded.[39m

    Error: locator.click: Test timeout of 30000ms exceeded.
    Call log:
    [2m  - waiting for locator('.inventory_item').filter({ hasText: 'Sauce Labs Backpack' }).getByRole('button', { name: 'Add to cart' })[22m


       at pages\SauceProductsPage.ts:22

      20 |   async addProductToCart(productName: string) {
      21 |     const productCard = this.page.locator('.inventory_item', { hasText: productName });
    > 22 |     await productCard.getByRole('button', { name: 'Add to cart' }).click();
         |                                                                    ^
      23 |   }
      24 |
      25 |   async removeProductFromCart(productName: string) {
        at SauceProductsPage.addProductToCart (C:\Users\ABC\Desktop\local\playwright-cli-demo\pages\SauceProductsPage.ts:22:68)
        at C:\Users\ABC\Desktop\local\playwright-cli-demo\api\cart.spec.ts:276:26

    attachment #1: screenshot (image/png) ΓöÇΓöÇΓöÇΓöÇΓöÇΓöÇΓöÇΓöÇΓöÇΓöÇΓöÇΓöÇΓöÇΓöÇΓöÇΓöÇΓöÇΓöÇΓöÇΓöÇΓöÇΓöÇΓöÇΓöÇΓöÇΓöÇΓöÇΓöÇΓöÇΓöÇΓöÇΓöÇΓöÇΓöÇΓöÇΓöÇΓöÇΓöÇΓöÇΓöÇΓöÇΓöÇΓöÇΓöÇΓöÇΓöÇΓöÇΓöÇΓöÇΓöÇΓöÇΓöÇΓöÇΓöÇΓöÇΓöÇΓöÇΓöÇ
    test-results\api-cart-API-Cart-Endpoints-API-Validate-cart-item-limits-chromium\test-failed-1.png
    ΓöÇΓöÇΓöÇΓöÇΓöÇΓöÇΓöÇΓöÇΓöÇΓöÇΓöÇΓöÇΓöÇΓöÇΓöÇΓöÇΓöÇΓöÇΓöÇΓöÇΓöÇΓöÇΓöÇΓöÇΓöÇΓöÇΓöÇΓöÇΓöÇΓöÇΓöÇΓöÇΓöÇΓöÇΓöÇΓöÇΓöÇΓöÇΓöÇΓöÇΓöÇΓöÇΓöÇΓöÇΓöÇΓöÇΓöÇΓöÇΓöÇΓöÇΓöÇΓöÇΓöÇΓöÇΓöÇΓöÇΓöÇΓöÇΓöÇΓöÇΓöÇΓöÇΓöÇΓöÇΓöÇΓöÇΓöÇΓöÇΓöÇΓöÇΓöÇΓöÇΓöÇΓöÇΓöÇΓöÇΓöÇΓöÇΓöÇΓöÇΓöÇΓöÇΓöÇΓöÇΓöÇΓöÇΓöÇΓöÇΓöÇΓöÇΓöÇΓöÇΓöÇΓöÇΓöÇΓöÇ

    Error Context: test-results\api-cart-API-Cart-Endpoints-API-Validate-cart-item-limits-chromium\error-context.md


[1A[2K[56/369] [chromium] ΓÇ║ e2e\auth.spec.ts:83:7 ΓÇ║ Authentication ΓÇ║ Session persistence: access products without logout
[1A[2K  7) [chromium] ΓÇ║ e2e\auth.spec.ts:72:7 ΓÇ║ Authentication ΓÇ║ Logout and verify login required ΓöÇΓöÇΓöÇΓöÇΓöÇΓöÇΓöÇΓöÇ

    Error: [2mexpect([22m[31mpage[39m[2m).[22mtoHaveURL[2m([22m[32mexpected[39m[2m)[22m failed

    Expected pattern: [32m/index.html/[39m
    Received string:  [31m"https://www.saucedemo.com/"[39m
    Timeout: 5000ms

    Call log:
    [2m  - Expect "toHaveURL" with timeout 5000ms[22m
    [2m    9 ├ù unexpected value "https://www.saucedemo.com/"[22m


      77 |
      78 |     await productsPage.logout();
    > 79 |     await expect(page).toHaveURL(/index.html/);
         |                        ^
      80 |     await expect(homePage.loginButton).toBeVisible();
      81 |   });
      82 |
        at C:\Users\ABC\Desktop\local\playwright-cli-demo\e2e\auth.spec.ts:79:24

    attachment #1: screenshot (image/png) ΓöÇΓöÇΓöÇΓöÇΓöÇΓöÇΓöÇΓöÇΓöÇΓöÇΓöÇΓöÇΓöÇΓöÇΓöÇΓöÇΓöÇΓöÇΓöÇΓöÇΓöÇΓöÇΓöÇΓöÇΓöÇΓöÇΓöÇΓöÇΓöÇΓöÇΓöÇΓöÇΓöÇΓöÇΓöÇΓöÇΓöÇΓöÇΓöÇΓöÇΓöÇΓöÇΓöÇΓöÇΓöÇΓöÇΓöÇΓöÇΓöÇΓöÇΓöÇΓöÇΓöÇΓöÇΓöÇΓöÇΓöÇΓöÇ
    test-results\e2e-auth-Authentication-Logout-and-verify-login-required-chromium\test-failed-1.png
    ΓöÇΓöÇΓöÇΓöÇΓöÇΓöÇΓöÇΓöÇΓöÇΓöÇΓöÇΓöÇΓöÇΓöÇΓöÇΓöÇΓöÇΓöÇΓöÇΓöÇΓöÇΓöÇΓöÇΓöÇΓöÇΓöÇΓöÇΓöÇΓöÇΓöÇΓöÇΓöÇΓöÇΓöÇΓöÇΓöÇΓöÇΓöÇΓöÇΓöÇΓöÇΓöÇΓöÇΓöÇΓöÇΓöÇΓöÇΓöÇΓöÇΓöÇΓöÇΓöÇΓöÇΓöÇΓöÇΓöÇΓöÇΓöÇΓöÇΓöÇΓöÇΓöÇΓöÇΓöÇΓöÇΓöÇΓöÇΓöÇΓöÇΓöÇΓöÇΓöÇΓöÇΓöÇΓöÇΓöÇΓöÇΓöÇΓöÇΓöÇΓöÇΓöÇΓöÇΓöÇΓöÇΓöÇΓöÇΓöÇΓöÇΓöÇΓöÇΓöÇΓöÇΓöÇΓöÇΓöÇ

    Error Context: test-results\e2e-auth-Authentication-Logout-and-verify-login-required-chromium\error-context.md


[1A[2K  8) [chromium] ΓÇ║ api\checkout.spec.ts:36:7 ΓÇ║ API: Checkout Endpoints ΓÇ║ API: Submit checkout info validates required fields 

    [31mTest timeout of 30000ms exceeded.[39m

    Error: locator.click: Test timeout of 30000ms exceeded.
    Call log:
    [2m  - waiting for getByRole('button', { name: 'Continue' })[22m


      71 |
      72 |     await checkoutPage.fillCheckoutInfo('Jane', 'Doe', '90210');
    > 73 |     await checkoutPage.continueButton.click();
         |                                       ^
      74 |   });
      75 |
      76 |   test('API: Complete checkout processes payment', async ({ page, homePage, productsPage, cartPage, checkoutPage }) => {
        at C:\Users\ABC\Desktop\local\playwright-cli-demo\api\checkout.spec.ts:73:39

    attachment #1: screenshot (image/png) ΓöÇΓöÇΓöÇΓöÇΓöÇΓöÇΓöÇΓöÇΓöÇΓöÇΓöÇΓöÇΓöÇΓöÇΓöÇΓöÇΓöÇΓöÇΓöÇΓöÇΓöÇΓöÇΓöÇΓöÇΓöÇΓöÇΓöÇΓöÇΓöÇΓöÇΓöÇΓöÇΓöÇΓöÇΓöÇΓöÇΓöÇΓöÇΓöÇΓöÇΓöÇΓöÇΓöÇΓöÇΓöÇΓöÇΓöÇΓöÇΓöÇΓöÇΓöÇΓöÇΓöÇΓöÇΓöÇΓöÇΓöÇΓöÇ
    test-results\api-checkout-API-Checkout--d70e1-o-validates-required-fields-chromium\test-failed-1.png
    ΓöÇΓöÇΓöÇΓöÇΓöÇΓöÇΓöÇΓöÇΓöÇΓöÇΓöÇΓöÇΓöÇΓöÇΓöÇΓöÇΓöÇΓöÇΓöÇΓöÇΓöÇΓöÇΓöÇΓöÇΓöÇΓöÇΓöÇΓöÇΓöÇΓöÇΓöÇΓöÇΓöÇΓöÇΓöÇΓöÇΓöÇΓöÇΓöÇΓöÇΓöÇΓöÇΓöÇΓöÇΓöÇΓöÇΓöÇΓöÇΓöÇΓöÇΓöÇΓöÇΓöÇΓöÇΓöÇΓöÇΓöÇΓöÇΓöÇΓöÇΓöÇΓöÇΓöÇΓöÇΓöÇΓöÇΓöÇΓöÇΓöÇΓöÇΓöÇΓöÇΓöÇΓöÇΓöÇΓöÇΓöÇΓöÇΓöÇΓöÇΓöÇΓöÇΓöÇΓöÇΓöÇΓöÇΓöÇΓöÇΓöÇΓöÇΓöÇΓöÇΓöÇΓöÇΓöÇΓöÇ

    Error Context: test-results\api-checkout-API-Checkout--d70e1-o-validates-required-fields-chromium\error-context.md


[1A[2K[57/369] [chromium] ΓÇ║ e2e\auth.spec.ts:132:7 ΓÇ║ Authentication ΓÇ║ Login behavior: error message disappears on next login attempt
[1A[2K[58/369] [chromium] ΓÇ║ e2e\auth.spec.ts:94:7 ΓÇ║ Authentication ΓÇ║ User redirected to login when accessing protected page without session
[1A[2K[59/369] [chromium] ΓÇ║ e2e\cart.spec.ts:8:7 ΓÇ║ Shopping Cart ΓÇ║ Add and view single product in cart
[1A[2K[60/369] [chromium] ΓÇ║ e2e\cart.spec.ts:20:7 ΓÇ║ Shopping Cart ΓÇ║ Add same product twice to cart
[1A[2K[61/369] [chromium] ΓÇ║ e2e\cart.spec.ts:36:7 ΓÇ║ Shopping Cart ΓÇ║ Remove item from cart
[1A[2K[62/369] [chromium] ΓÇ║ e2e\auth.spec.ts:102:7 ΓÇ║ Authentication ΓÇ║ Login persistence: items in cart persist after logout/login
[1A[2K[63/369] [chromium] ΓÇ║ e2e\auth.spec.ts:123:7 ΓÇ║ Authentication ΓÇ║ Login: verify nav elements visible after successful login
[1A[2K[64/369] [chromium] ΓÇ║ e2e\cart.spec.ts:52:7 ΓÇ║ Shopping Cart ΓÇ║ Remove all items from cart one by one
[1A[2K[65/369] [chromium] ΓÇ║ e2e\cart.spec.ts:77:7 ΓÇ║ Shopping Cart ΓÇ║ Multiple products add/remove cart flow
[1A[2K[66/369] [chromium] ΓÇ║ e2e\cart.spec.ts:106:7 ΓÇ║ Shopping Cart ΓÇ║ Add and remove product via product page
[1A[2K[67/369] [chromium] ΓÇ║ e2e\cart.spec.ts:127:7 ΓÇ║ Shopping Cart ΓÇ║ Cart badge updates correctly with multiple operations
[1A[2K[68/369] [chromium] ΓÇ║ e2e\cart.spec.ts:150:7 ΓÇ║ Shopping Cart ΓÇ║ Continue shopping returns to products page
[1A[2K[69/369] [chromium] ΓÇ║ e2e\cart.spec.ts:165:7 ΓÇ║ Shopping Cart ΓÇ║ Cart maintains state when navigating between pages
[1A[2K[70/369] [chromium] ΓÇ║ e2e\cart.spec.ts:188:7 ΓÇ║ Shopping Cart ΓÇ║ Cart displays product prices correctly
[1A[2K[71/369] [chromium] ΓÇ║ e2e\cart.spec.ts:205:7 ΓÇ║ Shopping Cart ΓÇ║ Cart displays product names correctly
[1A[2K[72/369] [chromium] ΓÇ║ e2e\cart.spec.ts:222:7 ΓÇ║ Shopping Cart ΓÇ║ Cart page URL is correct
[1A[2K[73/369] [chromium] ΓÇ║ e2e\cart.spec.ts:232:7 ΓÇ║ Shopping Cart ΓÇ║ Add all available products to cart
[1A[2K[74/369] [chromium] ΓÇ║ e2e\checkout.spec.ts:9:7 ΓÇ║ Checkout ΓÇ║ Complete checkout flow: single product
[1A[2K  9) [chromium] ΓÇ║ api\products.spec.ts:177:7 ΓÇ║ API: Product Endpoints ΓÇ║ API: Product sort endpoint returns sorted results 

    [31mTest timeout of 30000ms exceeded.[39m

    Error: locator.selectOption: Test timeout of 30000ms exceeded.
    Call log:
    [2m  - waiting for locator('[data-test="productSort"]')[22m


       at pages\SauceProductsPage.ts:41

      39 |       'hilo': 'Price (high to low)',
      40 |     };
    > 41 |     await this.sortDropdown.selectOption(option);
         |                             ^
      42 |   }
      43 |
      44 |   async getCartCount() {
        at SauceProductsPage.sortBy (C:\Users\ABC\Desktop\local\playwright-cli-demo\pages\SauceProductsPage.ts:41:29)
        at C:\Users\ABC\Desktop\local\playwright-cli-demo\api\products.spec.ts:205:24

    attachment #1: screenshot (image/png) ΓöÇΓöÇΓöÇΓöÇΓöÇΓöÇΓöÇΓöÇΓöÇΓöÇΓöÇΓöÇΓöÇΓöÇΓöÇΓöÇΓöÇΓöÇΓöÇΓöÇΓöÇΓöÇΓöÇΓöÇΓöÇΓöÇΓöÇΓöÇΓöÇΓöÇΓöÇΓöÇΓöÇΓöÇΓöÇΓöÇΓöÇΓöÇΓöÇΓöÇΓöÇΓöÇΓöÇΓöÇΓöÇΓöÇΓöÇΓöÇΓöÇΓöÇΓöÇΓöÇΓöÇΓöÇΓöÇΓöÇΓöÇΓöÇ
    test-results\api-products-API-Product-E-c0b5d-oint-returns-sorted-results-chromium\test-failed-1.png
    ΓöÇΓöÇΓöÇΓöÇΓöÇΓöÇΓöÇΓöÇΓöÇΓöÇΓöÇΓöÇΓöÇΓöÇΓöÇΓöÇΓöÇΓöÇΓöÇΓöÇΓöÇΓöÇΓöÇΓöÇΓöÇΓöÇΓöÇΓöÇΓöÇΓöÇΓöÇΓöÇΓöÇΓöÇΓöÇΓöÇΓöÇΓöÇΓöÇΓöÇΓöÇΓöÇΓöÇΓöÇΓöÇΓöÇΓöÇΓöÇΓöÇΓöÇΓöÇΓöÇΓöÇΓöÇΓöÇΓöÇΓöÇΓöÇΓöÇΓöÇΓöÇΓöÇΓöÇΓöÇΓöÇΓöÇΓöÇΓöÇΓöÇΓöÇΓöÇΓöÇΓöÇΓöÇΓöÇΓöÇΓöÇΓöÇΓöÇΓöÇΓöÇΓöÇΓöÇΓöÇΓöÇΓöÇΓöÇΓöÇΓöÇΓöÇΓöÇΓöÇΓöÇΓöÇΓöÇΓöÇ

    Error Context: test-results\api-products-API-Product-E-c0b5d-oint-returns-sorted-results-chromium\error-context.md


[1A[2K[75/369] [chromium] ΓÇ║ e2e\checkout.spec.ts:53:7 ΓÇ║ Checkout ΓÇ║ Required field enforcement: first name missing
[1A[2K[76/369] [chromium] ΓÇ║ e2e\checkout.spec.ts:72:7 ΓÇ║ Checkout ΓÇ║ Required field enforcement: last name missing
[1A[2K[77/369] [chromium] ΓÇ║ e2e\checkout.spec.ts:29:7 ΓÇ║ Checkout ΓÇ║ Complete checkout flow: multiple products
[1A[2K  10) [chromium] ΓÇ║ e2e\auth.spec.ts:102:7 ΓÇ║ Authentication ΓÇ║ Login persistence: items in cart persist after logout/login 

    Error: [2mexpect([22m[31mpage[39m[2m).[22mtoHaveURL[2m([22m[32mexpected[39m[2m)[22m failed

    Expected pattern: [32m/index.html/[39m
    Received string:  [31m"https://www.saucedemo.com/"[39m
    Timeout: 5000ms

    Call log:
    [2m  - Expect "toHaveURL" with timeout 5000ms[22m
    [2m    9 ├ù unexpected value "https://www.saucedemo.com/"[22m


      109 |     // Logout
      110 |     await productsPage.logout();
    > 111 |     await expect(page).toHaveURL('https://www.saucedemo.com/');
          |                        ^
      112 |
      113 |     // Login again
      114 |     await homePage.login(STANDARD_USER, PASSWORD);
        at C:\Users\ABC\Desktop\local\playwright-cli-demo\e2e\auth.spec.ts:111:24

    attachment #1: screenshot (image/png) ΓöÇΓöÇΓöÇΓöÇΓöÇΓöÇΓöÇΓöÇΓöÇΓöÇΓöÇΓöÇΓöÇΓöÇΓöÇΓöÇΓöÇΓöÇΓöÇΓöÇΓöÇΓöÇΓöÇΓöÇΓöÇΓöÇΓöÇΓöÇΓöÇΓöÇΓöÇΓöÇΓöÇΓöÇΓöÇΓöÇΓöÇΓöÇΓöÇΓöÇΓöÇΓöÇΓöÇΓöÇΓöÇΓöÇΓöÇΓöÇΓöÇΓöÇΓöÇΓöÇΓöÇΓöÇΓöÇΓöÇΓöÇΓöÇ
    test-results\e2e-auth-Authentication-Lo-4491e--persist-after-logout-login-chromium\test-failed-1.png
    ΓöÇΓöÇΓöÇΓöÇΓöÇΓöÇΓöÇΓöÇΓöÇΓöÇΓöÇΓöÇΓöÇΓöÇΓöÇΓöÇΓöÇΓöÇΓöÇΓöÇΓöÇΓöÇΓöÇΓöÇΓöÇΓöÇΓöÇΓöÇΓöÇΓöÇΓöÇΓöÇΓöÇΓöÇΓöÇΓöÇΓöÇΓöÇΓöÇΓöÇΓöÇΓöÇΓöÇΓöÇΓöÇΓöÇΓöÇΓöÇΓöÇΓöÇΓöÇΓöÇΓöÇΓöÇΓöÇΓöÇΓöÇΓöÇΓöÇΓöÇΓöÇΓöÇΓöÇΓöÇΓöÇΓöÇΓöÇΓöÇΓöÇΓöÇΓöÇΓöÇΓöÇΓöÇΓöÇΓöÇΓöÇΓöÇΓöÇΓöÇΓöÇΓöÇΓöÇΓöÇΓöÇΓöÇΓöÇΓöÇΓöÇΓöÇΓöÇΓöÇΓöÇΓöÇΓöÇΓöÇ

    Error Context: test-results\e2e-auth-Authentication-Lo-4491e--persist-after-logout-login-chromium\error-context.md


[1A[2K[78/369] [chromium] ΓÇ║ e2e\checkout.spec.ts:108:7 ΓÇ║ Checkout ΓÇ║ Required field enforcement: all fields empty
[1A[2K  11) [chromium] ΓÇ║ e2e\api.products.spec.ts:177:7 ΓÇ║ API: Product Endpoints ΓÇ║ API: Product sort endpoint returns sorted results 

    [31mTest timeout of 30000ms exceeded.[39m

    Error: locator.selectOption: Test timeout of 30000ms exceeded.
    Call log:
    [2m  - waiting for locator('[data-test="productSort"]')[22m


       at pages\SauceProductsPage.ts:41

      39 |       'hilo': 'Price (high to low)',
      40 |     };
    > 41 |     await this.sortDropdown.selectOption(option);
         |                             ^
      42 |   }
      43 |
      44 |   async getCartCount() {
        at SauceProductsPage.sortBy (C:\Users\ABC\Desktop\local\playwright-cli-demo\pages\SauceProductsPage.ts:41:29)
        at C:\Users\ABC\Desktop\local\playwright-cli-demo\e2e\api.products.spec.ts:205:24

    attachment #1: screenshot (image/png) ΓöÇΓöÇΓöÇΓöÇΓöÇΓöÇΓöÇΓöÇΓöÇΓöÇΓöÇΓöÇΓöÇΓöÇΓöÇΓöÇΓöÇΓöÇΓöÇΓöÇΓöÇΓöÇΓöÇΓöÇΓöÇΓöÇΓöÇΓöÇΓöÇΓöÇΓöÇΓöÇΓöÇΓöÇΓöÇΓöÇΓöÇΓöÇΓöÇΓöÇΓöÇΓöÇΓöÇΓöÇΓöÇΓöÇΓöÇΓöÇΓöÇΓöÇΓöÇΓöÇΓöÇΓöÇΓöÇΓöÇΓöÇΓöÇ
    test-results\e2e-api.products-API-Produ-87f19-oint-returns-sorted-results-chromium\test-failed-1.png
    ΓöÇΓöÇΓöÇΓöÇΓöÇΓöÇΓöÇΓöÇΓöÇΓöÇΓöÇΓöÇΓöÇΓöÇΓöÇΓöÇΓöÇΓöÇΓöÇΓöÇΓöÇΓöÇΓöÇΓöÇΓöÇΓöÇΓöÇΓöÇΓöÇΓöÇΓöÇΓöÇΓöÇΓöÇΓöÇΓöÇΓöÇΓöÇΓöÇΓöÇΓöÇΓöÇΓöÇΓöÇΓöÇΓöÇΓöÇΓöÇΓöÇΓöÇΓöÇΓöÇΓöÇΓöÇΓöÇΓöÇΓöÇΓöÇΓöÇΓöÇΓöÇΓöÇΓöÇΓöÇΓöÇΓöÇΓöÇΓöÇΓöÇΓöÇΓöÇΓöÇΓöÇΓöÇΓöÇΓöÇΓöÇΓöÇΓöÇΓöÇΓöÇΓöÇΓöÇΓöÇΓöÇΓöÇΓöÇΓöÇΓöÇΓöÇΓöÇΓöÇΓöÇΓöÇΓöÇΓöÇ

    Error Context: test-results\e2e-api.products-API-Produ-87f19-oint-returns-sorted-results-chromium\error-context.md


[1A[2K[79/369] [chromium] ΓÇ║ e2e\checkout.spec.ts:138:7 ΓÇ║ Checkout ΓÇ║ Checkout with numeric postal code
[1A[2K[80/369] [chromium] ΓÇ║ e2e\checkout.spec.ts:152:7 ΓÇ║ Checkout ΓÇ║ Checkout page displays order overview
[1A[2K[81/369] [chromium] ΓÇ║ e2e\checkout.spec.ts:167:7 ΓÇ║ Checkout ΓÇ║ Checkout flow: problem user
[1A[2K[82/369] [chromium] ΓÇ║ e2e\checkout.spec.ts:90:7 ΓÇ║ Checkout ΓÇ║ Required field enforcement: postal code missing
[1A[2K[83/369] [chromium] ΓÇ║ e2e\checkout.spec.ts:124:7 ΓÇ║ Checkout ΓÇ║ Checkout with special characters in fields
[1A[2K[84/369] [chromium] ΓÇ║ e2e\checkout.spec.ts:182:7 ΓÇ║ Checkout ΓÇ║ Checkout: verify page transitions
[1A[2K[85/369] [chromium] ΓÇ║ e2e\checkout.spec.ts:209:7 ΓÇ║ Checkout ΓÇ║ Empty cart checkout validation
[1A[2K[86/369] [chromium] ΓÇ║ e2e\example.spec.ts:3:5 ΓÇ║ has title
[1A[2K[87/369] [chromium] ΓÇ║ e2e\example.spec.ts:10:5 ΓÇ║ get started link
[1A[2K[88/369] [chromium] ΓÇ║ e2e\integration.spec.ts:9:7 ΓÇ║ Integration: Complex User Workflows ΓÇ║ End-to-end: Browse ΓåÆ Sort ΓåÆ Add ΓåÆ Checkout ΓåÆ Complete
[1A[2K[89/369] [chromium] ΓÇ║ e2e\integration.spec.ts:44:7 ΓÇ║ Integration: Complex User Workflows ΓÇ║ Workflow: Add multiple products across different price points
[1A[2K  12) [chromium] ΓÇ║ e2e\checkout.spec.ts:152:7 ΓÇ║ Checkout ΓÇ║ Checkout page displays order overview ΓöÇΓöÇΓöÇ

    Error: [2mexpect([22m[31mlocator[39m[2m).[22mtoHaveCount[2m([22m[32mexpected[39m[2m)[22m failed

    Locator:  locator('.cart_item')
    Expected: [32m1[39m
    Received: [31m0[39m
    Timeout:  5000ms

    Call log:
    [2m  - Expect "toHaveCount" with timeout 5000ms[22m
    [2m  - waiting for locator('.cart_item')[22m
    [2m    9 ├ù locator resolved to 0 elements[22m
    [2m      - unexpected value "0"[22m


      161 |     // Verify product is shown in checkout
      162 |     const checkoutItems = page.locator('.cart_item');
    > 163 |     await expect(checkoutItems).toHaveCount(1);
          |                                 ^
      164 |     await checkoutItems.filter({ hasText: product }).first().waitFor({ state: 'visible' });
      165 |   });
      166 |
        at C:\Users\ABC\Desktop\local\playwright-cli-demo\e2e\checkout.spec.ts:163:33

    attachment #1: screenshot (image/png) ΓöÇΓöÇΓöÇΓöÇΓöÇΓöÇΓöÇΓöÇΓöÇΓöÇΓöÇΓöÇΓöÇΓöÇΓöÇΓöÇΓöÇΓöÇΓöÇΓöÇΓöÇΓöÇΓöÇΓöÇΓöÇΓöÇΓöÇΓöÇΓöÇΓöÇΓöÇΓöÇΓöÇΓöÇΓöÇΓöÇΓöÇΓöÇΓöÇΓöÇΓöÇΓöÇΓöÇΓöÇΓöÇΓöÇΓöÇΓöÇΓöÇΓöÇΓöÇΓöÇΓöÇΓöÇΓöÇΓöÇΓöÇΓöÇ
    test-results\e2e-checkout-Checkout-Checkout-page-displays-order-overview-chromium\test-failed-1.png
    ΓöÇΓöÇΓöÇΓöÇΓöÇΓöÇΓöÇΓöÇΓöÇΓöÇΓöÇΓöÇΓöÇΓöÇΓöÇΓöÇΓöÇΓöÇΓöÇΓöÇΓöÇΓöÇΓöÇΓöÇΓöÇΓöÇΓöÇΓöÇΓöÇΓöÇΓöÇΓöÇΓöÇΓöÇΓöÇΓöÇΓöÇΓöÇΓöÇΓöÇΓöÇΓöÇΓöÇΓöÇΓöÇΓöÇΓöÇΓöÇΓöÇΓöÇΓöÇΓöÇΓöÇΓöÇΓöÇΓöÇΓöÇΓöÇΓöÇΓöÇΓöÇΓöÇΓöÇΓöÇΓöÇΓöÇΓöÇΓöÇΓöÇΓöÇΓöÇΓöÇΓöÇΓöÇΓöÇΓöÇΓöÇΓöÇΓöÇΓöÇΓöÇΓöÇΓöÇΓöÇΓöÇΓöÇΓöÇΓöÇΓöÇΓöÇΓöÇΓöÇΓöÇΓöÇΓöÇΓöÇ

    Error Context: test-results\e2e-checkout-Checkout-Checkout-page-displays-order-overview-chromium\error-context.md


[1A[2K[90/369] [chromium] ΓÇ║ e2e\integration.spec.ts:80:7 ΓÇ║ Integration: Complex User Workflows ΓÇ║ Workflow: Browse all products, add selective items, review cart
[1A[2K  13) [chromium] ΓÇ║ e2e\cart.spec.ts:20:7 ΓÇ║ Shopping Cart ΓÇ║ Add same product twice to cart ΓöÇΓöÇΓöÇΓöÇΓöÇΓöÇΓöÇΓöÇΓöÇΓöÇ

    [31mTest timeout of 30000ms exceeded.[39m

    Error: locator.click: Test timeout of 30000ms exceeded.
    Call log:
    [2m  - waiting for locator('.inventory_item').filter({ hasText: 'Sauce Labs Backpack' }).getByRole('button', { name: 'Add to cart' })[22m


       at pages\SauceProductsPage.ts:22

      20 |   async addProductToCart(productName: string) {
      21 |     const productCard = this.page.locator('.inventory_item', { hasText: productName });
    > 22 |     await productCard.getByRole('button', { name: 'Add to cart' }).click();
         |                                                                    ^
      23 |   }
      24 |
      25 |   async removeProductFromCart(productName: string) {
        at SauceProductsPage.addProductToCart (C:\Users\ABC\Desktop\local\playwright-cli-demo\pages\SauceProductsPage.ts:22:68)
        at C:\Users\ABC\Desktop\local\playwright-cli-demo\e2e\cart.spec.ts:28:24

    attachment #1: screenshot (image/png) ΓöÇΓöÇΓöÇΓöÇΓöÇΓöÇΓöÇΓöÇΓöÇΓöÇΓöÇΓöÇΓöÇΓöÇΓöÇΓöÇΓöÇΓöÇΓöÇΓöÇΓöÇΓöÇΓöÇΓöÇΓöÇΓöÇΓöÇΓöÇΓöÇΓöÇΓöÇΓöÇΓöÇΓöÇΓöÇΓöÇΓöÇΓöÇΓöÇΓöÇΓöÇΓöÇΓöÇΓöÇΓöÇΓöÇΓöÇΓöÇΓöÇΓöÇΓöÇΓöÇΓöÇΓöÇΓöÇΓöÇΓöÇΓöÇ
    test-results\e2e-cart-Shopping-Cart-Add-same-product-twice-to-cart-chromium\test-failed-1.png
    ΓöÇΓöÇΓöÇΓöÇΓöÇΓöÇΓöÇΓöÇΓöÇΓöÇΓöÇΓöÇΓöÇΓöÇΓöÇΓöÇΓöÇΓöÇΓöÇΓöÇΓöÇΓöÇΓöÇΓöÇΓöÇΓöÇΓöÇΓöÇΓöÇΓöÇΓöÇΓöÇΓöÇΓöÇΓöÇΓöÇΓöÇΓöÇΓöÇΓöÇΓöÇΓöÇΓöÇΓöÇΓöÇΓöÇΓöÇΓöÇΓöÇΓöÇΓöÇΓöÇΓöÇΓöÇΓöÇΓöÇΓöÇΓöÇΓöÇΓöÇΓöÇΓöÇΓöÇΓöÇΓöÇΓöÇΓöÇΓöÇΓöÇΓöÇΓöÇΓöÇΓöÇΓöÇΓöÇΓöÇΓöÇΓöÇΓöÇΓöÇΓöÇΓöÇΓöÇΓöÇΓöÇΓöÇΓöÇΓöÇΓöÇΓöÇΓöÇΓöÇΓöÇΓöÇΓöÇΓöÇ

    Error Context: test-results\e2e-cart-Shopping-Cart-Add-same-product-twice-to-cart-chromium\error-context.md


[1A[2K[91/369] [chromium] ΓÇ║ e2e\integration.spec.ts:104:7 ΓÇ║ Integration: Complex User Workflows ΓÇ║ Workflow: Add ΓåÆ Remove ΓåÆ Add Again the same product
[1A[2K[92/369] [chromium] ΓÇ║ e2e\integration.spec.ts:130:7 ΓÇ║ Integration: Complex User Workflows ΓÇ║ Workflow: Sort changes, add item, sort again, verify item still in cart
[1A[2K  14) [chromium] ΓÇ║ e2e\cart.spec.ts:232:7 ΓÇ║ Shopping Cart ΓÇ║ Add all available products to cart ΓöÇΓöÇΓöÇΓöÇΓöÇ

    [31mTest timeout of 30000ms exceeded.[39m

    Error: locator.click: Test timeout of 30000ms exceeded.
    Call log:
    [2m  - waiting for locator('.inventory_item button:has-text("Add to cart")').nth(3)[22m


      242 |
      243 |     for (let i = 0; i < productsToAdd; i++) {
    > 244 |       await productButtons.nth(i).click();
          |                                   ^
      245 |     }
      246 |
      247 |     await expect(productsPage.cartBadge).toHaveText(productsToAdd.toString());
        at C:\Users\ABC\Desktop\local\playwright-cli-demo\e2e\cart.spec.ts:244:35

    attachment #1: screenshot (image/png) ΓöÇΓöÇΓöÇΓöÇΓöÇΓöÇΓöÇΓöÇΓöÇΓöÇΓöÇΓöÇΓöÇΓöÇΓöÇΓöÇΓöÇΓöÇΓöÇΓöÇΓöÇΓöÇΓöÇΓöÇΓöÇΓöÇΓöÇΓöÇΓöÇΓöÇΓöÇΓöÇΓöÇΓöÇΓöÇΓöÇΓöÇΓöÇΓöÇΓöÇΓöÇΓöÇΓöÇΓöÇΓöÇΓöÇΓöÇΓöÇΓöÇΓöÇΓöÇΓöÇΓöÇΓöÇΓöÇΓöÇΓöÇΓöÇ
    test-results\e2e-cart-Shopping-Cart-Add-all-available-products-to-cart-chromium\test-failed-1.png
    ΓöÇΓöÇΓöÇΓöÇΓöÇΓöÇΓöÇΓöÇΓöÇΓöÇΓöÇΓöÇΓöÇΓöÇΓöÇΓöÇΓöÇΓöÇΓöÇΓöÇΓöÇΓöÇΓöÇΓöÇΓöÇΓöÇΓöÇΓöÇΓöÇΓöÇΓöÇΓöÇΓöÇΓöÇΓöÇΓöÇΓöÇΓöÇΓöÇΓöÇΓöÇΓöÇΓöÇΓöÇΓöÇΓöÇΓöÇΓöÇΓöÇΓöÇΓöÇΓöÇΓöÇΓöÇΓöÇΓöÇΓöÇΓöÇΓöÇΓöÇΓöÇΓöÇΓöÇΓöÇΓöÇΓöÇΓöÇΓöÇΓöÇΓöÇΓöÇΓöÇΓöÇΓöÇΓöÇΓöÇΓöÇΓöÇΓöÇΓöÇΓöÇΓöÇΓöÇΓöÇΓöÇΓöÇΓöÇΓöÇΓöÇΓöÇΓöÇΓöÇΓöÇΓöÇΓöÇΓöÇ

    Error Context: test-results\e2e-cart-Shopping-Cart-Add-all-available-products-to-cart-chromium\error-context.md


[1A[2K[93/369] [chromium] ΓÇ║ e2e\integration.spec.ts:165:7 ΓÇ║ Integration: Complex User Workflows ΓÇ║ Workflow: Session timeout scenario - logout/login preserves cart
[1A[2K  15) [chromium] ΓÇ║ e2e\checkout.spec.ts:167:7 ΓÇ║ Checkout ΓÇ║ Checkout flow: problem user ΓöÇΓöÇΓöÇΓöÇΓöÇΓöÇΓöÇΓöÇΓöÇΓöÇΓöÇΓöÇΓöÇ

    [31mTest timeout of 30000ms exceeded.[39m

    Error: locator.click: Test timeout of 30000ms exceeded.
    Call log:
    [2m  - waiting for getByRole('button', { name: 'Finish' })[22m


       at pages\SauceCheckoutPage.ts:30

      28 |
      29 |   async finishCheckout() {
    > 30 |     await this.finishButton.click();
         |                             ^
      31 |     await this.completeMessage.waitFor({ state: 'visible' });
      32 |   }
      33 | }
        at SauceCheckoutPage.finishCheckout (C:\Users\ABC\Desktop\local\playwright-cli-demo\pages\SauceCheckoutPage.ts:30:29)
        at C:\Users\ABC\Desktop\local\playwright-cli-demo\e2e\checkout.spec.ts:177:24

    attachment #1: screenshot (image/png) ΓöÇΓöÇΓöÇΓöÇΓöÇΓöÇΓöÇΓöÇΓöÇΓöÇΓöÇΓöÇΓöÇΓöÇΓöÇΓöÇΓöÇΓöÇΓöÇΓöÇΓöÇΓöÇΓöÇΓöÇΓöÇΓöÇΓöÇΓöÇΓöÇΓöÇΓöÇΓöÇΓöÇΓöÇΓöÇΓöÇΓöÇΓöÇΓöÇΓöÇΓöÇΓöÇΓöÇΓöÇΓöÇΓöÇΓöÇΓöÇΓöÇΓöÇΓöÇΓöÇΓöÇΓöÇΓöÇΓöÇΓöÇΓöÇ
    test-results\e2e-checkout-Checkout-Checkout-flow-problem-user-chromium\test-failed-1.png
    ΓöÇΓöÇΓöÇΓöÇΓöÇΓöÇΓöÇΓöÇΓöÇΓöÇΓöÇΓöÇΓöÇΓöÇΓöÇΓöÇΓöÇΓöÇΓöÇΓöÇΓöÇΓöÇΓöÇΓöÇΓöÇΓöÇΓöÇΓöÇΓöÇΓöÇΓöÇΓöÇΓöÇΓöÇΓöÇΓöÇΓöÇΓöÇΓöÇΓöÇΓöÇΓöÇΓöÇΓöÇΓöÇΓöÇΓöÇΓöÇΓöÇΓöÇΓöÇΓöÇΓöÇΓöÇΓöÇΓöÇΓöÇΓöÇΓöÇΓöÇΓöÇΓöÇΓöÇΓöÇΓöÇΓöÇΓöÇΓöÇΓöÇΓöÇΓöÇΓöÇΓöÇΓöÇΓöÇΓöÇΓöÇΓöÇΓöÇΓöÇΓöÇΓöÇΓöÇΓöÇΓöÇΓöÇΓöÇΓöÇΓöÇΓöÇΓöÇΓöÇΓöÇΓöÇΓöÇΓöÇ

    Error Context: test-results\e2e-checkout-Checkout-Checkout-flow-problem-user-chromium\error-context.md


[1A[2K[94/369] [chromium] ΓÇ║ e2e\integration.spec.ts:189:7 ΓÇ║ Integration: Complex User Workflows ΓÇ║ Workflow: Multiple users different carts
[1A[2K  16) [chromium] ΓÇ║ e2e\integration.spec.ts:189:7 ΓÇ║ Integration: Complex User Workflows ΓÇ║ Workflow: Multiple users different carts 

    Error: [2mexpect([22m[31mreceived[39m[2m).[22mnot[2m.[22mtoBe[2m([22m[32mexpected[39m[2m) // Object.is equality[22m

    Expected: not [32m"1"[39m

      206 |     if (isVisible) {
      207 |       const count = await badge.textContent();
    > 208 |       expect(count).not.toBe('1');
          |                         ^
      209 |     }
      210 |
      211 |     // Add different item
        at C:\Users\ABC\Desktop\local\playwright-cli-demo\e2e\integration.spec.ts:208:25

    attachment #1: screenshot (image/png) ΓöÇΓöÇΓöÇΓöÇΓöÇΓöÇΓöÇΓöÇΓöÇΓöÇΓöÇΓöÇΓöÇΓöÇΓöÇΓöÇΓöÇΓöÇΓöÇΓöÇΓöÇΓöÇΓöÇΓöÇΓöÇΓöÇΓöÇΓöÇΓöÇΓöÇΓöÇΓöÇΓöÇΓöÇΓöÇΓöÇΓöÇΓöÇΓöÇΓöÇΓöÇΓöÇΓöÇΓöÇΓöÇΓöÇΓöÇΓöÇΓöÇΓöÇΓöÇΓöÇΓöÇΓöÇΓöÇΓöÇΓöÇΓöÇ
    test-results\e2e-integration-Integratio-45667-tiple-users-different-carts-chromium\test-failed-1.png
    ΓöÇΓöÇΓöÇΓöÇΓöÇΓöÇΓöÇΓöÇΓöÇΓöÇΓöÇΓöÇΓöÇΓöÇΓöÇΓöÇΓöÇΓöÇΓöÇΓöÇΓöÇΓöÇΓöÇΓöÇΓöÇΓöÇΓöÇΓöÇΓöÇΓöÇΓöÇΓöÇΓöÇΓöÇΓöÇΓöÇΓöÇΓöÇΓöÇΓöÇΓöÇΓöÇΓöÇΓöÇΓöÇΓöÇΓöÇΓöÇΓöÇΓöÇΓöÇΓöÇΓöÇΓöÇΓöÇΓöÇΓöÇΓöÇΓöÇΓöÇΓöÇΓöÇΓöÇΓöÇΓöÇΓöÇΓöÇΓöÇΓöÇΓöÇΓöÇΓöÇΓöÇΓöÇΓöÇΓöÇΓöÇΓöÇΓöÇΓöÇΓöÇΓöÇΓöÇΓöÇΓöÇΓöÇΓöÇΓöÇΓöÇΓöÇΓöÇΓöÇΓöÇΓöÇΓöÇΓöÇ

    Error Context: test-results\e2e-integration-Integratio-45667-tiple-users-different-carts-chromium\error-context.md


[1A[2K  17) [chromium] ΓÇ║ e2e\integration.spec.ts:165:7 ΓÇ║ Integration: Complex User Workflows ΓÇ║ Workflow: Session timeout scenario - logout/login preserves cart 

    Error: [2mexpect([22m[31mpage[39m[2m).[22mtoHaveURL[2m([22m[32mexpected[39m[2m)[22m failed

    Expected pattern: [32m/index.html/[39m
    Received string:  [31m"https://www.saucedemo.com/"[39m
    Timeout: 5000ms

    Call log:
    [2m  - Expect "toHaveURL" with timeout 5000ms[22m
    [2m    9 ├ù unexpected value "https://www.saucedemo.com/"[22m


      174 |     // Logout
      175 |     await productsPage.logout();
    > 176 |     await expect(page).toHaveURL('https://www.saucedemo.com/');
          |                        ^
      177 |
      178 |     // Login again with same user
      179 |     await homePage.login(STANDARD_USER, PASSWORD);
        at C:\Users\ABC\Desktop\local\playwright-cli-demo\e2e\integration.spec.ts:176:24

    attachment #1: screenshot (image/png) ΓöÇΓöÇΓöÇΓöÇΓöÇΓöÇΓöÇΓöÇΓöÇΓöÇΓöÇΓöÇΓöÇΓöÇΓöÇΓöÇΓöÇΓöÇΓöÇΓöÇΓöÇΓöÇΓöÇΓöÇΓöÇΓöÇΓöÇΓöÇΓöÇΓöÇΓöÇΓöÇΓöÇΓöÇΓöÇΓöÇΓöÇΓöÇΓöÇΓöÇΓöÇΓöÇΓöÇΓöÇΓöÇΓöÇΓöÇΓöÇΓöÇΓöÇΓöÇΓöÇΓöÇΓöÇΓöÇΓöÇΓöÇΓöÇ
    test-results\e2e-integration-Integratio-2e8f6-logout-login-preserves-cart-chromium\test-failed-1.png
    ΓöÇΓöÇΓöÇΓöÇΓöÇΓöÇΓöÇΓöÇΓöÇΓöÇΓöÇΓöÇΓöÇΓöÇΓöÇΓöÇΓöÇΓöÇΓöÇΓöÇΓöÇΓöÇΓöÇΓöÇΓöÇΓöÇΓöÇΓöÇΓöÇΓöÇΓöÇΓöÇΓöÇΓöÇΓöÇΓöÇΓöÇΓöÇΓöÇΓöÇΓöÇΓöÇΓöÇΓöÇΓöÇΓöÇΓöÇΓöÇΓöÇΓöÇΓöÇΓöÇΓöÇΓöÇΓöÇΓöÇΓöÇΓöÇΓöÇΓöÇΓöÇΓöÇΓöÇΓöÇΓöÇΓöÇΓöÇΓöÇΓöÇΓöÇΓöÇΓöÇΓöÇΓöÇΓöÇΓöÇΓöÇΓöÇΓöÇΓöÇΓöÇΓöÇΓöÇΓöÇΓöÇΓöÇΓöÇΓöÇΓöÇΓöÇΓöÇΓöÇΓöÇΓöÇΓöÇΓöÇ

    Error Context: test-results\e2e-integration-Integratio-2e8f6-logout-login-preserves-cart-chromium\error-context.md


[1A[2K  18) [chromium] ΓÇ║ e2e\integration.spec.ts:9:7 ΓÇ║ Integration: Complex User Workflows ΓÇ║ End-to-end: Browse ΓåÆ Sort ΓåÆ Add ΓåÆ Checkout ΓåÆ Complete 

    [31mTest timeout of 30000ms exceeded.[39m

    Error: locator.selectOption: Test timeout of 30000ms exceeded.
    Call log:
    [2m  - waiting for locator('[data-test="productSort"]')[22m


       at pages\SauceProductsPage.ts:41

      39 |       'hilo': 'Price (high to low)',
      40 |     };
    > 41 |     await this.sortDropdown.selectOption(option);
         |                             ^
      42 |   }
      43 |
      44 |   async getCartCount() {
        at SauceProductsPage.sortBy (C:\Users\ABC\Desktop\local\playwright-cli-demo\pages\SauceProductsPage.ts:41:29)
        at C:\Users\ABC\Desktop\local\playwright-cli-demo\e2e\integration.spec.ts:18:24

    attachment #1: screenshot (image/png) ΓöÇΓöÇΓöÇΓöÇΓöÇΓöÇΓöÇΓöÇΓöÇΓöÇΓöÇΓöÇΓöÇΓöÇΓöÇΓöÇΓöÇΓöÇΓöÇΓöÇΓöÇΓöÇΓöÇΓöÇΓöÇΓöÇΓöÇΓöÇΓöÇΓöÇΓöÇΓöÇΓöÇΓöÇΓöÇΓöÇΓöÇΓöÇΓöÇΓöÇΓöÇΓöÇΓöÇΓöÇΓöÇΓöÇΓöÇΓöÇΓöÇΓöÇΓöÇΓöÇΓöÇΓöÇΓöÇΓöÇΓöÇΓöÇ
    test-results\e2e-integration-Integratio-390f6-ΓåÆ-Add-ΓåÆ-Checkout-ΓåÆ-Complete-chromium\test-failed-1.png
    ΓöÇΓöÇΓöÇΓöÇΓöÇΓöÇΓöÇΓöÇΓöÇΓöÇΓöÇΓöÇΓöÇΓöÇΓöÇΓöÇΓöÇΓöÇΓöÇΓöÇΓöÇΓöÇΓöÇΓöÇΓöÇΓöÇΓöÇΓöÇΓöÇΓöÇΓöÇΓöÇΓöÇΓöÇΓöÇΓöÇΓöÇΓöÇΓöÇΓöÇΓöÇΓöÇΓöÇΓöÇΓöÇΓöÇΓöÇΓöÇΓöÇΓöÇΓöÇΓöÇΓöÇΓöÇΓöÇΓöÇΓöÇΓöÇΓöÇΓöÇΓöÇΓöÇΓöÇΓöÇΓöÇΓöÇΓöÇΓöÇΓöÇΓöÇΓöÇΓöÇΓöÇΓöÇΓöÇΓöÇΓöÇΓöÇΓöÇΓöÇΓöÇΓöÇΓöÇΓöÇΓöÇΓöÇΓöÇΓöÇΓöÇΓöÇΓöÇΓöÇΓöÇΓöÇΓöÇΓöÇ

    Error Context: test-results\e2e-integration-Integratio-390f6-ΓåÆ-Add-ΓåÆ-Checkout-ΓåÆ-Complete-chromium\error-context.md


[1A[2K  19) [chromium] ΓÇ║ e2e\integration.spec.ts:44:7 ΓÇ║ Integration: Complex User Workflows ΓÇ║ Workflow: Add multiple products across different price points 

    [31mTest timeout of 30000ms exceeded.[39m

    Error: locator.selectOption: Test timeout of 30000ms exceeded.
    Call log:
    [2m  - waiting for locator('[data-test="productSort"]')[22m


       at pages\SauceProductsPage.ts:41

      39 |       'hilo': 'Price (high to low)',
      40 |     };
    > 41 |     await this.sortDropdown.selectOption(option);
         |                             ^
      42 |   }
      43 |
      44 |   async getCartCount() {
        at SauceProductsPage.sortBy (C:\Users\ABC\Desktop\local\playwright-cli-demo\pages\SauceProductsPage.ts:41:29)
        at C:\Users\ABC\Desktop\local\playwright-cli-demo\e2e\integration.spec.ts:49:24

    attachment #1: screenshot (image/png) ΓöÇΓöÇΓöÇΓöÇΓöÇΓöÇΓöÇΓöÇΓöÇΓöÇΓöÇΓöÇΓöÇΓöÇΓöÇΓöÇΓöÇΓöÇΓöÇΓöÇΓöÇΓöÇΓöÇΓöÇΓöÇΓöÇΓöÇΓöÇΓöÇΓöÇΓöÇΓöÇΓöÇΓöÇΓöÇΓöÇΓöÇΓöÇΓöÇΓöÇΓöÇΓöÇΓöÇΓöÇΓöÇΓöÇΓöÇΓöÇΓöÇΓöÇΓöÇΓöÇΓöÇΓöÇΓöÇΓöÇΓöÇΓöÇ
    test-results\e2e-integration-Integratio-96fe3-ross-different-price-points-chromium\test-failed-1.png
    ΓöÇΓöÇΓöÇΓöÇΓöÇΓöÇΓöÇΓöÇΓöÇΓöÇΓöÇΓöÇΓöÇΓöÇΓöÇΓöÇΓöÇΓöÇΓöÇΓöÇΓöÇΓöÇΓöÇΓöÇΓöÇΓöÇΓöÇΓöÇΓöÇΓöÇΓöÇΓöÇΓöÇΓöÇΓöÇΓöÇΓöÇΓöÇΓöÇΓöÇΓöÇΓöÇΓöÇΓöÇΓöÇΓöÇΓöÇΓöÇΓöÇΓöÇΓöÇΓöÇΓöÇΓöÇΓöÇΓöÇΓöÇΓöÇΓöÇΓöÇΓöÇΓöÇΓöÇΓöÇΓöÇΓöÇΓöÇΓöÇΓöÇΓöÇΓöÇΓöÇΓöÇΓöÇΓöÇΓöÇΓöÇΓöÇΓöÇΓöÇΓöÇΓöÇΓöÇΓöÇΓöÇΓöÇΓöÇΓöÇΓöÇΓöÇΓöÇΓöÇΓöÇΓöÇΓöÇΓöÇ

    Error Context: test-results\e2e-integration-Integratio-96fe3-ross-different-price-points-chromium\error-context.md


[1A[2K[95/369] [chromium] ΓÇ║ e2e\integration.spec.ts:224:7 ΓÇ║ Integration: Complex User Workflows ΓÇ║ Workflow: Full shopping experience with multiple operations
[1A[2K[96/369] [chromium] ΓÇ║ e2e\integration.spec.ts:270:7 ΓÇ║ Integration: Complex User Workflows ΓÇ║ Workflow: Price verification across product sorting
[1A[2K[97/369] [chromium] ΓÇ║ e2e\integration.spec.ts:302:7 ΓÇ║ Integration: Complex User Workflows ΓÇ║ Workflow: Checkout validation with incomplete info then completion
[1A[2K[98/369] [chromium] ΓÇ║ e2e\products.spec.ts:8:7 ΓÇ║ Product Browsing ΓÇ║ Products page loads with title
[1A[2K  20) [chromium] ΓÇ║ e2e\integration.spec.ts:80:7 ΓÇ║ Integration: Complex User Workflows ΓÇ║ Workflow: Browse all products, add selective items, review cart 

    [31mTest timeout of 30000ms exceeded.[39m

    Error: locator.click: Test timeout of 30000ms exceeded.
    Call log:
    [2m  - waiting for locator('.inventory_item button:has-text("Add to cart")').nth(4)[22m


      89 |     const addButtons = page.locator('.inventory_item button:has-text("Add to cart")');
      90 |     for (let i = 0; i < itemCount; i += 2) {
    > 91 |       await addButtons.nth(i).click();
         |                               ^
      92 |       await page.waitForTimeout(100);
      93 |     }
      94 |
        at C:\Users\ABC\Desktop\local\playwright-cli-demo\e2e\integration.spec.ts:91:31

    attachment #1: screenshot (image/png) ΓöÇΓöÇΓöÇΓöÇΓöÇΓöÇΓöÇΓöÇΓöÇΓöÇΓöÇΓöÇΓöÇΓöÇΓöÇΓöÇΓöÇΓöÇΓöÇΓöÇΓöÇΓöÇΓöÇΓöÇΓöÇΓöÇΓöÇΓöÇΓöÇΓöÇΓöÇΓöÇΓöÇΓöÇΓöÇΓöÇΓöÇΓöÇΓöÇΓöÇΓöÇΓöÇΓöÇΓöÇΓöÇΓöÇΓöÇΓöÇΓöÇΓöÇΓöÇΓöÇΓöÇΓöÇΓöÇΓöÇΓöÇΓöÇ
    test-results\e2e-integration-Integratio-38603-selective-items-review-cart-chromium\test-failed-1.png
    ΓöÇΓöÇΓöÇΓöÇΓöÇΓöÇΓöÇΓöÇΓöÇΓöÇΓöÇΓöÇΓöÇΓöÇΓöÇΓöÇΓöÇΓöÇΓöÇΓöÇΓöÇΓöÇΓöÇΓöÇΓöÇΓöÇΓöÇΓöÇΓöÇΓöÇΓöÇΓöÇΓöÇΓöÇΓöÇΓöÇΓöÇΓöÇΓöÇΓöÇΓöÇΓöÇΓöÇΓöÇΓöÇΓöÇΓöÇΓöÇΓöÇΓöÇΓöÇΓöÇΓöÇΓöÇΓöÇΓöÇΓöÇΓöÇΓöÇΓöÇΓöÇΓöÇΓöÇΓöÇΓöÇΓöÇΓöÇΓöÇΓöÇΓöÇΓöÇΓöÇΓöÇΓöÇΓöÇΓöÇΓöÇΓöÇΓöÇΓöÇΓöÇΓöÇΓöÇΓöÇΓöÇΓöÇΓöÇΓöÇΓöÇΓöÇΓöÇΓöÇΓöÇΓöÇΓöÇΓöÇ

    Error Context: test-results\e2e-integration-Integratio-38603-selective-items-review-cart-chromium\error-context.md


[1A[2K[99/369] [chromium] ΓÇ║ e2e\products.spec.ts:25:7 ΓÇ║ Product Browsing ΓÇ║ Each product displays required information
[1A[2K[100/369] [chromium] ΓÇ║ e2e\products.spec.ts:37:7 ΓÇ║ Product Browsing ΓÇ║ Sort products by name A to Z
[1A[2K[101/369] [chromium] ΓÇ║ e2e\products.spec.ts:54:7 ΓÇ║ Product Browsing ΓÇ║ Sort products by name Z to A
[1A[2K[102/369] [chromium] ΓÇ║ e2e\products.spec.ts:16:7 ΓÇ║ Product Browsing ΓÇ║ Products page displays multiple products
[1A[2K[103/369] [chromium] ΓÇ║ e2e\products.spec.ts:71:7 ΓÇ║ Product Browsing ΓÇ║ Sort products by price low to high
[1A[2K  21) [chromium] ΓÇ║ e2e\integration.spec.ts:130:7 ΓÇ║ Integration: Complex User Workflows ΓÇ║ Workflow: Sort changes, add item, sort again, verify item still in cart 

    [31mTest timeout of 30000ms exceeded.[39m

    Error: locator.selectOption: Test timeout of 30000ms exceeded.
    Call log:
    [2m  - waiting for locator('[data-test="productSort"]')[22m


       at pages\SauceProductsPage.ts:41

      39 |       'hilo': 'Price (high to low)',
      40 |     };
    > 41 |     await this.sortDropdown.selectOption(option);
         |                             ^
      42 |   }
      43 |
      44 |   async getCartCount() {
        at SauceProductsPage.sortBy (C:\Users\ABC\Desktop\local\playwright-cli-demo\pages\SauceProductsPage.ts:41:29)
        at C:\Users\ABC\Desktop\local\playwright-cli-demo\e2e\integration.spec.ts:135:24

    attachment #1: screenshot (image/png) ΓöÇΓöÇΓöÇΓöÇΓöÇΓöÇΓöÇΓöÇΓöÇΓöÇΓöÇΓöÇΓöÇΓöÇΓöÇΓöÇΓöÇΓöÇΓöÇΓöÇΓöÇΓöÇΓöÇΓöÇΓöÇΓöÇΓöÇΓöÇΓöÇΓöÇΓöÇΓöÇΓöÇΓöÇΓöÇΓöÇΓöÇΓöÇΓöÇΓöÇΓöÇΓöÇΓöÇΓöÇΓöÇΓöÇΓöÇΓöÇΓöÇΓöÇΓöÇΓöÇΓöÇΓöÇΓöÇΓöÇΓöÇΓöÇ
    test-results\e2e-integration-Integratio-fdb43-n-verify-item-still-in-cart-chromium\test-failed-1.png
    ΓöÇΓöÇΓöÇΓöÇΓöÇΓöÇΓöÇΓöÇΓöÇΓöÇΓöÇΓöÇΓöÇΓöÇΓöÇΓöÇΓöÇΓöÇΓöÇΓöÇΓöÇΓöÇΓöÇΓöÇΓöÇΓöÇΓöÇΓöÇΓöÇΓöÇΓöÇΓöÇΓöÇΓöÇΓöÇΓöÇΓöÇΓöÇΓöÇΓöÇΓöÇΓöÇΓöÇΓöÇΓöÇΓöÇΓöÇΓöÇΓöÇΓöÇΓöÇΓöÇΓöÇΓöÇΓöÇΓöÇΓöÇΓöÇΓöÇΓöÇΓöÇΓöÇΓöÇΓöÇΓöÇΓöÇΓöÇΓöÇΓöÇΓöÇΓöÇΓöÇΓöÇΓöÇΓöÇΓöÇΓöÇΓöÇΓöÇΓöÇΓöÇΓöÇΓöÇΓöÇΓöÇΓöÇΓöÇΓöÇΓöÇΓöÇΓöÇΓöÇΓöÇΓöÇΓöÇΓöÇ

    Error Context: test-results\e2e-integration-Integratio-fdb43-n-verify-item-still-in-cart-chromium\error-context.md


[1A[2K[104/369] [chromium] ΓÇ║ e2e\products.spec.ts:86:7 ΓÇ║ Product Browsing ΓÇ║ Sort products by price high to low
[1A[2K  22) [chromium] ΓÇ║ e2e\integration.spec.ts:224:7 ΓÇ║ Integration: Complex User Workflows ΓÇ║ Workflow: Full shopping experience with multiple operations 

    [31mTest timeout of 30000ms exceeded.[39m

    Error: locator.selectOption: Test timeout of 30000ms exceeded.
    Call log:
    [2m  - waiting for locator('[data-test="productSort"]')[22m


       at pages\SauceProductsPage.ts:41

      39 |       'hilo': 'Price (high to low)',
      40 |     };
    > 41 |     await this.sortDropdown.selectOption(option);
         |                             ^
      42 |   }
      43 |
      44 |   async getCartCount() {
        at SauceProductsPage.sortBy (C:\Users\ABC\Desktop\local\playwright-cli-demo\pages\SauceProductsPage.ts:41:29)
        at C:\Users\ABC\Desktop\local\playwright-cli-demo\e2e\integration.spec.ts:230:24

    attachment #1: screenshot (image/png) ΓöÇΓöÇΓöÇΓöÇΓöÇΓöÇΓöÇΓöÇΓöÇΓöÇΓöÇΓöÇΓöÇΓöÇΓöÇΓöÇΓöÇΓöÇΓöÇΓöÇΓöÇΓöÇΓöÇΓöÇΓöÇΓöÇΓöÇΓöÇΓöÇΓöÇΓöÇΓöÇΓöÇΓöÇΓöÇΓöÇΓöÇΓöÇΓöÇΓöÇΓöÇΓöÇΓöÇΓöÇΓöÇΓöÇΓöÇΓöÇΓöÇΓöÇΓöÇΓöÇΓöÇΓöÇΓöÇΓöÇΓöÇΓöÇ
    test-results\e2e-integration-Integratio-dae60-ce-with-multiple-operations-chromium\test-failed-1.png
    ΓöÇΓöÇΓöÇΓöÇΓöÇΓöÇΓöÇΓöÇΓöÇΓöÇΓöÇΓöÇΓöÇΓöÇΓöÇΓöÇΓöÇΓöÇΓöÇΓöÇΓöÇΓöÇΓöÇΓöÇΓöÇΓöÇΓöÇΓöÇΓöÇΓöÇΓöÇΓöÇΓöÇΓöÇΓöÇΓöÇΓöÇΓöÇΓöÇΓöÇΓöÇΓöÇΓöÇΓöÇΓöÇΓöÇΓöÇΓöÇΓöÇΓöÇΓöÇΓöÇΓöÇΓöÇΓöÇΓöÇΓöÇΓöÇΓöÇΓöÇΓöÇΓöÇΓöÇΓöÇΓöÇΓöÇΓöÇΓöÇΓöÇΓöÇΓöÇΓöÇΓöÇΓöÇΓöÇΓöÇΓöÇΓöÇΓöÇΓöÇΓöÇΓöÇΓöÇΓöÇΓöÇΓöÇΓöÇΓöÇΓöÇΓöÇΓöÇΓöÇΓöÇΓöÇΓöÇΓöÇ

    Error Context: test-results\e2e-integration-Integratio-dae60-ce-with-multiple-operations-chromium\error-context.md


[1A[2K  23) [chromium] ΓÇ║ e2e\integration.spec.ts:270:7 ΓÇ║ Integration: Complex User Workflows ΓÇ║ Workflow: Price verification across product sorting 

    [31mTest timeout of 30000ms exceeded.[39m

    Error: locator.selectOption: Test timeout of 30000ms exceeded.
    Call log:
    [2m  - waiting for locator('[data-test="productSort"]')[22m


       at pages\SauceProductsPage.ts:41

      39 |       'hilo': 'Price (high to low)',
      40 |     };
    > 41 |     await this.sortDropdown.selectOption(option);
         |                             ^
      42 |   }
      43 |
      44 |   async getCartCount() {
        at SauceProductsPage.sortBy (C:\Users\ABC\Desktop\local\playwright-cli-demo\pages\SauceProductsPage.ts:41:29)
        at C:\Users\ABC\Desktop\local\playwright-cli-demo\e2e\integration.spec.ts:278:24

    attachment #1: screenshot (image/png) ΓöÇΓöÇΓöÇΓöÇΓöÇΓöÇΓöÇΓöÇΓöÇΓöÇΓöÇΓöÇΓöÇΓöÇΓöÇΓöÇΓöÇΓöÇΓöÇΓöÇΓöÇΓöÇΓöÇΓöÇΓöÇΓöÇΓöÇΓöÇΓöÇΓöÇΓöÇΓöÇΓöÇΓöÇΓöÇΓöÇΓöÇΓöÇΓöÇΓöÇΓöÇΓöÇΓöÇΓöÇΓöÇΓöÇΓöÇΓöÇΓöÇΓöÇΓöÇΓöÇΓöÇΓöÇΓöÇΓöÇΓöÇΓöÇ
    test-results\e2e-integration-Integratio-b6f18-tion-across-product-sorting-chromium\test-failed-1.png
    ΓöÇΓöÇΓöÇΓöÇΓöÇΓöÇΓöÇΓöÇΓöÇΓöÇΓöÇΓöÇΓöÇΓöÇΓöÇΓöÇΓöÇΓöÇΓöÇΓöÇΓöÇΓöÇΓöÇΓöÇΓöÇΓöÇΓöÇΓöÇΓöÇΓöÇΓöÇΓöÇΓöÇΓöÇΓöÇΓöÇΓöÇΓöÇΓöÇΓöÇΓöÇΓöÇΓöÇΓöÇΓöÇΓöÇΓöÇΓöÇΓöÇΓöÇΓöÇΓöÇΓöÇΓöÇΓöÇΓöÇΓöÇΓöÇΓöÇΓöÇΓöÇΓöÇΓöÇΓöÇΓöÇΓöÇΓöÇΓöÇΓöÇΓöÇΓöÇΓöÇΓöÇΓöÇΓöÇΓöÇΓöÇΓöÇΓöÇΓöÇΓöÇΓöÇΓöÇΓöÇΓöÇΓöÇΓöÇΓöÇΓöÇΓöÇΓöÇΓöÇΓöÇΓöÇΓöÇΓöÇ

    Error Context: test-results\e2e-integration-Integratio-b6f18-tion-across-product-sorting-chromium\error-context.md


[1A[2K[105/369] [chromium] ΓÇ║ e2e\products.spec.ts:101:7 ΓÇ║ Product Browsing ΓÇ║ Verify all product prices are in correct format
[1A[2K[106/369] [chromium] ΓÇ║ e2e\products.spec.ts:113:7 ΓÇ║ Product Browsing ΓÇ║ Sort dropdown is functional
[1A[2K  24) [chromium] ΓÇ║ e2e\products.spec.ts:37:7 ΓÇ║ Product Browsing ΓÇ║ Sort products by name A to Z ΓöÇΓöÇΓöÇΓöÇΓöÇ

    [31mTest timeout of 30000ms exceeded.[39m

    Error: locator.selectOption: Test timeout of 30000ms exceeded.
    Call log:
    [2m  - waiting for locator('[data-test="productSort"]')[22m


       at pages\SauceProductsPage.ts:41

      39 |       'hilo': 'Price (high to low)',
      40 |     };
    > 41 |     await this.sortDropdown.selectOption(option);
         |                             ^
      42 |   }
      43 |
      44 |   async getCartCount() {
        at SauceProductsPage.sortBy (C:\Users\ABC\Desktop\local\playwright-cli-demo\pages\SauceProductsPage.ts:41:29)
        at C:\Users\ABC\Desktop\local\playwright-cli-demo\e2e\products.spec.ts:41:24

    attachment #1: screenshot (image/png) ΓöÇΓöÇΓöÇΓöÇΓöÇΓöÇΓöÇΓöÇΓöÇΓöÇΓöÇΓöÇΓöÇΓöÇΓöÇΓöÇΓöÇΓöÇΓöÇΓöÇΓöÇΓöÇΓöÇΓöÇΓöÇΓöÇΓöÇΓöÇΓöÇΓöÇΓöÇΓöÇΓöÇΓöÇΓöÇΓöÇΓöÇΓöÇΓöÇΓöÇΓöÇΓöÇΓöÇΓöÇΓöÇΓöÇΓöÇΓöÇΓöÇΓöÇΓöÇΓöÇΓöÇΓöÇΓöÇΓöÇΓöÇΓöÇ
    test-results\e2e-products-Product-Browsing-Sort-products-by-name-A-to-Z-chromium\test-failed-1.png
    ΓöÇΓöÇΓöÇΓöÇΓöÇΓöÇΓöÇΓöÇΓöÇΓöÇΓöÇΓöÇΓöÇΓöÇΓöÇΓöÇΓöÇΓöÇΓöÇΓöÇΓöÇΓöÇΓöÇΓöÇΓöÇΓöÇΓöÇΓöÇΓöÇΓöÇΓöÇΓöÇΓöÇΓöÇΓöÇΓöÇΓöÇΓöÇΓöÇΓöÇΓöÇΓöÇΓöÇΓöÇΓöÇΓöÇΓöÇΓöÇΓöÇΓöÇΓöÇΓöÇΓöÇΓöÇΓöÇΓöÇΓöÇΓöÇΓöÇΓöÇΓöÇΓöÇΓöÇΓöÇΓöÇΓöÇΓöÇΓöÇΓöÇΓöÇΓöÇΓöÇΓöÇΓöÇΓöÇΓöÇΓöÇΓöÇΓöÇΓöÇΓöÇΓöÇΓöÇΓöÇΓöÇΓöÇΓöÇΓöÇΓöÇΓöÇΓöÇΓöÇΓöÇΓöÇΓöÇΓöÇ

    Error Context: test-results\e2e-products-Product-Browsing-Sort-products-by-name-A-to-Z-chromium\error-context.md


[1A[2K[107/369] [chromium] ΓÇ║ e2e\products.spec.ts:151:7 ΓÇ║ Product Browsing ΓÇ║ Cart interaction does not affect sort order
[1A[2K  25) [chromium] ΓÇ║ e2e\products.spec.ts:54:7 ΓÇ║ Product Browsing ΓÇ║ Sort products by name Z to A ΓöÇΓöÇΓöÇΓöÇΓöÇ

    [31mTest timeout of 30000ms exceeded.[39m

    Error: locator.selectOption: Test timeout of 30000ms exceeded.
    Call log:
    [2m  - waiting for locator('[data-test="productSort"]')[22m


       at pages\SauceProductsPage.ts:41

      39 |       'hilo': 'Price (high to low)',
      40 |     };
    > 41 |     await this.sortDropdown.selectOption(option);
         |                             ^
      42 |   }
      43 |
      44 |   async getCartCount() {
        at SauceProductsPage.sortBy (C:\Users\ABC\Desktop\local\playwright-cli-demo\pages\SauceProductsPage.ts:41:29)
        at C:\Users\ABC\Desktop\local\playwright-cli-demo\e2e\products.spec.ts:58:24

    attachment #1: screenshot (image/png) ΓöÇΓöÇΓöÇΓöÇΓöÇΓöÇΓöÇΓöÇΓöÇΓöÇΓöÇΓöÇΓöÇΓöÇΓöÇΓöÇΓöÇΓöÇΓöÇΓöÇΓöÇΓöÇΓöÇΓöÇΓöÇΓöÇΓöÇΓöÇΓöÇΓöÇΓöÇΓöÇΓöÇΓöÇΓöÇΓöÇΓöÇΓöÇΓöÇΓöÇΓöÇΓöÇΓöÇΓöÇΓöÇΓöÇΓöÇΓöÇΓöÇΓöÇΓöÇΓöÇΓöÇΓöÇΓöÇΓöÇΓöÇΓöÇ
    test-results\e2e-products-Product-Browsing-Sort-products-by-name-Z-to-A-chromium\test-failed-1.png
    ΓöÇΓöÇΓöÇΓöÇΓöÇΓöÇΓöÇΓöÇΓöÇΓöÇΓöÇΓöÇΓöÇΓöÇΓöÇΓöÇΓöÇΓöÇΓöÇΓöÇΓöÇΓöÇΓöÇΓöÇΓöÇΓöÇΓöÇΓöÇΓöÇΓöÇΓöÇΓöÇΓöÇΓöÇΓöÇΓöÇΓöÇΓöÇΓöÇΓöÇΓöÇΓöÇΓöÇΓöÇΓöÇΓöÇΓöÇΓöÇΓöÇΓöÇΓöÇΓöÇΓöÇΓöÇΓöÇΓöÇΓöÇΓöÇΓöÇΓöÇΓöÇΓöÇΓöÇΓöÇΓöÇΓöÇΓöÇΓöÇΓöÇΓöÇΓöÇΓöÇΓöÇΓöÇΓöÇΓöÇΓöÇΓöÇΓöÇΓöÇΓöÇΓöÇΓöÇΓöÇΓöÇΓöÇΓöÇΓöÇΓöÇΓöÇΓöÇΓöÇΓöÇΓöÇΓöÇΓöÇ

    Error Context: test-results\e2e-products-Product-Browsing-Sort-products-by-name-Z-to-A-chromium\error-context.md


[1A[2K[108/369] [chromium] ΓÇ║ e2e\products.spec.ts:135:7 ΓÇ║ Product Browsing ΓÇ║ Product sorting persists with pagination
[1A[2K[109/369] [chromium] ΓÇ║ e2e\products.spec.ts:173:7 ΓÇ║ Product Browsing ΓÇ║ Add to cart button is available for all products
[1A[2K  26) [chromium] ΓÇ║ e2e\products.spec.ts:71:7 ΓÇ║ Product Browsing ΓÇ║ Sort products by price low to high 

    [31mTest timeout of 30000ms exceeded.[39m

    Error: locator.selectOption: Test timeout of 30000ms exceeded.
    Call log:
    [2m  - waiting for locator('[data-test="productSort"]')[22m


       at pages\SauceProductsPage.ts:41

      39 |       'hilo': 'Price (high to low)',
      40 |     };
    > 41 |     await this.sortDropdown.selectOption(option);
         |                             ^
      42 |   }
      43 |
      44 |   async getCartCount() {
        at SauceProductsPage.sortBy (C:\Users\ABC\Desktop\local\playwright-cli-demo\pages\SauceProductsPage.ts:41:29)
        at C:\Users\ABC\Desktop\local\playwright-cli-demo\e2e\products.spec.ts:75:24

    attachment #1: screenshot (image/png) ΓöÇΓöÇΓöÇΓöÇΓöÇΓöÇΓöÇΓöÇΓöÇΓöÇΓöÇΓöÇΓöÇΓöÇΓöÇΓöÇΓöÇΓöÇΓöÇΓöÇΓöÇΓöÇΓöÇΓöÇΓöÇΓöÇΓöÇΓöÇΓöÇΓöÇΓöÇΓöÇΓöÇΓöÇΓöÇΓöÇΓöÇΓöÇΓöÇΓöÇΓöÇΓöÇΓöÇΓöÇΓöÇΓöÇΓöÇΓöÇΓöÇΓöÇΓöÇΓöÇΓöÇΓöÇΓöÇΓöÇΓöÇΓöÇ
    test-results\e2e-products-Product-Brows-69e26-oducts-by-price-low-to-high-chromium\test-failed-1.png
    ΓöÇΓöÇΓöÇΓöÇΓöÇΓöÇΓöÇΓöÇΓöÇΓöÇΓöÇΓöÇΓöÇΓöÇΓöÇΓöÇΓöÇΓöÇΓöÇΓöÇΓöÇΓöÇΓöÇΓöÇΓöÇΓöÇΓöÇΓöÇΓöÇΓöÇΓöÇΓöÇΓöÇΓöÇΓöÇΓöÇΓöÇΓöÇΓöÇΓöÇΓöÇΓöÇΓöÇΓöÇΓöÇΓöÇΓöÇΓöÇΓöÇΓöÇΓöÇΓöÇΓöÇΓöÇΓöÇΓöÇΓöÇΓöÇΓöÇΓöÇΓöÇΓöÇΓöÇΓöÇΓöÇΓöÇΓöÇΓöÇΓöÇΓöÇΓöÇΓöÇΓöÇΓöÇΓöÇΓöÇΓöÇΓöÇΓöÇΓöÇΓöÇΓöÇΓöÇΓöÇΓöÇΓöÇΓöÇΓöÇΓöÇΓöÇΓöÇΓöÇΓöÇΓöÇΓöÇΓöÇ

    Error Context: test-results\e2e-products-Product-Brows-69e26-oducts-by-price-low-to-high-chromium\error-context.md


[1A[2K[110/369] [chromium] ΓÇ║ e2e\products.spec.ts:197:7 ΓÇ║ Product Browsing ΓÇ║ Product descriptions are visible
[1A[2K[111/369] [chromium] ΓÇ║ e2e\products.spec.ts:208:7 ΓÇ║ Product Browsing ΓÇ║ Change sort multiple times in one session
[1A[2K[112/369] [chromium] ΓÇ║ e2e\products.spec.ts:184:7 ΓÇ║ Product Browsing ΓÇ║ Product prices are visible and readable
[1A[2K[113/369] [chromium] ΓÇ║ e2e\products.spec.ts:234:7 ΓÇ║ Product Browsing ΓÇ║ Verify specific product availability
[1A[2K[114/369] [chromium] ΓÇ║ e2e\products.spec.ts:251:7 ΓÇ║ Product Browsing ΓÇ║ Default sort order on page load
[1A[2K[115/369] [chromium] ΓÇ║ e2e\saucedemo.spec.ts:8:7 ΓÇ║ SauceDemo critical flows (POM) ΓÇ║ Login negative: invalid credentials
[1A[2K[116/369] [chromium] ΓÇ║ e2e\saucedemo.spec.ts:14:7 ΓÇ║ SauceDemo critical flows (POM) ΓÇ║ Login positive + add product to cart + checkout
[1A[2K[117/369] [chromium] ΓÇ║ e2e\saucedemo.spec.ts:33:7 ΓÇ║ SauceDemo critical flows (POM) ΓÇ║ Required field enforcement at checkout
[1A[2K[118/369] [chromium] ΓÇ║ e2e\saucedemo.spec.ts:46:7 ΓÇ║ SauceDemo critical flows (POM) ΓÇ║ Remove item from cart
[1A[2K[119/369] [chromium] ΓÇ║ e2e\saucedemo.spec.ts:62:7 ΓÇ║ SauceDemo critical flows (POM) ΓÇ║ Sort products by price (low to high)
[1A[2K  27) [chromium] ΓÇ║ e2e\products.spec.ts:86:7 ΓÇ║ Product Browsing ΓÇ║ Sort products by price high to low 

    [31mTest timeout of 30000ms exceeded.[39m

    Error: locator.selectOption: Test timeout of 30000ms exceeded.
    Call log:
    [2m  - waiting for locator('[data-test="productSort"]')[22m


       at pages\SauceProductsPage.ts:41

      39 |       'hilo': 'Price (high to low)',
      40 |     };
    > 41 |     await this.sortDropdown.selectOption(option);
         |                             ^
      42 |   }
      43 |
      44 |   async getCartCount() {
        at SauceProductsPage.sortBy (C:\Users\ABC\Desktop\local\playwright-cli-demo\pages\SauceProductsPage.ts:41:29)
        at C:\Users\ABC\Desktop\local\playwright-cli-demo\e2e\products.spec.ts:90:24

    attachment #1: screenshot (image/png) ΓöÇΓöÇΓöÇΓöÇΓöÇΓöÇΓöÇΓöÇΓöÇΓöÇΓöÇΓöÇΓöÇΓöÇΓöÇΓöÇΓöÇΓöÇΓöÇΓöÇΓöÇΓöÇΓöÇΓöÇΓöÇΓöÇΓöÇΓöÇΓöÇΓöÇΓöÇΓöÇΓöÇΓöÇΓöÇΓöÇΓöÇΓöÇΓöÇΓöÇΓöÇΓöÇΓöÇΓöÇΓöÇΓöÇΓöÇΓöÇΓöÇΓöÇΓöÇΓöÇΓöÇΓöÇΓöÇΓöÇΓöÇΓöÇ
    test-results\e2e-products-Product-Brows-13988-oducts-by-price-high-to-low-chromium\test-failed-1.png
    ΓöÇΓöÇΓöÇΓöÇΓöÇΓöÇΓöÇΓöÇΓöÇΓöÇΓöÇΓöÇΓöÇΓöÇΓöÇΓöÇΓöÇΓöÇΓöÇΓöÇΓöÇΓöÇΓöÇΓöÇΓöÇΓöÇΓöÇΓöÇΓöÇΓöÇΓöÇΓöÇΓöÇΓöÇΓöÇΓöÇΓöÇΓöÇΓöÇΓöÇΓöÇΓöÇΓöÇΓöÇΓöÇΓöÇΓöÇΓöÇΓöÇΓöÇΓöÇΓöÇΓöÇΓöÇΓöÇΓöÇΓöÇΓöÇΓöÇΓöÇΓöÇΓöÇΓöÇΓöÇΓöÇΓöÇΓöÇΓöÇΓöÇΓöÇΓöÇΓöÇΓöÇΓöÇΓöÇΓöÇΓöÇΓöÇΓöÇΓöÇΓöÇΓöÇΓöÇΓöÇΓöÇΓöÇΓöÇΓöÇΓöÇΓöÇΓöÇΓöÇΓöÇΓöÇΓöÇΓöÇ

    Error Context: test-results\e2e-products-Product-Brows-13988-oducts-by-price-high-to-low-chromium\error-context.md


[1A[2K[120/369] [chromium] ΓÇ║ e2e\saucedemo.spec.ts:76:7 ΓÇ║ SauceDemo critical flows (POM) ΓÇ║ Sort products by price (high to low)
[1A[2K  28) [chromium] ΓÇ║ e2e\products.spec.ts:113:7 ΓÇ║ Product Browsing ΓÇ║ Sort dropdown is functional ΓöÇΓöÇΓöÇΓöÇΓöÇ

    [31mTest timeout of 30000ms exceeded.[39m

    Error: locator.selectOption: Test timeout of 30000ms exceeded.
    Call log:
    [2m  - waiting for locator('[data-test="productSort"]')[22m


       at pages\SauceProductsPage.ts:41

      39 |       'hilo': 'Price (high to low)',
      40 |     };
    > 41 |     await this.sortDropdown.selectOption(option);
         |                             ^
      42 |   }
      43 |
      44 |   async getCartCount() {
        at SauceProductsPage.sortBy (C:\Users\ABC\Desktop\local\playwright-cli-demo\pages\SauceProductsPage.ts:41:29)
        at C:\Users\ABC\Desktop\local\playwright-cli-demo\e2e\products.spec.ts:123:24

    attachment #1: screenshot (image/png) ΓöÇΓöÇΓöÇΓöÇΓöÇΓöÇΓöÇΓöÇΓöÇΓöÇΓöÇΓöÇΓöÇΓöÇΓöÇΓöÇΓöÇΓöÇΓöÇΓöÇΓöÇΓöÇΓöÇΓöÇΓöÇΓöÇΓöÇΓöÇΓöÇΓöÇΓöÇΓöÇΓöÇΓöÇΓöÇΓöÇΓöÇΓöÇΓöÇΓöÇΓöÇΓöÇΓöÇΓöÇΓöÇΓöÇΓöÇΓöÇΓöÇΓöÇΓöÇΓöÇΓöÇΓöÇΓöÇΓöÇΓöÇΓöÇ
    test-results\e2e-products-Product-Browsing-Sort-dropdown-is-functional-chromium\test-failed-1.png
    ΓöÇΓöÇΓöÇΓöÇΓöÇΓöÇΓöÇΓöÇΓöÇΓöÇΓöÇΓöÇΓöÇΓöÇΓöÇΓöÇΓöÇΓöÇΓöÇΓöÇΓöÇΓöÇΓöÇΓöÇΓöÇΓöÇΓöÇΓöÇΓöÇΓöÇΓöÇΓöÇΓöÇΓöÇΓöÇΓöÇΓöÇΓöÇΓöÇΓöÇΓöÇΓöÇΓöÇΓöÇΓöÇΓöÇΓöÇΓöÇΓöÇΓöÇΓöÇΓöÇΓöÇΓöÇΓöÇΓöÇΓöÇΓöÇΓöÇΓöÇΓöÇΓöÇΓöÇΓöÇΓöÇΓöÇΓöÇΓöÇΓöÇΓöÇΓöÇΓöÇΓöÇΓöÇΓöÇΓöÇΓöÇΓöÇΓöÇΓöÇΓöÇΓöÇΓöÇΓöÇΓöÇΓöÇΓöÇΓöÇΓöÇΓöÇΓöÇΓöÇΓöÇΓöÇΓöÇΓöÇ

    Error Context: test-results\e2e-products-Product-Browsing-Sort-dropdown-is-functional-chromium\error-context.md


[1A[2K  29) [chromium] ΓÇ║ e2e\products.spec.ts:151:7 ΓÇ║ Product Browsing ΓÇ║ Cart interaction does not affect sort order 

    [31mTest timeout of 30000ms exceeded.[39m

    Error: locator.selectOption: Test timeout of 30000ms exceeded.
    Call log:
    [2m  - waiting for locator('[data-test="productSort"]')[22m


       at pages\SauceProductsPage.ts:41

      39 |       'hilo': 'Price (high to low)',
      40 |     };
    > 41 |     await this.sortDropdown.selectOption(option);
         |                             ^
      42 |   }
      43 |
      44 |   async getCartCount() {
        at SauceProductsPage.sortBy (C:\Users\ABC\Desktop\local\playwright-cli-demo\pages\SauceProductsPage.ts:41:29)
        at C:\Users\ABC\Desktop\local\playwright-cli-demo\e2e\products.spec.ts:156:24

    attachment #1: screenshot (image/png) ΓöÇΓöÇΓöÇΓöÇΓöÇΓöÇΓöÇΓöÇΓöÇΓöÇΓöÇΓöÇΓöÇΓöÇΓöÇΓöÇΓöÇΓöÇΓöÇΓöÇΓöÇΓöÇΓöÇΓöÇΓöÇΓöÇΓöÇΓöÇΓöÇΓöÇΓöÇΓöÇΓöÇΓöÇΓöÇΓöÇΓöÇΓöÇΓöÇΓöÇΓöÇΓöÇΓöÇΓöÇΓöÇΓöÇΓöÇΓöÇΓöÇΓöÇΓöÇΓöÇΓöÇΓöÇΓöÇΓöÇΓöÇΓöÇ
    test-results\e2e-products-Product-Brows-53d13--does-not-affect-sort-order-chromium\test-failed-1.png
    ΓöÇΓöÇΓöÇΓöÇΓöÇΓöÇΓöÇΓöÇΓöÇΓöÇΓöÇΓöÇΓöÇΓöÇΓöÇΓöÇΓöÇΓöÇΓöÇΓöÇΓöÇΓöÇΓöÇΓöÇΓöÇΓöÇΓöÇΓöÇΓöÇΓöÇΓöÇΓöÇΓöÇΓöÇΓöÇΓöÇΓöÇΓöÇΓöÇΓöÇΓöÇΓöÇΓöÇΓöÇΓöÇΓöÇΓöÇΓöÇΓöÇΓöÇΓöÇΓöÇΓöÇΓöÇΓöÇΓöÇΓöÇΓöÇΓöÇΓöÇΓöÇΓöÇΓöÇΓöÇΓöÇΓöÇΓöÇΓöÇΓöÇΓöÇΓöÇΓöÇΓöÇΓöÇΓöÇΓöÇΓöÇΓöÇΓöÇΓöÇΓöÇΓöÇΓöÇΓöÇΓöÇΓöÇΓöÇΓöÇΓöÇΓöÇΓöÇΓöÇΓöÇΓöÇΓöÇΓöÇ

    Error Context: test-results\e2e-products-Product-Brows-53d13--does-not-affect-sort-order-chromium\error-context.md


[1A[2K[121/369] [chromium] ΓÇ║ e2e\saucedemo.spec.ts:90:7 ΓÇ║ SauceDemo critical flows (POM) ΓÇ║ Logout and verify login required
[1A[2K[122/369] [chromium] ΓÇ║ e2e\saucedemo.spec.ts:101:7 ΓÇ║ SauceDemo critical flows (POM) ΓÇ║ Login persistence: items in cart persist after logout/login
[1A[2K  30) [chromium] ΓÇ║ e2e\products.spec.ts:135:7 ΓÇ║ Product Browsing ΓÇ║ Product sorting persists with pagination 

    [31mTest timeout of 30000ms exceeded.[39m

    Error: locator.selectOption: Test timeout of 30000ms exceeded.
    Call log:
    [2m  - waiting for locator('[data-test="productSort"]')[22m


       at pages\SauceProductsPage.ts:41

      39 |       'hilo': 'Price (high to low)',
      40 |     };
    > 41 |     await this.sortDropdown.selectOption(option);
         |                             ^
      42 |   }
      43 |
      44 |   async getCartCount() {
        at SauceProductsPage.sortBy (C:\Users\ABC\Desktop\local\playwright-cli-demo\pages\SauceProductsPage.ts:41:29)
        at C:\Users\ABC\Desktop\local\playwright-cli-demo\e2e\products.spec.ts:140:24

    attachment #1: screenshot (image/png) ΓöÇΓöÇΓöÇΓöÇΓöÇΓöÇΓöÇΓöÇΓöÇΓöÇΓöÇΓöÇΓöÇΓöÇΓöÇΓöÇΓöÇΓöÇΓöÇΓöÇΓöÇΓöÇΓöÇΓöÇΓöÇΓöÇΓöÇΓöÇΓöÇΓöÇΓöÇΓöÇΓöÇΓöÇΓöÇΓöÇΓöÇΓöÇΓöÇΓöÇΓöÇΓöÇΓöÇΓöÇΓöÇΓöÇΓöÇΓöÇΓöÇΓöÇΓöÇΓöÇΓöÇΓöÇΓöÇΓöÇΓöÇΓöÇ
    test-results\e2e-products-Product-Brows-c663c-ng-persists-with-pagination-chromium\test-failed-1.png
    ΓöÇΓöÇΓöÇΓöÇΓöÇΓöÇΓöÇΓöÇΓöÇΓöÇΓöÇΓöÇΓöÇΓöÇΓöÇΓöÇΓöÇΓöÇΓöÇΓöÇΓöÇΓöÇΓöÇΓöÇΓöÇΓöÇΓöÇΓöÇΓöÇΓöÇΓöÇΓöÇΓöÇΓöÇΓöÇΓöÇΓöÇΓöÇΓöÇΓöÇΓöÇΓöÇΓöÇΓöÇΓöÇΓöÇΓöÇΓöÇΓöÇΓöÇΓöÇΓöÇΓöÇΓöÇΓöÇΓöÇΓöÇΓöÇΓöÇΓöÇΓöÇΓöÇΓöÇΓöÇΓöÇΓöÇΓöÇΓöÇΓöÇΓöÇΓöÇΓöÇΓöÇΓöÇΓöÇΓöÇΓöÇΓöÇΓöÇΓöÇΓöÇΓöÇΓöÇΓöÇΓöÇΓöÇΓöÇΓöÇΓöÇΓöÇΓöÇΓöÇΓöÇΓöÇΓöÇΓöÇ

    Error Context: test-results\e2e-products-Product-Brows-c663c-ng-persists-with-pagination-chromium\error-context.md


[1A[2K  31) [chromium] ΓÇ║ e2e\products.spec.ts:208:7 ΓÇ║ Product Browsing ΓÇ║ Change sort multiple times in one session 

    [31mTest timeout of 30000ms exceeded.[39m

    Error: locator.selectOption: Test timeout of 30000ms exceeded.
    Call log:
    [2m  - waiting for locator('[data-test="productSort"]')[22m


       at pages\SauceProductsPage.ts:41

      39 |       'hilo': 'Price (high to low)',
      40 |     };
    > 41 |     await this.sortDropdown.selectOption(option);
         |                             ^
      42 |   }
      43 |
      44 |   async getCartCount() {
        at SauceProductsPage.sortBy (C:\Users\ABC\Desktop\local\playwright-cli-demo\pages\SauceProductsPage.ts:41:29)
        at C:\Users\ABC\Desktop\local\playwright-cli-demo\e2e\products.spec.ts:213:24

    attachment #1: screenshot (image/png) ΓöÇΓöÇΓöÇΓöÇΓöÇΓöÇΓöÇΓöÇΓöÇΓöÇΓöÇΓöÇΓöÇΓöÇΓöÇΓöÇΓöÇΓöÇΓöÇΓöÇΓöÇΓöÇΓöÇΓöÇΓöÇΓöÇΓöÇΓöÇΓöÇΓöÇΓöÇΓöÇΓöÇΓöÇΓöÇΓöÇΓöÇΓöÇΓöÇΓöÇΓöÇΓöÇΓöÇΓöÇΓöÇΓöÇΓöÇΓöÇΓöÇΓöÇΓöÇΓöÇΓöÇΓöÇΓöÇΓöÇΓöÇΓöÇ
    test-results\e2e-products-Product-Brows-b64fc-ltiple-times-in-one-session-chromium\test-failed-1.png
    ΓöÇΓöÇΓöÇΓöÇΓöÇΓöÇΓöÇΓöÇΓöÇΓöÇΓöÇΓöÇΓöÇΓöÇΓöÇΓöÇΓöÇΓöÇΓöÇΓöÇΓöÇΓöÇΓöÇΓöÇΓöÇΓöÇΓöÇΓöÇΓöÇΓöÇΓöÇΓöÇΓöÇΓöÇΓöÇΓöÇΓöÇΓöÇΓöÇΓöÇΓöÇΓöÇΓöÇΓöÇΓöÇΓöÇΓöÇΓöÇΓöÇΓöÇΓöÇΓöÇΓöÇΓöÇΓöÇΓöÇΓöÇΓöÇΓöÇΓöÇΓöÇΓöÇΓöÇΓöÇΓöÇΓöÇΓöÇΓöÇΓöÇΓöÇΓöÇΓöÇΓöÇΓöÇΓöÇΓöÇΓöÇΓöÇΓöÇΓöÇΓöÇΓöÇΓöÇΓöÇΓöÇΓöÇΓöÇΓöÇΓöÇΓöÇΓöÇΓöÇΓöÇΓöÇΓöÇΓöÇ

    Error Context: test-results\e2e-products-Product-Brows-b64fc-ltiple-times-in-one-session-chromium\error-context.md


[1A[2K[123/369] [chromium] ΓÇ║ e2e\saucedemo.spec.ts:122:7 ΓÇ║ SauceDemo critical flows (POM) ΓÇ║ Multiple products add/remove cart flow
[1A[2K[124/369] [firefox] ΓÇ║ api\auth.spec.ts:6:7 ΓÇ║ API: Authentication Endpoints ΓÇ║ API: Login endpoint returns valid session
[1A[2K[125/369] [firefox] ΓÇ║ api\auth.spec.ts:23:7 ΓÇ║ API: Authentication Endpoints ΓÇ║ API: Login with invalid credentials returns 401
[1A[2K[126/369] [firefox] ΓÇ║ api\auth.spec.ts:48:7 ΓÇ║ API: Authentication Endpoints ΓÇ║ API: Logout endpoint clears session
[1A[2K[127/369] [firefox] ΓÇ║ api\auth.spec.ts:65:7 ΓÇ║ API: Authentication Endpoints ΓÇ║ API: Session validation returns current user info
[1A[2K  32) [chromium] ΓÇ║ e2e\saucedemo.spec.ts:62:7 ΓÇ║ SauceDemo critical flows (POM) ΓÇ║ Sort products by price (low to high) 

    [31mTest timeout of 30000ms exceeded.[39m

    Error: locator.selectOption: Test timeout of 30000ms exceeded.
    Call log:
    [2m  - waiting for locator('[data-test="productSort"]')[22m


       at pages\SauceProductsPage.ts:41

      39 |       'hilo': 'Price (high to low)',
      40 |     };
    > 41 |     await this.sortDropdown.selectOption(option);
         |                             ^
      42 |   }
      43 |
      44 |   async getCartCount() {
        at SauceProductsPage.sortBy (C:\Users\ABC\Desktop\local\playwright-cli-demo\pages\SauceProductsPage.ts:41:29)
        at C:\Users\ABC\Desktop\local\playwright-cli-demo\e2e\saucedemo.spec.ts:66:24

    attachment #1: screenshot (image/png) ΓöÇΓöÇΓöÇΓöÇΓöÇΓöÇΓöÇΓöÇΓöÇΓöÇΓöÇΓöÇΓöÇΓöÇΓöÇΓöÇΓöÇΓöÇΓöÇΓöÇΓöÇΓöÇΓöÇΓöÇΓöÇΓöÇΓöÇΓöÇΓöÇΓöÇΓöÇΓöÇΓöÇΓöÇΓöÇΓöÇΓöÇΓöÇΓöÇΓöÇΓöÇΓöÇΓöÇΓöÇΓöÇΓöÇΓöÇΓöÇΓöÇΓöÇΓöÇΓöÇΓöÇΓöÇΓöÇΓöÇΓöÇΓöÇ
    test-results\e2e-saucedemo-SauceDemo-cr-3a1b4-ducts-by-price-low-to-high--chromium\test-failed-1.png
    ΓöÇΓöÇΓöÇΓöÇΓöÇΓöÇΓöÇΓöÇΓöÇΓöÇΓöÇΓöÇΓöÇΓöÇΓöÇΓöÇΓöÇΓöÇΓöÇΓöÇΓöÇΓöÇΓöÇΓöÇΓöÇΓöÇΓöÇΓöÇΓöÇΓöÇΓöÇΓöÇΓöÇΓöÇΓöÇΓöÇΓöÇΓöÇΓöÇΓöÇΓöÇΓöÇΓöÇΓöÇΓöÇΓöÇΓöÇΓöÇΓöÇΓöÇΓöÇΓöÇΓöÇΓöÇΓöÇΓöÇΓöÇΓöÇΓöÇΓöÇΓöÇΓöÇΓöÇΓöÇΓöÇΓöÇΓöÇΓöÇΓöÇΓöÇΓöÇΓöÇΓöÇΓöÇΓöÇΓöÇΓöÇΓöÇΓöÇΓöÇΓöÇΓöÇΓöÇΓöÇΓöÇΓöÇΓöÇΓöÇΓöÇΓöÇΓöÇΓöÇΓöÇΓöÇΓöÇΓöÇ

    Error Context: test-results\e2e-saucedemo-SauceDemo-cr-3a1b4-ducts-by-price-low-to-high--chromium\error-context.md


[1A[2K[128/369] [firefox] ΓÇ║ api\auth.spec.ts:93:7 ΓÇ║ API: Authentication Endpoints ΓÇ║ API: Token refresh endpoint extends session
[1A[2K[129/369] [firefox] ΓÇ║ api\auth.spec.ts:121:7 ΓÇ║ API: Authentication Endpoints ΓÇ║ API: Multiple login attempts with rate limiting
[1A[2K[130/369] [firefox] ΓÇ║ api\cart.spec.ts:8:7 ΓÇ║ API: Cart Endpoints ΓÇ║ API: Add item to cart creates cart entry
[1A[2K[131/369] [firefox] ΓÇ║ api\cart.spec.ts:35:7 ΓÇ║ API: Cart Endpoints ΓÇ║ API: Get cart returns all items
[1A[2K[132/369] [firefox] ΓÇ║ api\auth.spec.ts:79:7 ΓÇ║ API: Authentication Endpoints ΓÇ║ API: Missing authentication header is rejected
[1A[2K[133/369] [firefox] ΓÇ║ api\cart.spec.ts:64:7 ΓÇ║ API: Cart Endpoints ΓÇ║ API: Remove item from cart
[1A[2K[134/369] [firefox] ΓÇ║ api\cart.spec.ts:96:7 ΓÇ║ API: Cart Endpoints ΓÇ║ API: Update cart item quantity
[1A[2K[135/369] [firefox] ΓÇ║ api\cart.spec.ts:128:7 ΓÇ║ API: Cart Endpoints ΓÇ║ API: Clear entire cart
[1A[2K[136/369] [firefox] ΓÇ║ api\cart.spec.ts:158:7 ΓÇ║ API: Cart Endpoints ΓÇ║ API: Get cart total price calculation
[1A[2K[137/369] [firefox] ΓÇ║ api\cart.spec.ts:186:7 ΓÇ║ API: Cart Endpoints ΓÇ║ API: Cart persistence across sessions
[1A[2K[138/369] [firefox] ΓÇ║ api\cart.spec.ts:239:7 ΓÇ║ API: Cart Endpoints ΓÇ║ API: Validate cart item limits
[1A[2K[139/369] [firefox] ΓÇ║ api\cart.spec.ts:216:7 ΓÇ║ API: Cart Endpoints ΓÇ║ API: cart endpoint with invalid item returns error
[1A[2K  33) [firefox] ΓÇ║ api\auth.spec.ts:121:7 ΓÇ║ API: Authentication Endpoints ΓÇ║ API: Multiple login attempts with rate limiting 

    Error: [2mexpect([22m[31mreceived[39m[2m).[22mtoBe[2m([22m[32mexpected[39m[2m) // Object.is equality[22m

    Expected: [32m4[39m
    Received: [31m0[39m

      156 |     }
      157 |
    > 158 |     expect(loginAttempts).toBe(4);
          |                           ^
      159 |   });
      160 | });
      161 |
        at C:\Users\ABC\Desktop\local\playwright-cli-demo\api\auth.spec.ts:158:27

    attachment #1: screenshot (image/png) ΓöÇΓöÇΓöÇΓöÇΓöÇΓöÇΓöÇΓöÇΓöÇΓöÇΓöÇΓöÇΓöÇΓöÇΓöÇΓöÇΓöÇΓöÇΓöÇΓöÇΓöÇΓöÇΓöÇΓöÇΓöÇΓöÇΓöÇΓöÇΓöÇΓöÇΓöÇΓöÇΓöÇΓöÇΓöÇΓöÇΓöÇΓöÇΓöÇΓöÇΓöÇΓöÇΓöÇΓöÇΓöÇΓöÇΓöÇΓöÇΓöÇΓöÇΓöÇΓöÇΓöÇΓöÇΓöÇΓöÇΓöÇΓöÇ
    test-results\api-auth-API-Authenticatio-22a1b-attempts-with-rate-limiting-firefox\test-failed-1.png
    ΓöÇΓöÇΓöÇΓöÇΓöÇΓöÇΓöÇΓöÇΓöÇΓöÇΓöÇΓöÇΓöÇΓöÇΓöÇΓöÇΓöÇΓöÇΓöÇΓöÇΓöÇΓöÇΓöÇΓöÇΓöÇΓöÇΓöÇΓöÇΓöÇΓöÇΓöÇΓöÇΓöÇΓöÇΓöÇΓöÇΓöÇΓöÇΓöÇΓöÇΓöÇΓöÇΓöÇΓöÇΓöÇΓöÇΓöÇΓöÇΓöÇΓöÇΓöÇΓöÇΓöÇΓöÇΓöÇΓöÇΓöÇΓöÇΓöÇΓöÇΓöÇΓöÇΓöÇΓöÇΓöÇΓöÇΓöÇΓöÇΓöÇΓöÇΓöÇΓöÇΓöÇΓöÇΓöÇΓöÇΓöÇΓöÇΓöÇΓöÇΓöÇΓöÇΓöÇΓöÇΓöÇΓöÇΓöÇΓöÇΓöÇΓöÇΓöÇΓöÇΓöÇΓöÇΓöÇΓöÇ

    Error Context: test-results\api-auth-API-Authenticatio-22a1b-attempts-with-rate-limiting-firefox\error-context.md


[1A[2K  34) [chromium] ΓÇ║ e2e\saucedemo.spec.ts:76:7 ΓÇ║ SauceDemo critical flows (POM) ΓÇ║ Sort products by price (high to low) 

    [31mTest timeout of 30000ms exceeded.[39m

    Error: locator.selectOption: Test timeout of 30000ms exceeded.
    Call log:
    [2m  - waiting for locator('[data-test="productSort"]')[22m


       at pages\SauceProductsPage.ts:41

      39 |       'hilo': 'Price (high to low)',
      40 |     };
    > 41 |     await this.sortDropdown.selectOption(option);
         |                             ^
      42 |   }
      43 |
      44 |   async getCartCount() {
        at SauceProductsPage.sortBy (C:\Users\ABC\Desktop\local\playwright-cli-demo\pages\SauceProductsPage.ts:41:29)
        at C:\Users\ABC\Desktop\local\playwright-cli-demo\e2e\saucedemo.spec.ts:80:24

    attachment #1: screenshot (image/png) ΓöÇΓöÇΓöÇΓöÇΓöÇΓöÇΓöÇΓöÇΓöÇΓöÇΓöÇΓöÇΓöÇΓöÇΓöÇΓöÇΓöÇΓöÇΓöÇΓöÇΓöÇΓöÇΓöÇΓöÇΓöÇΓöÇΓöÇΓöÇΓöÇΓöÇΓöÇΓöÇΓöÇΓöÇΓöÇΓöÇΓöÇΓöÇΓöÇΓöÇΓöÇΓöÇΓöÇΓöÇΓöÇΓöÇΓöÇΓöÇΓöÇΓöÇΓöÇΓöÇΓöÇΓöÇΓöÇΓöÇΓöÇΓöÇ
    test-results\e2e-saucedemo-SauceDemo-cr-d5bb3-ducts-by-price-high-to-low--chromium\test-failed-1.png
    ΓöÇΓöÇΓöÇΓöÇΓöÇΓöÇΓöÇΓöÇΓöÇΓöÇΓöÇΓöÇΓöÇΓöÇΓöÇΓöÇΓöÇΓöÇΓöÇΓöÇΓöÇΓöÇΓöÇΓöÇΓöÇΓöÇΓöÇΓöÇΓöÇΓöÇΓöÇΓöÇΓöÇΓöÇΓöÇΓöÇΓöÇΓöÇΓöÇΓöÇΓöÇΓöÇΓöÇΓöÇΓöÇΓöÇΓöÇΓöÇΓöÇΓöÇΓöÇΓöÇΓöÇΓöÇΓöÇΓöÇΓöÇΓöÇΓöÇΓöÇΓöÇΓöÇΓöÇΓöÇΓöÇΓöÇΓöÇΓöÇΓöÇΓöÇΓöÇΓöÇΓöÇΓöÇΓöÇΓöÇΓöÇΓöÇΓöÇΓöÇΓöÇΓöÇΓöÇΓöÇΓöÇΓöÇΓöÇΓöÇΓöÇΓöÇΓöÇΓöÇΓöÇΓöÇΓöÇΓöÇ

    Error Context: test-results\e2e-saucedemo-SauceDemo-cr-d5bb3-ducts-by-price-high-to-low--chromium\error-context.md


[1A[2K[140/369] [firefox] ΓÇ║ api\checkout.spec.ts:76:7 ΓÇ║ API: Checkout Endpoints ΓÇ║ API: Complete checkout processes payment
[1A[2K[141/369] [firefox] ΓÇ║ api\checkout.spec.ts:110:7 ΓÇ║ API: Checkout Endpoints ΓÇ║ API: Get shipping options
[1A[2K[142/369] [firefox] ΓÇ║ api\checkout.spec.ts:137:7 ΓÇ║ API: Checkout Endpoints ΓÇ║ API: Calculate order total with tax
[1A[2K[143/369] [firefox] ΓÇ║ api\checkout.spec.ts:165:7 ΓÇ║ API: Checkout Endpoints ΓÇ║ API: Payment processing with validation
[1A[2K[144/369] [firefox] ΓÇ║ api\checkout.spec.ts:8:7 ΓÇ║ API: Checkout Endpoints ΓÇ║ API: Initiate checkout creates order
[1A[2K[145/369] [firefox] ΓÇ║ api\checkout.spec.ts:36:7 ΓÇ║ API: Checkout Endpoints ΓÇ║ API: Submit checkout info validates required fields
[1A[2K[146/369] [firefox] ΓÇ║ api\checkout.spec.ts:204:7 ΓÇ║ API: Checkout Endpoints ΓÇ║ API: Order confirmation endpoint
[1A[2K[147/369] [firefox] ΓÇ║ api\checkout.spec.ts:241:7 ΓÇ║ API: Checkout Endpoints ΓÇ║ API: Promo code validation endpoint
[1A[2K[148/369] [firefox] ΓÇ║ api\checkout.spec.ts:280:7 ΓÇ║ API: Checkout Endpoints ΓÇ║ API: Checkout with multiple payment methods
[1A[2K[149/369] [firefox] ΓÇ║ api\checkout.spec.ts:306:7 ΓÇ║ API: Checkout Endpoints ΓÇ║ API: Order status tracking
[1A[2K[150/369] [firefox] ΓÇ║ api\products.spec.ts:32:7 ΓÇ║ API: Product Endpoints ΓÇ║ API: Get all products returns product list
[1A[2K[151/369] [firefox] ΓÇ║ api\products.spec.ts:56:7 ΓÇ║ API: Product Endpoints ΓÇ║ API: Get product by ID returns product details
[1A[2K[152/369] [firefox] ΓÇ║ api\products.spec.ts:86:7 ΓÇ║ API: Product Endpoints ΓÇ║ API: Product search endpoint filters results
[1A[2K[153/369] [firefox] ΓÇ║ api\products.spec.ts:110:7 ΓÇ║ API: Product Endpoints ΓÇ║ API: Get product prices returns correct format
[1A[2K[154/369] [firefox] ΓÇ║ api\products.spec.ts:134:7 ΓÇ║ API: Product Endpoints ΓÇ║ API: Product availability check endpoint
[1A[2K[155/369] [firefox] ΓÇ║ api\products.spec.ts:155:7 ΓÇ║ API: Product Endpoints ΓÇ║ API: Product endpoint with authentication
[1A[2K[156/369] [firefox] ΓÇ║ api\products.spec.ts:177:7 ΓÇ║ API: Product Endpoints ΓÇ║ API: Product sort endpoint returns sorted results
[1A[2K[157/369] [firefox] ΓÇ║ api\products.spec.ts:214:7 ΓÇ║ API: Product Endpoints ΓÇ║ API: Product images load correctly
[1A[2K[158/369] [firefox] ΓÇ║ api\products.spec.ts:231:7 ΓÇ║ API: Product Endpoints ΓÇ║ API: Product not found returns 404
[1A[2K[159/369] [firefox] ΓÇ║ api\products.spec.ts:259:7 ΓÇ║ API: Product Endpoints ΓÇ║ API: Bulk product fetch with pagination
[1A[2K[160/369] [firefox] ΓÇ║ e2e\api.products.spec.ts:32:7 ΓÇ║ API: Product Endpoints ΓÇ║ API: Get all products returns product list
[1A[2K[161/369] [firefox] ΓÇ║ e2e\api.products.spec.ts:56:7 ΓÇ║ API: Product Endpoints ΓÇ║ API: Get product by ID returns product details
[1A[2K[162/369] [firefox] ΓÇ║ e2e\api.products.spec.ts:86:7 ΓÇ║ API: Product Endpoints ΓÇ║ API: Product search endpoint filters results
[1A[2K[163/369] [firefox] ΓÇ║ e2e\api.products.spec.ts:110:7 ΓÇ║ API: Product Endpoints ΓÇ║ API: Get product prices returns correct format
[1A[2K[164/369] [firefox] ΓÇ║ e2e\api.products.spec.ts:134:7 ΓÇ║ API: Product Endpoints ΓÇ║ API: Product availability check endpoint
[1A[2K[165/369] [firefox] ΓÇ║ e2e\api.products.spec.ts:155:7 ΓÇ║ API: Product Endpoints ΓÇ║ API: Product endpoint with authentication
[1A[2K[166/369] [firefox] ΓÇ║ e2e\api.products.spec.ts:177:7 ΓÇ║ API: Product Endpoints ΓÇ║ API: Product sort endpoint returns sorted results
[1A[2K[167/369] [firefox] ΓÇ║ e2e\api.products.spec.ts:214:7 ΓÇ║ API: Product Endpoints ΓÇ║ API: Product images load correctly
[1A[2K[168/369] [firefox] ΓÇ║ e2e\api.products.spec.ts:231:7 ΓÇ║ API: Product Endpoints ΓÇ║ API: Product not found returns 404
[1A[2K[169/369] [firefox] ΓÇ║ e2e\api.products.spec.ts:259:7 ΓÇ║ API: Product Endpoints ΓÇ║ API: Bulk product fetch with pagination
[1A[2K[170/369] [firefox] ΓÇ║ e2e\auth.spec.ts:11:7 ΓÇ║ Authentication ΓÇ║ Login negative: invalid credentials
[1A[2K[171/369] [firefox] ΓÇ║ e2e\auth.spec.ts:17:7 ΓÇ║ Authentication ΓÇ║ Login negative: empty username
[1A[2K  35) [firefox] ΓÇ║ api\cart.spec.ts:96:7 ΓÇ║ API: Cart Endpoints ΓÇ║ API: Update cart item quantity ΓöÇΓöÇΓöÇΓöÇΓöÇ

    [31mTest timeout of 30000ms exceeded.[39m

    Error: locator.click: Test timeout of 30000ms exceeded.
    Call log:
    [2m  - waiting for locator('.inventory_item').filter({ hasText: 'Sauce Labs Backpack' }).getByRole('button', { name: 'Add to cart' })[22m


       at pages\SauceProductsPage.ts:22

      20 |   async addProductToCart(productName: string) {
      21 |     const productCard = this.page.locator('.inventory_item', { hasText: productName });
    > 22 |     await productCard.getByRole('button', { name: 'Add to cart' }).click();
         |                                                                    ^
      23 |   }
      24 |
      25 |   async removeProductFromCart(productName: string) {
        at SauceProductsPage.addProductToCart (C:\Users\ABC\Desktop\local\playwright-cli-demo\pages\SauceProductsPage.ts:22:68)
        at C:\Users\ABC\Desktop\local\playwright-cli-demo\api\cart.spec.ts:123:24

    attachment #1: screenshot (image/png) ΓöÇΓöÇΓöÇΓöÇΓöÇΓöÇΓöÇΓöÇΓöÇΓöÇΓöÇΓöÇΓöÇΓöÇΓöÇΓöÇΓöÇΓöÇΓöÇΓöÇΓöÇΓöÇΓöÇΓöÇΓöÇΓöÇΓöÇΓöÇΓöÇΓöÇΓöÇΓöÇΓöÇΓöÇΓöÇΓöÇΓöÇΓöÇΓöÇΓöÇΓöÇΓöÇΓöÇΓöÇΓöÇΓöÇΓöÇΓöÇΓöÇΓöÇΓöÇΓöÇΓöÇΓöÇΓöÇΓöÇΓöÇΓöÇ
    test-results\api-cart-API-Cart-Endpoints-API-Update-cart-item-quantity-firefox\test-failed-1.png
    ΓöÇΓöÇΓöÇΓöÇΓöÇΓöÇΓöÇΓöÇΓöÇΓöÇΓöÇΓöÇΓöÇΓöÇΓöÇΓöÇΓöÇΓöÇΓöÇΓöÇΓöÇΓöÇΓöÇΓöÇΓöÇΓöÇΓöÇΓöÇΓöÇΓöÇΓöÇΓöÇΓöÇΓöÇΓöÇΓöÇΓöÇΓöÇΓöÇΓöÇΓöÇΓöÇΓöÇΓöÇΓöÇΓöÇΓöÇΓöÇΓöÇΓöÇΓöÇΓöÇΓöÇΓöÇΓöÇΓöÇΓöÇΓöÇΓöÇΓöÇΓöÇΓöÇΓöÇΓöÇΓöÇΓöÇΓöÇΓöÇΓöÇΓöÇΓöÇΓöÇΓöÇΓöÇΓöÇΓöÇΓöÇΓöÇΓöÇΓöÇΓöÇΓöÇΓöÇΓöÇΓöÇΓöÇΓöÇΓöÇΓöÇΓöÇΓöÇΓöÇΓöÇΓöÇΓöÇΓöÇ

    Error Context: test-results\api-cart-API-Cart-Endpoints-API-Update-cart-item-quantity-firefox\error-context.md


[1A[2K[172/369] [firefox] ΓÇ║ e2e\auth.spec.ts:29:7 ΓÇ║ Authentication ΓÇ║ Login negative: both fields empty
[1A[2K[173/369] [firefox] ΓÇ║ e2e\auth.spec.ts:35:7 ΓÇ║ Authentication ΓÇ║ Login positive: standard user can successfully login
[1A[2K[174/369] [firefox] ΓÇ║ e2e\auth.spec.ts:43:7 ΓÇ║ Authentication ΓÇ║ Login positive: problem user can login
[1A[2K[175/369] [firefox] ΓÇ║ e2e\auth.spec.ts:23:7 ΓÇ║ Authentication ΓÇ║ Login negative: empty password
[1A[2K[176/369] [firefox] ΓÇ║ e2e\auth.spec.ts:50:7 ΓÇ║ Authentication ΓÇ║ Login negative: locked out user receives explicit error
[1A[2K  36) [firefox] ΓÇ║ api\cart.spec.ts:239:7 ΓÇ║ API: Cart Endpoints ΓÇ║ API: Validate cart item limits ΓöÇΓöÇΓöÇΓöÇ

    [31mTest timeout of 30000ms exceeded.[39m

    Error: locator.click: Test timeout of 30000ms exceeded.
    Call log:
    [2m  - waiting for locator('.inventory_item').filter({ hasText: 'Sauce Labs Backpack' }).getByRole('button', { name: 'Add to cart' })[22m


       at pages\SauceProductsPage.ts:22

      20 |   async addProductToCart(productName: string) {
      21 |     const productCard = this.page.locator('.inventory_item', { hasText: productName });
    > 22 |     await productCard.getByRole('button', { name: 'Add to cart' }).click();
         |                                                                    ^
      23 |   }
      24 |
      25 |   async removeProductFromCart(productName: string) {
        at SauceProductsPage.addProductToCart (C:\Users\ABC\Desktop\local\playwright-cli-demo\pages\SauceProductsPage.ts:22:68)
        at C:\Users\ABC\Desktop\local\playwright-cli-demo\api\cart.spec.ts:276:26

    attachment #1: screenshot (image/png) ΓöÇΓöÇΓöÇΓöÇΓöÇΓöÇΓöÇΓöÇΓöÇΓöÇΓöÇΓöÇΓöÇΓöÇΓöÇΓöÇΓöÇΓöÇΓöÇΓöÇΓöÇΓöÇΓöÇΓöÇΓöÇΓöÇΓöÇΓöÇΓöÇΓöÇΓöÇΓöÇΓöÇΓöÇΓöÇΓöÇΓöÇΓöÇΓöÇΓöÇΓöÇΓöÇΓöÇΓöÇΓöÇΓöÇΓöÇΓöÇΓöÇΓöÇΓöÇΓöÇΓöÇΓöÇΓöÇΓöÇΓöÇΓöÇ
    test-results\api-cart-API-Cart-Endpoints-API-Validate-cart-item-limits-firefox\test-failed-1.png
    ΓöÇΓöÇΓöÇΓöÇΓöÇΓöÇΓöÇΓöÇΓöÇΓöÇΓöÇΓöÇΓöÇΓöÇΓöÇΓöÇΓöÇΓöÇΓöÇΓöÇΓöÇΓöÇΓöÇΓöÇΓöÇΓöÇΓöÇΓöÇΓöÇΓöÇΓöÇΓöÇΓöÇΓöÇΓöÇΓöÇΓöÇΓöÇΓöÇΓöÇΓöÇΓöÇΓöÇΓöÇΓöÇΓöÇΓöÇΓöÇΓöÇΓöÇΓöÇΓöÇΓöÇΓöÇΓöÇΓöÇΓöÇΓöÇΓöÇΓöÇΓöÇΓöÇΓöÇΓöÇΓöÇΓöÇΓöÇΓöÇΓöÇΓöÇΓöÇΓöÇΓöÇΓöÇΓöÇΓöÇΓöÇΓöÇΓöÇΓöÇΓöÇΓöÇΓöÇΓöÇΓöÇΓöÇΓöÇΓöÇΓöÇΓöÇΓöÇΓöÇΓöÇΓöÇΓöÇΓöÇ

    Error Context: test-results\api-cart-API-Cart-Endpoints-API-Validate-cart-item-limits-firefox\error-context.md


[1A[2K[177/369] [firefox] ΓÇ║ e2e\auth.spec.ts:72:7 ΓÇ║ Authentication ΓÇ║ Logout and verify login required
[1A[2K[178/369] [firefox] ΓÇ║ e2e\auth.spec.ts:83:7 ΓÇ║ Authentication ΓÇ║ Session persistence: access products without logout
[1A[2K[179/369] [firefox] ΓÇ║ e2e\auth.spec.ts:56:7 ΓÇ║ Authentication ΓÇ║ Login multiple times with different users
[1A[2K[180/369] [firefox] ΓÇ║ e2e\auth.spec.ts:94:7 ΓÇ║ Authentication ΓÇ║ User redirected to login when accessing protected page without session
[1A[2K[181/369] [firefox] ΓÇ║ e2e\auth.spec.ts:102:7 ΓÇ║ Authentication ΓÇ║ Login persistence: items in cart persist after logout/login
[1A[2K[182/369] [firefox] ΓÇ║ e2e\auth.spec.ts:123:7 ΓÇ║ Authentication ΓÇ║ Login: verify nav elements visible after successful login
[1A[2K[183/369] [firefox] ΓÇ║ e2e\auth.spec.ts:132:7 ΓÇ║ Authentication ΓÇ║ Login behavior: error message disappears on next login attempt
[1A[2K  37) [firefox] ΓÇ║ api\checkout.spec.ts:36:7 ΓÇ║ API: Checkout Endpoints ΓÇ║ API: Submit checkout info validates required fields 

    [31mTest timeout of 30000ms exceeded.[39m

    Error: locator.click: Test timeout of 30000ms exceeded.
    Call log:
    [2m  - waiting for getByRole('button', { name: 'Continue' })[22m


      71 |
      72 |     await checkoutPage.fillCheckoutInfo('Jane', 'Doe', '90210');
    > 73 |     await checkoutPage.continueButton.click();
         |                                       ^
      74 |   });
      75 |
      76 |   test('API: Complete checkout processes payment', async ({ page, homePage, productsPage, cartPage, checkoutPage }) => {
        at C:\Users\ABC\Desktop\local\playwright-cli-demo\api\checkout.spec.ts:73:39

    attachment #1: screenshot (image/png) ΓöÇΓöÇΓöÇΓöÇΓöÇΓöÇΓöÇΓöÇΓöÇΓöÇΓöÇΓöÇΓöÇΓöÇΓöÇΓöÇΓöÇΓöÇΓöÇΓöÇΓöÇΓöÇΓöÇΓöÇΓöÇΓöÇΓöÇΓöÇΓöÇΓöÇΓöÇΓöÇΓöÇΓöÇΓöÇΓöÇΓöÇΓöÇΓöÇΓöÇΓöÇΓöÇΓöÇΓöÇΓöÇΓöÇΓöÇΓöÇΓöÇΓöÇΓöÇΓöÇΓöÇΓöÇΓöÇΓöÇΓöÇΓöÇ
    test-results\api-checkout-API-Checkout--d70e1-o-validates-required-fields-firefox\test-failed-1.png
    ΓöÇΓöÇΓöÇΓöÇΓöÇΓöÇΓöÇΓöÇΓöÇΓöÇΓöÇΓöÇΓöÇΓöÇΓöÇΓöÇΓöÇΓöÇΓöÇΓöÇΓöÇΓöÇΓöÇΓöÇΓöÇΓöÇΓöÇΓöÇΓöÇΓöÇΓöÇΓöÇΓöÇΓöÇΓöÇΓöÇΓöÇΓöÇΓöÇΓöÇΓöÇΓöÇΓöÇΓöÇΓöÇΓöÇΓöÇΓöÇΓöÇΓöÇΓöÇΓöÇΓöÇΓöÇΓöÇΓöÇΓöÇΓöÇΓöÇΓöÇΓöÇΓöÇΓöÇΓöÇΓöÇΓöÇΓöÇΓöÇΓöÇΓöÇΓöÇΓöÇΓöÇΓöÇΓöÇΓöÇΓöÇΓöÇΓöÇΓöÇΓöÇΓöÇΓöÇΓöÇΓöÇΓöÇΓöÇΓöÇΓöÇΓöÇΓöÇΓöÇΓöÇΓöÇΓöÇΓöÇ

    Error Context: test-results\api-checkout-API-Checkout--d70e1-o-validates-required-fields-firefox\error-context.md


[1A[2K[184/369] [firefox] ΓÇ║ e2e\cart.spec.ts:20:7 ΓÇ║ Shopping Cart ΓÇ║ Add same product twice to cart
[1A[2K[185/369] [firefox] ΓÇ║ e2e\cart.spec.ts:36:7 ΓÇ║ Shopping Cart ΓÇ║ Remove item from cart
[1A[2K[186/369] [firefox] ΓÇ║ e2e\cart.spec.ts:52:7 ΓÇ║ Shopping Cart ΓÇ║ Remove all items from cart one by one
[1A[2K[187/369] [firefox] ΓÇ║ e2e\cart.spec.ts:8:7 ΓÇ║ Shopping Cart ΓÇ║ Add and view single product in cart
[1A[2K[188/369] [firefox] ΓÇ║ e2e\cart.spec.ts:77:7 ΓÇ║ Shopping Cart ΓÇ║ Multiple products add/remove cart flow
[1A[2K[189/369] [firefox] ΓÇ║ e2e\cart.spec.ts:106:7 ΓÇ║ Shopping Cart ΓÇ║ Add and remove product via product page
[1A[2K  38) [firefox] ΓÇ║ api\products.spec.ts:177:7 ΓÇ║ API: Product Endpoints ΓÇ║ API: Product sort endpoint returns sorted results 

    [31mTest timeout of 30000ms exceeded.[39m

    Error: locator.selectOption: Test timeout of 30000ms exceeded.
    Call log:
    [2m  - waiting for locator('[data-test="productSort"]')[22m


       at pages\SauceProductsPage.ts:41

      39 |       'hilo': 'Price (high to low)',
      40 |     };
    > 41 |     await this.sortDropdown.selectOption(option);
         |                             ^
      42 |   }
      43 |
      44 |   async getCartCount() {
        at SauceProductsPage.sortBy (C:\Users\ABC\Desktop\local\playwright-cli-demo\pages\SauceProductsPage.ts:41:29)
        at C:\Users\ABC\Desktop\local\playwright-cli-demo\api\products.spec.ts:205:24

    attachment #1: screenshot (image/png) ΓöÇΓöÇΓöÇΓöÇΓöÇΓöÇΓöÇΓöÇΓöÇΓöÇΓöÇΓöÇΓöÇΓöÇΓöÇΓöÇΓöÇΓöÇΓöÇΓöÇΓöÇΓöÇΓöÇΓöÇΓöÇΓöÇΓöÇΓöÇΓöÇΓöÇΓöÇΓöÇΓöÇΓöÇΓöÇΓöÇΓöÇΓöÇΓöÇΓöÇΓöÇΓöÇΓöÇΓöÇΓöÇΓöÇΓöÇΓöÇΓöÇΓöÇΓöÇΓöÇΓöÇΓöÇΓöÇΓöÇΓöÇΓöÇ
    test-results\api-products-API-Product-E-c0b5d-oint-returns-sorted-results-firefox\test-failed-1.png
    ΓöÇΓöÇΓöÇΓöÇΓöÇΓöÇΓöÇΓöÇΓöÇΓöÇΓöÇΓöÇΓöÇΓöÇΓöÇΓöÇΓöÇΓöÇΓöÇΓöÇΓöÇΓöÇΓöÇΓöÇΓöÇΓöÇΓöÇΓöÇΓöÇΓöÇΓöÇΓöÇΓöÇΓöÇΓöÇΓöÇΓöÇΓöÇΓöÇΓöÇΓöÇΓöÇΓöÇΓöÇΓöÇΓöÇΓöÇΓöÇΓöÇΓöÇΓöÇΓöÇΓöÇΓöÇΓöÇΓöÇΓöÇΓöÇΓöÇΓöÇΓöÇΓöÇΓöÇΓöÇΓöÇΓöÇΓöÇΓöÇΓöÇΓöÇΓöÇΓöÇΓöÇΓöÇΓöÇΓöÇΓöÇΓöÇΓöÇΓöÇΓöÇΓöÇΓöÇΓöÇΓöÇΓöÇΓöÇΓöÇΓöÇΓöÇΓöÇΓöÇΓöÇΓöÇΓöÇΓöÇ

    Error Context: test-results\api-products-API-Product-E-c0b5d-oint-returns-sorted-results-firefox\error-context.md


[1A[2K[190/369] [firefox] ΓÇ║ e2e\cart.spec.ts:150:7 ΓÇ║ Shopping Cart ΓÇ║ Continue shopping returns to products page
[1A[2K[191/369] [firefox] ΓÇ║ e2e\cart.spec.ts:165:7 ΓÇ║ Shopping Cart ΓÇ║ Cart maintains state when navigating between pages
[1A[2K[192/369] [firefox] ΓÇ║ e2e\cart.spec.ts:188:7 ΓÇ║ Shopping Cart ΓÇ║ Cart displays product prices correctly
[1A[2K[193/369] [firefox] ΓÇ║ e2e\cart.spec.ts:205:7 ΓÇ║ Shopping Cart ΓÇ║ Cart displays product names correctly
[1A[2K[194/369] [firefox] ΓÇ║ e2e\cart.spec.ts:222:7 ΓÇ║ Shopping Cart ΓÇ║ Cart page URL is correct
[1A[2K[195/369] [firefox] ΓÇ║ e2e\cart.spec.ts:127:7 ΓÇ║ Shopping Cart ΓÇ║ Cart badge updates correctly with multiple operations
[1A[2K[196/369] [firefox] ΓÇ║ e2e\cart.spec.ts:232:7 ΓÇ║ Shopping Cart ΓÇ║ Add all available products to cart
[1A[2K[197/369] [firefox] ΓÇ║ e2e\checkout.spec.ts:9:7 ΓÇ║ Checkout ΓÇ║ Complete checkout flow: single product
[1A[2K[198/369] [firefox] ΓÇ║ e2e\checkout.spec.ts:29:7 ΓÇ║ Checkout ΓÇ║ Complete checkout flow: multiple products
[1A[2K[199/369] [firefox] ΓÇ║ e2e\checkout.spec.ts:53:7 ΓÇ║ Checkout ΓÇ║ Required field enforcement: first name missing
[1A[2K  39) [firefox] ΓÇ║ e2e\api.products.spec.ts:177:7 ΓÇ║ API: Product Endpoints ΓÇ║ API: Product sort endpoint returns sorted results 

    [31mTest timeout of 30000ms exceeded.[39m

    Error: locator.selectOption: Test timeout of 30000ms exceeded.
    Call log:
    [2m  - waiting for locator('[data-test="productSort"]')[22m


       at pages\SauceProductsPage.ts:41

      39 |       'hilo': 'Price (high to low)',
      40 |     };
    > 41 |     await this.sortDropdown.selectOption(option);
         |                             ^
      42 |   }
      43 |
      44 |   async getCartCount() {
        at SauceProductsPage.sortBy (C:\Users\ABC\Desktop\local\playwright-cli-demo\pages\SauceProductsPage.ts:41:29)
        at C:\Users\ABC\Desktop\local\playwright-cli-demo\e2e\api.products.spec.ts:205:24

    attachment #1: screenshot (image/png) ΓöÇΓöÇΓöÇΓöÇΓöÇΓöÇΓöÇΓöÇΓöÇΓöÇΓöÇΓöÇΓöÇΓöÇΓöÇΓöÇΓöÇΓöÇΓöÇΓöÇΓöÇΓöÇΓöÇΓöÇΓöÇΓöÇΓöÇΓöÇΓöÇΓöÇΓöÇΓöÇΓöÇΓöÇΓöÇΓöÇΓöÇΓöÇΓöÇΓöÇΓöÇΓöÇΓöÇΓöÇΓöÇΓöÇΓöÇΓöÇΓöÇΓöÇΓöÇΓöÇΓöÇΓöÇΓöÇΓöÇΓöÇΓöÇ
    test-results\e2e-api.products-API-Produ-87f19-oint-returns-sorted-results-firefox\test-failed-1.png
    ΓöÇΓöÇΓöÇΓöÇΓöÇΓöÇΓöÇΓöÇΓöÇΓöÇΓöÇΓöÇΓöÇΓöÇΓöÇΓöÇΓöÇΓöÇΓöÇΓöÇΓöÇΓöÇΓöÇΓöÇΓöÇΓöÇΓöÇΓöÇΓöÇΓöÇΓöÇΓöÇΓöÇΓöÇΓöÇΓöÇΓöÇΓöÇΓöÇΓöÇΓöÇΓöÇΓöÇΓöÇΓöÇΓöÇΓöÇΓöÇΓöÇΓöÇΓöÇΓöÇΓöÇΓöÇΓöÇΓöÇΓöÇΓöÇΓöÇΓöÇΓöÇΓöÇΓöÇΓöÇΓöÇΓöÇΓöÇΓöÇΓöÇΓöÇΓöÇΓöÇΓöÇΓöÇΓöÇΓöÇΓöÇΓöÇΓöÇΓöÇΓöÇΓöÇΓöÇΓöÇΓöÇΓöÇΓöÇΓöÇΓöÇΓöÇΓöÇΓöÇΓöÇΓöÇΓöÇΓöÇ

    Error Context: test-results\e2e-api.products-API-Produ-87f19-oint-returns-sorted-results-firefox\error-context.md


[1A[2K[200/369] [firefox] ΓÇ║ e2e\checkout.spec.ts:90:7 ΓÇ║ Checkout ΓÇ║ Required field enforcement: postal code missing
[1A[2K[201/369] [firefox] ΓÇ║ e2e\checkout.spec.ts:108:7 ΓÇ║ Checkout ΓÇ║ Required field enforcement: all fields empty
[1A[2K[202/369] [firefox] ΓÇ║ e2e\checkout.spec.ts:124:7 ΓÇ║ Checkout ΓÇ║ Checkout with special characters in fields
[1A[2K[203/369] [firefox] ΓÇ║ e2e\checkout.spec.ts:138:7 ΓÇ║ Checkout ΓÇ║ Checkout with numeric postal code
[1A[2K[204/369] [firefox] ΓÇ║ e2e\checkout.spec.ts:152:7 ΓÇ║ Checkout ΓÇ║ Checkout page displays order overview
[1A[2K[205/369] [firefox] ΓÇ║ e2e\checkout.spec.ts:72:7 ΓÇ║ Checkout ΓÇ║ Required field enforcement: last name missing
[1A[2K[206/369] [firefox] ΓÇ║ e2e\checkout.spec.ts:167:7 ΓÇ║ Checkout ΓÇ║ Checkout flow: problem user
[1A[2K[207/369] [firefox] ΓÇ║ e2e\checkout.spec.ts:182:7 ΓÇ║ Checkout ΓÇ║ Checkout: verify page transitions
[1A[2K[208/369] [firefox] ΓÇ║ e2e\checkout.spec.ts:209:7 ΓÇ║ Checkout ΓÇ║ Empty cart checkout validation
[1A[2K[209/369] [firefox] ΓÇ║ e2e\example.spec.ts:3:5 ΓÇ║ has title
[1A[2K[210/369] [firefox] ΓÇ║ e2e\example.spec.ts:10:5 ΓÇ║ get started link
[1A[2K[211/369] [firefox] ΓÇ║ e2e\integration.spec.ts:9:7 ΓÇ║ Integration: Complex User Workflows ΓÇ║ End-to-end: Browse ΓåÆ Sort ΓåÆ Add ΓåÆ Checkout ΓåÆ Complete
[1A[2K[212/369] [firefox] ΓÇ║ e2e\integration.spec.ts:44:7 ΓÇ║ Integration: Complex User Workflows ΓÇ║ Workflow: Add multiple products across different price points
[1A[2K  40) [firefox] ΓÇ║ e2e\checkout.spec.ts:152:7 ΓÇ║ Checkout ΓÇ║ Checkout page displays order overview ΓöÇΓöÇΓöÇΓöÇ

    Error: [2mexpect([22m[31mlocator[39m[2m).[22mtoHaveCount[2m([22m[32mexpected[39m[2m)[22m failed

    Locator:  locator('.cart_item')
    Expected: [32m1[39m
    Received: [31m0[39m
    Timeout:  5000ms

    Call log:
    [2m  - Expect "toHaveCount" with timeout 5000ms[22m
    [2m  - waiting for locator('.cart_item')[22m
    [2m    8 ├ù locator resolved to 0 elements[22m
    [2m      - unexpected value "0"[22m


      161 |     // Verify product is shown in checkout
      162 |     const checkoutItems = page.locator('.cart_item');
    > 163 |     await expect(checkoutItems).toHaveCount(1);
          |                                 ^
      164 |     await checkoutItems.filter({ hasText: product }).first().waitFor({ state: 'visible' });
      165 |   });
      166 |
        at C:\Users\ABC\Desktop\local\playwright-cli-demo\e2e\checkout.spec.ts:163:33

    attachment #1: screenshot (image/png) ΓöÇΓöÇΓöÇΓöÇΓöÇΓöÇΓöÇΓöÇΓöÇΓöÇΓöÇΓöÇΓöÇΓöÇΓöÇΓöÇΓöÇΓöÇΓöÇΓöÇΓöÇΓöÇΓöÇΓöÇΓöÇΓöÇΓöÇΓöÇΓöÇΓöÇΓöÇΓöÇΓöÇΓöÇΓöÇΓöÇΓöÇΓöÇΓöÇΓöÇΓöÇΓöÇΓöÇΓöÇΓöÇΓöÇΓöÇΓöÇΓöÇΓöÇΓöÇΓöÇΓöÇΓöÇΓöÇΓöÇΓöÇΓöÇ
    test-results\e2e-checkout-Checkout-Checkout-page-displays-order-overview-firefox\test-failed-1.png
    ΓöÇΓöÇΓöÇΓöÇΓöÇΓöÇΓöÇΓöÇΓöÇΓöÇΓöÇΓöÇΓöÇΓöÇΓöÇΓöÇΓöÇΓöÇΓöÇΓöÇΓöÇΓöÇΓöÇΓöÇΓöÇΓöÇΓöÇΓöÇΓöÇΓöÇΓöÇΓöÇΓöÇΓöÇΓöÇΓöÇΓöÇΓöÇΓöÇΓöÇΓöÇΓöÇΓöÇΓöÇΓöÇΓöÇΓöÇΓöÇΓöÇΓöÇΓöÇΓöÇΓöÇΓöÇΓöÇΓöÇΓöÇΓöÇΓöÇΓöÇΓöÇΓöÇΓöÇΓöÇΓöÇΓöÇΓöÇΓöÇΓöÇΓöÇΓöÇΓöÇΓöÇΓöÇΓöÇΓöÇΓöÇΓöÇΓöÇΓöÇΓöÇΓöÇΓöÇΓöÇΓöÇΓöÇΓöÇΓöÇΓöÇΓöÇΓöÇΓöÇΓöÇΓöÇΓöÇΓöÇ

    Error Context: test-results\e2e-checkout-Checkout-Checkout-page-displays-order-overview-firefox\error-context.md


[1A[2K[213/369] [firefox] ΓÇ║ e2e\integration.spec.ts:80:7 ΓÇ║ Integration: Complex User Workflows ΓÇ║ Workflow: Browse all products, add selective items, review cart
[1A[2K  41) [firefox] ΓÇ║ e2e\cart.spec.ts:20:7 ΓÇ║ Shopping Cart ΓÇ║ Add same product twice to cart ΓöÇΓöÇΓöÇΓöÇΓöÇΓöÇΓöÇΓöÇΓöÇΓöÇΓöÇ

    [31mTest timeout of 30000ms exceeded.[39m

    Error: locator.click: Test timeout of 30000ms exceeded.
    Call log:
    [2m  - waiting for locator('.inventory_item').filter({ hasText: 'Sauce Labs Backpack' }).getByRole('button', { name: 'Add to cart' })[22m


       at pages\SauceProductsPage.ts:22

      20 |   async addProductToCart(productName: string) {
      21 |     const productCard = this.page.locator('.inventory_item', { hasText: productName });
    > 22 |     await productCard.getByRole('button', { name: 'Add to cart' }).click();
         |                                                                    ^
      23 |   }
      24 |
      25 |   async removeProductFromCart(productName: string) {
        at SauceProductsPage.addProductToCart (C:\Users\ABC\Desktop\local\playwright-cli-demo\pages\SauceProductsPage.ts:22:68)
        at C:\Users\ABC\Desktop\local\playwright-cli-demo\e2e\cart.spec.ts:28:24

    attachment #1: screenshot (image/png) ΓöÇΓöÇΓöÇΓöÇΓöÇΓöÇΓöÇΓöÇΓöÇΓöÇΓöÇΓöÇΓöÇΓöÇΓöÇΓöÇΓöÇΓöÇΓöÇΓöÇΓöÇΓöÇΓöÇΓöÇΓöÇΓöÇΓöÇΓöÇΓöÇΓöÇΓöÇΓöÇΓöÇΓöÇΓöÇΓöÇΓöÇΓöÇΓöÇΓöÇΓöÇΓöÇΓöÇΓöÇΓöÇΓöÇΓöÇΓöÇΓöÇΓöÇΓöÇΓöÇΓöÇΓöÇΓöÇΓöÇΓöÇΓöÇ
    test-results\e2e-cart-Shopping-Cart-Add-same-product-twice-to-cart-firefox\test-failed-1.png
    ΓöÇΓöÇΓöÇΓöÇΓöÇΓöÇΓöÇΓöÇΓöÇΓöÇΓöÇΓöÇΓöÇΓöÇΓöÇΓöÇΓöÇΓöÇΓöÇΓöÇΓöÇΓöÇΓöÇΓöÇΓöÇΓöÇΓöÇΓöÇΓöÇΓöÇΓöÇΓöÇΓöÇΓöÇΓöÇΓöÇΓöÇΓöÇΓöÇΓöÇΓöÇΓöÇΓöÇΓöÇΓöÇΓöÇΓöÇΓöÇΓöÇΓöÇΓöÇΓöÇΓöÇΓöÇΓöÇΓöÇΓöÇΓöÇΓöÇΓöÇΓöÇΓöÇΓöÇΓöÇΓöÇΓöÇΓöÇΓöÇΓöÇΓöÇΓöÇΓöÇΓöÇΓöÇΓöÇΓöÇΓöÇΓöÇΓöÇΓöÇΓöÇΓöÇΓöÇΓöÇΓöÇΓöÇΓöÇΓöÇΓöÇΓöÇΓöÇΓöÇΓöÇΓöÇΓöÇΓöÇ

    Error Context: test-results\e2e-cart-Shopping-Cart-Add-same-product-twice-to-cart-firefox\error-context.md


[1A[2K[214/369] [firefox] ΓÇ║ e2e\integration.spec.ts:104:7 ΓÇ║ Integration: Complex User Workflows ΓÇ║ Workflow: Add ΓåÆ Remove ΓåÆ Add Again the same product
[1A[2K[215/369] [firefox] ΓÇ║ e2e\integration.spec.ts:130:7 ΓÇ║ Integration: Complex User Workflows ΓÇ║ Workflow: Sort changes, add item, sort again, verify item still in cart
[1A[2K  42) [firefox] ΓÇ║ e2e\cart.spec.ts:232:7 ΓÇ║ Shopping Cart ΓÇ║ Add all available products to cart ΓöÇΓöÇΓöÇΓöÇΓöÇΓöÇ

    [31mTest timeout of 30000ms exceeded.[39m

    Error: locator.click: Test timeout of 30000ms exceeded.
    Call log:
    [2m  - waiting for locator('.inventory_item button:has-text("Add to cart")').nth(3)[22m


      242 |
      243 |     for (let i = 0; i < productsToAdd; i++) {
    > 244 |       await productButtons.nth(i).click();
          |                                   ^
      245 |     }
      246 |
      247 |     await expect(productsPage.cartBadge).toHaveText(productsToAdd.toString());
        at C:\Users\ABC\Desktop\local\playwright-cli-demo\e2e\cart.spec.ts:244:35

    attachment #1: screenshot (image/png) ΓöÇΓöÇΓöÇΓöÇΓöÇΓöÇΓöÇΓöÇΓöÇΓöÇΓöÇΓöÇΓöÇΓöÇΓöÇΓöÇΓöÇΓöÇΓöÇΓöÇΓöÇΓöÇΓöÇΓöÇΓöÇΓöÇΓöÇΓöÇΓöÇΓöÇΓöÇΓöÇΓöÇΓöÇΓöÇΓöÇΓöÇΓöÇΓöÇΓöÇΓöÇΓöÇΓöÇΓöÇΓöÇΓöÇΓöÇΓöÇΓöÇΓöÇΓöÇΓöÇΓöÇΓöÇΓöÇΓöÇΓöÇΓöÇ
    test-results\e2e-cart-Shopping-Cart-Add-all-available-products-to-cart-firefox\test-failed-1.png
    ΓöÇΓöÇΓöÇΓöÇΓöÇΓöÇΓöÇΓöÇΓöÇΓöÇΓöÇΓöÇΓöÇΓöÇΓöÇΓöÇΓöÇΓöÇΓöÇΓöÇΓöÇΓöÇΓöÇΓöÇΓöÇΓöÇΓöÇΓöÇΓöÇΓöÇΓöÇΓöÇΓöÇΓöÇΓöÇΓöÇΓöÇΓöÇΓöÇΓöÇΓöÇΓöÇΓöÇΓöÇΓöÇΓöÇΓöÇΓöÇΓöÇΓöÇΓöÇΓöÇΓöÇΓöÇΓöÇΓöÇΓöÇΓöÇΓöÇΓöÇΓöÇΓöÇΓöÇΓöÇΓöÇΓöÇΓöÇΓöÇΓöÇΓöÇΓöÇΓöÇΓöÇΓöÇΓöÇΓöÇΓöÇΓöÇΓöÇΓöÇΓöÇΓöÇΓöÇΓöÇΓöÇΓöÇΓöÇΓöÇΓöÇΓöÇΓöÇΓöÇΓöÇΓöÇΓöÇΓöÇ

    Error Context: test-results\e2e-cart-Shopping-Cart-Add-all-available-products-to-cart-firefox\error-context.md


[1A[2K[216/369] [firefox] ΓÇ║ e2e\integration.spec.ts:165:7 ΓÇ║ Integration: Complex User Workflows ΓÇ║ Workflow: Session timeout scenario - logout/login preserves cart
[1A[2K[217/369] [firefox] ΓÇ║ e2e\integration.spec.ts:189:7 ΓÇ║ Integration: Complex User Workflows ΓÇ║ Workflow: Multiple users different carts
[1A[2K  43) [firefox] ΓÇ║ e2e\checkout.spec.ts:167:7 ΓÇ║ Checkout ΓÇ║ Checkout flow: problem user ΓöÇΓöÇΓöÇΓöÇΓöÇΓöÇΓöÇΓöÇΓöÇΓöÇΓöÇΓöÇΓöÇΓöÇ

    [31mTest timeout of 30000ms exceeded.[39m

    Error: locator.click: Test timeout of 30000ms exceeded.
    Call log:
    [2m  - waiting for getByRole('button', { name: 'Finish' })[22m


       at pages\SauceCheckoutPage.ts:30

      28 |
      29 |   async finishCheckout() {
    > 30 |     await this.finishButton.click();
         |                             ^
      31 |     await this.completeMessage.waitFor({ state: 'visible' });
      32 |   }
      33 | }
        at SauceCheckoutPage.finishCheckout (C:\Users\ABC\Desktop\local\playwright-cli-demo\pages\SauceCheckoutPage.ts:30:29)
        at C:\Users\ABC\Desktop\local\playwright-cli-demo\e2e\checkout.spec.ts:177:24

    attachment #1: screenshot (image/png) ΓöÇΓöÇΓöÇΓöÇΓöÇΓöÇΓöÇΓöÇΓöÇΓöÇΓöÇΓöÇΓöÇΓöÇΓöÇΓöÇΓöÇΓöÇΓöÇΓöÇΓöÇΓöÇΓöÇΓöÇΓöÇΓöÇΓöÇΓöÇΓöÇΓöÇΓöÇΓöÇΓöÇΓöÇΓöÇΓöÇΓöÇΓöÇΓöÇΓöÇΓöÇΓöÇΓöÇΓöÇΓöÇΓöÇΓöÇΓöÇΓöÇΓöÇΓöÇΓöÇΓöÇΓöÇΓöÇΓöÇΓöÇΓöÇ
    test-results\e2e-checkout-Checkout-Checkout-flow-problem-user-firefox\test-failed-1.png
    ΓöÇΓöÇΓöÇΓöÇΓöÇΓöÇΓöÇΓöÇΓöÇΓöÇΓöÇΓöÇΓöÇΓöÇΓöÇΓöÇΓöÇΓöÇΓöÇΓöÇΓöÇΓöÇΓöÇΓöÇΓöÇΓöÇΓöÇΓöÇΓöÇΓöÇΓöÇΓöÇΓöÇΓöÇΓöÇΓöÇΓöÇΓöÇΓöÇΓöÇΓöÇΓöÇΓöÇΓöÇΓöÇΓöÇΓöÇΓöÇΓöÇΓöÇΓöÇΓöÇΓöÇΓöÇΓöÇΓöÇΓöÇΓöÇΓöÇΓöÇΓöÇΓöÇΓöÇΓöÇΓöÇΓöÇΓöÇΓöÇΓöÇΓöÇΓöÇΓöÇΓöÇΓöÇΓöÇΓöÇΓöÇΓöÇΓöÇΓöÇΓöÇΓöÇΓöÇΓöÇΓöÇΓöÇΓöÇΓöÇΓöÇΓöÇΓöÇΓöÇΓöÇΓöÇΓöÇΓöÇ

    Error Context: test-results\e2e-checkout-Checkout-Checkout-flow-problem-user-firefox\error-context.md


[1A[2K[218/369] [firefox] ΓÇ║ e2e\integration.spec.ts:224:7 ΓÇ║ Integration: Complex User Workflows ΓÇ║ Workflow: Full shopping experience with multiple operations
[1A[2K  44) [firefox] ΓÇ║ e2e\integration.spec.ts:189:7 ΓÇ║ Integration: Complex User Workflows ΓÇ║ Workflow: Multiple users different carts 

    Error: [2mexpect([22m[31mreceived[39m[2m).[22mnot[2m.[22mtoBe[2m([22m[32mexpected[39m[2m) // Object.is equality[22m

    Expected: not [32m"1"[39m

      206 |     if (isVisible) {
      207 |       const count = await badge.textContent();
    > 208 |       expect(count).not.toBe('1');
          |                         ^
      209 |     }
      210 |
      211 |     // Add different item
        at C:\Users\ABC\Desktop\local\playwright-cli-demo\e2e\integration.spec.ts:208:25

    attachment #1: screenshot (image/png) ΓöÇΓöÇΓöÇΓöÇΓöÇΓöÇΓöÇΓöÇΓöÇΓöÇΓöÇΓöÇΓöÇΓöÇΓöÇΓöÇΓöÇΓöÇΓöÇΓöÇΓöÇΓöÇΓöÇΓöÇΓöÇΓöÇΓöÇΓöÇΓöÇΓöÇΓöÇΓöÇΓöÇΓöÇΓöÇΓöÇΓöÇΓöÇΓöÇΓöÇΓöÇΓöÇΓöÇΓöÇΓöÇΓöÇΓöÇΓöÇΓöÇΓöÇΓöÇΓöÇΓöÇΓöÇΓöÇΓöÇΓöÇΓöÇ
    test-results\e2e-integration-Integratio-45667-tiple-users-different-carts-firefox\test-failed-1.png
    ΓöÇΓöÇΓöÇΓöÇΓöÇΓöÇΓöÇΓöÇΓöÇΓöÇΓöÇΓöÇΓöÇΓöÇΓöÇΓöÇΓöÇΓöÇΓöÇΓöÇΓöÇΓöÇΓöÇΓöÇΓöÇΓöÇΓöÇΓöÇΓöÇΓöÇΓöÇΓöÇΓöÇΓöÇΓöÇΓöÇΓöÇΓöÇΓöÇΓöÇΓöÇΓöÇΓöÇΓöÇΓöÇΓöÇΓöÇΓöÇΓöÇΓöÇΓöÇΓöÇΓöÇΓöÇΓöÇΓöÇΓöÇΓöÇΓöÇΓöÇΓöÇΓöÇΓöÇΓöÇΓöÇΓöÇΓöÇΓöÇΓöÇΓöÇΓöÇΓöÇΓöÇΓöÇΓöÇΓöÇΓöÇΓöÇΓöÇΓöÇΓöÇΓöÇΓöÇΓöÇΓöÇΓöÇΓöÇΓöÇΓöÇΓöÇΓöÇΓöÇΓöÇΓöÇΓöÇΓöÇ

    Error Context: test-results\e2e-integration-Integratio-45667-tiple-users-different-carts-firefox\error-context.md


[1A[2K[219/369] [firefox] ΓÇ║ e2e\integration.spec.ts:270:7 ΓÇ║ Integration: Complex User Workflows ΓÇ║ Workflow: Price verification across product sorting
[1A[2K  45) [firefox] ΓÇ║ e2e\integration.spec.ts:9:7 ΓÇ║ Integration: Complex User Workflows ΓÇ║ End-to-end: Browse ΓåÆ Sort ΓåÆ Add ΓåÆ Checkout ΓåÆ Complete 

    [31mTest timeout of 30000ms exceeded.[39m

    Error: locator.selectOption: Test timeout of 30000ms exceeded.
    Call log:
    [2m  - waiting for locator('[data-test="productSort"]')[22m


       at pages\SauceProductsPage.ts:41

      39 |       'hilo': 'Price (high to low)',
      40 |     };
    > 41 |     await this.sortDropdown.selectOption(option);
         |                             ^
      42 |   }
      43 |
      44 |   async getCartCount() {
        at SauceProductsPage.sortBy (C:\Users\ABC\Desktop\local\playwright-cli-demo\pages\SauceProductsPage.ts:41:29)
        at C:\Users\ABC\Desktop\local\playwright-cli-demo\e2e\integration.spec.ts:18:24

    attachment #1: screenshot (image/png) ΓöÇΓöÇΓöÇΓöÇΓöÇΓöÇΓöÇΓöÇΓöÇΓöÇΓöÇΓöÇΓöÇΓöÇΓöÇΓöÇΓöÇΓöÇΓöÇΓöÇΓöÇΓöÇΓöÇΓöÇΓöÇΓöÇΓöÇΓöÇΓöÇΓöÇΓöÇΓöÇΓöÇΓöÇΓöÇΓöÇΓöÇΓöÇΓöÇΓöÇΓöÇΓöÇΓöÇΓöÇΓöÇΓöÇΓöÇΓöÇΓöÇΓöÇΓöÇΓöÇΓöÇΓöÇΓöÇΓöÇΓöÇΓöÇ
    test-results\e2e-integration-Integratio-390f6-ΓåÆ-Add-ΓåÆ-Checkout-ΓåÆ-Complete-firefox\test-failed-1.png
    ΓöÇΓöÇΓöÇΓöÇΓöÇΓöÇΓöÇΓöÇΓöÇΓöÇΓöÇΓöÇΓöÇΓöÇΓöÇΓöÇΓöÇΓöÇΓöÇΓöÇΓöÇΓöÇΓöÇΓöÇΓöÇΓöÇΓöÇΓöÇΓöÇΓöÇΓöÇΓöÇΓöÇΓöÇΓöÇΓöÇΓöÇΓöÇΓöÇΓöÇΓöÇΓöÇΓöÇΓöÇΓöÇΓöÇΓöÇΓöÇΓöÇΓöÇΓöÇΓöÇΓöÇΓöÇΓöÇΓöÇΓöÇΓöÇΓöÇΓöÇΓöÇΓöÇΓöÇΓöÇΓöÇΓöÇΓöÇΓöÇΓöÇΓöÇΓöÇΓöÇΓöÇΓöÇΓöÇΓöÇΓöÇΓöÇΓöÇΓöÇΓöÇΓöÇΓöÇΓöÇΓöÇΓöÇΓöÇΓöÇΓöÇΓöÇΓöÇΓöÇΓöÇΓöÇΓöÇΓöÇ

    Error Context: test-results\e2e-integration-Integratio-390f6-ΓåÆ-Add-ΓåÆ-Checkout-ΓåÆ-Complete-firefox\error-context.md


[1A[2K  46) [firefox] ΓÇ║ e2e\integration.spec.ts:44:7 ΓÇ║ Integration: Complex User Workflows ΓÇ║ Workflow: Add multiple products across different price points 

    [31mTest timeout of 30000ms exceeded.[39m

    Error: locator.selectOption: Test timeout of 30000ms exceeded.
    Call log:
    [2m  - waiting for locator('[data-test="productSort"]')[22m


       at pages\SauceProductsPage.ts:41

      39 |       'hilo': 'Price (high to low)',
      40 |     };
    > 41 |     await this.sortDropdown.selectOption(option);
         |                             ^
      42 |   }
      43 |
      44 |   async getCartCount() {
        at SauceProductsPage.sortBy (C:\Users\ABC\Desktop\local\playwright-cli-demo\pages\SauceProductsPage.ts:41:29)
        at C:\Users\ABC\Desktop\local\playwright-cli-demo\e2e\integration.spec.ts:49:24

    attachment #1: screenshot (image/png) ΓöÇΓöÇΓöÇΓöÇΓöÇΓöÇΓöÇΓöÇΓöÇΓöÇΓöÇΓöÇΓöÇΓöÇΓöÇΓöÇΓöÇΓöÇΓöÇΓöÇΓöÇΓöÇΓöÇΓöÇΓöÇΓöÇΓöÇΓöÇΓöÇΓöÇΓöÇΓöÇΓöÇΓöÇΓöÇΓöÇΓöÇΓöÇΓöÇΓöÇΓöÇΓöÇΓöÇΓöÇΓöÇΓöÇΓöÇΓöÇΓöÇΓöÇΓöÇΓöÇΓöÇΓöÇΓöÇΓöÇΓöÇΓöÇ
    test-results\e2e-integration-Integratio-96fe3-ross-different-price-points-firefox\test-failed-1.png
    ΓöÇΓöÇΓöÇΓöÇΓöÇΓöÇΓöÇΓöÇΓöÇΓöÇΓöÇΓöÇΓöÇΓöÇΓöÇΓöÇΓöÇΓöÇΓöÇΓöÇΓöÇΓöÇΓöÇΓöÇΓöÇΓöÇΓöÇΓöÇΓöÇΓöÇΓöÇΓöÇΓöÇΓöÇΓöÇΓöÇΓöÇΓöÇΓöÇΓöÇΓöÇΓöÇΓöÇΓöÇΓöÇΓöÇΓöÇΓöÇΓöÇΓöÇΓöÇΓöÇΓöÇΓöÇΓöÇΓöÇΓöÇΓöÇΓöÇΓöÇΓöÇΓöÇΓöÇΓöÇΓöÇΓöÇΓöÇΓöÇΓöÇΓöÇΓöÇΓöÇΓöÇΓöÇΓöÇΓöÇΓöÇΓöÇΓöÇΓöÇΓöÇΓöÇΓöÇΓöÇΓöÇΓöÇΓöÇΓöÇΓöÇΓöÇΓöÇΓöÇΓöÇΓöÇΓöÇΓöÇ

    Error Context: test-results\e2e-integration-Integratio-96fe3-ross-different-price-points-firefox\error-context.md


[1A[2K[220/369] [firefox] ΓÇ║ e2e\integration.spec.ts:302:7 ΓÇ║ Integration: Complex User Workflows ΓÇ║ Workflow: Checkout validation with incomplete info then completion
[1A[2K[221/369] [firefox] ΓÇ║ e2e\products.spec.ts:8:7 ΓÇ║ Product Browsing ΓÇ║ Products page loads with title
[1A[2K  47) [firefox] ΓÇ║ e2e\integration.spec.ts:80:7 ΓÇ║ Integration: Complex User Workflows ΓÇ║ Workflow: Browse all products, add selective items, review cart 

    [31mTest timeout of 30000ms exceeded.[39m

    Error: locator.click: Test timeout of 30000ms exceeded.
    Call log:
    [2m  - waiting for locator('.inventory_item button:has-text("Add to cart")').nth(4)[22m


      89 |     const addButtons = page.locator('.inventory_item button:has-text("Add to cart")');
      90 |     for (let i = 0; i < itemCount; i += 2) {
    > 91 |       await addButtons.nth(i).click();
         |                               ^
      92 |       await page.waitForTimeout(100);
      93 |     }
      94 |
        at C:\Users\ABC\Desktop\local\playwright-cli-demo\e2e\integration.spec.ts:91:31

    attachment #1: screenshot (image/png) ΓöÇΓöÇΓöÇΓöÇΓöÇΓöÇΓöÇΓöÇΓöÇΓöÇΓöÇΓöÇΓöÇΓöÇΓöÇΓöÇΓöÇΓöÇΓöÇΓöÇΓöÇΓöÇΓöÇΓöÇΓöÇΓöÇΓöÇΓöÇΓöÇΓöÇΓöÇΓöÇΓöÇΓöÇΓöÇΓöÇΓöÇΓöÇΓöÇΓöÇΓöÇΓöÇΓöÇΓöÇΓöÇΓöÇΓöÇΓöÇΓöÇΓöÇΓöÇΓöÇΓöÇΓöÇΓöÇΓöÇΓöÇΓöÇ
    test-results\e2e-integration-Integratio-38603-selective-items-review-cart-firefox\test-failed-1.png
    ΓöÇΓöÇΓöÇΓöÇΓöÇΓöÇΓöÇΓöÇΓöÇΓöÇΓöÇΓöÇΓöÇΓöÇΓöÇΓöÇΓöÇΓöÇΓöÇΓöÇΓöÇΓöÇΓöÇΓöÇΓöÇΓöÇΓöÇΓöÇΓöÇΓöÇΓöÇΓöÇΓöÇΓöÇΓöÇΓöÇΓöÇΓöÇΓöÇΓöÇΓöÇΓöÇΓöÇΓöÇΓöÇΓöÇΓöÇΓöÇΓöÇΓöÇΓöÇΓöÇΓöÇΓöÇΓöÇΓöÇΓöÇΓöÇΓöÇΓöÇΓöÇΓöÇΓöÇΓöÇΓöÇΓöÇΓöÇΓöÇΓöÇΓöÇΓöÇΓöÇΓöÇΓöÇΓöÇΓöÇΓöÇΓöÇΓöÇΓöÇΓöÇΓöÇΓöÇΓöÇΓöÇΓöÇΓöÇΓöÇΓöÇΓöÇΓöÇΓöÇΓöÇΓöÇΓöÇΓöÇ

    Error Context: test-results\e2e-integration-Integratio-38603-selective-items-review-cart-firefox\error-context.md


[1A[2K[222/369] [firefox] ΓÇ║ e2e\products.spec.ts:25:7 ΓÇ║ Product Browsing ΓÇ║ Each product displays required information
[1A[2K[223/369] [firefox] ΓÇ║ e2e\products.spec.ts:37:7 ΓÇ║ Product Browsing ΓÇ║ Sort products by name A to Z
[1A[2K[224/369] [firefox] ΓÇ║ e2e\products.spec.ts:16:7 ΓÇ║ Product Browsing ΓÇ║ Products page displays multiple products
[1A[2K[225/369] [firefox] ΓÇ║ e2e\products.spec.ts:54:7 ΓÇ║ Product Browsing ΓÇ║ Sort products by name Z to A
[1A[2K[226/369] [firefox] ΓÇ║ e2e\products.spec.ts:71:7 ΓÇ║ Product Browsing ΓÇ║ Sort products by price low to high
[1A[2K  48) [firefox] ΓÇ║ e2e\integration.spec.ts:130:7 ΓÇ║ Integration: Complex User Workflows ΓÇ║ Workflow: Sort changes, add item, sort again, verify item still in cart 

    [31mTest timeout of 30000ms exceeded.[39m

    Error: locator.selectOption: Test timeout of 30000ms exceeded.
    Call log:
    [2m  - waiting for locator('[data-test="productSort"]')[22m


       at pages\SauceProductsPage.ts:41

      39 |       'hilo': 'Price (high to low)',
      40 |     };
    > 41 |     await this.sortDropdown.selectOption(option);
         |                             ^
      42 |   }
      43 |
      44 |   async getCartCount() {
        at SauceProductsPage.sortBy (C:\Users\ABC\Desktop\local\playwright-cli-demo\pages\SauceProductsPage.ts:41:29)
        at C:\Users\ABC\Desktop\local\playwright-cli-demo\e2e\integration.spec.ts:135:24

    attachment #1: screenshot (image/png) ΓöÇΓöÇΓöÇΓöÇΓöÇΓöÇΓöÇΓöÇΓöÇΓöÇΓöÇΓöÇΓöÇΓöÇΓöÇΓöÇΓöÇΓöÇΓöÇΓöÇΓöÇΓöÇΓöÇΓöÇΓöÇΓöÇΓöÇΓöÇΓöÇΓöÇΓöÇΓöÇΓöÇΓöÇΓöÇΓöÇΓöÇΓöÇΓöÇΓöÇΓöÇΓöÇΓöÇΓöÇΓöÇΓöÇΓöÇΓöÇΓöÇΓöÇΓöÇΓöÇΓöÇΓöÇΓöÇΓöÇΓöÇΓöÇ
    test-results\e2e-integration-Integratio-fdb43-n-verify-item-still-in-cart-firefox\test-failed-1.png
    ΓöÇΓöÇΓöÇΓöÇΓöÇΓöÇΓöÇΓöÇΓöÇΓöÇΓöÇΓöÇΓöÇΓöÇΓöÇΓöÇΓöÇΓöÇΓöÇΓöÇΓöÇΓöÇΓöÇΓöÇΓöÇΓöÇΓöÇΓöÇΓöÇΓöÇΓöÇΓöÇΓöÇΓöÇΓöÇΓöÇΓöÇΓöÇΓöÇΓöÇΓöÇΓöÇΓöÇΓöÇΓöÇΓöÇΓöÇΓöÇΓöÇΓöÇΓöÇΓöÇΓöÇΓöÇΓöÇΓöÇΓöÇΓöÇΓöÇΓöÇΓöÇΓöÇΓöÇΓöÇΓöÇΓöÇΓöÇΓöÇΓöÇΓöÇΓöÇΓöÇΓöÇΓöÇΓöÇΓöÇΓöÇΓöÇΓöÇΓöÇΓöÇΓöÇΓöÇΓöÇΓöÇΓöÇΓöÇΓöÇΓöÇΓöÇΓöÇΓöÇΓöÇΓöÇΓöÇΓöÇ

    Error Context: test-results\e2e-integration-Integratio-fdb43-n-verify-item-still-in-cart-firefox\error-context.md


[1A[2K[227/369] [firefox] ΓÇ║ e2e\products.spec.ts:86:7 ΓÇ║ Product Browsing ΓÇ║ Sort products by price high to low
[1A[2K  49) [firefox] ΓÇ║ e2e\integration.spec.ts:224:7 ΓÇ║ Integration: Complex User Workflows ΓÇ║ Workflow: Full shopping experience with multiple operations 

    [31mTest timeout of 30000ms exceeded.[39m

    Error: locator.selectOption: Test timeout of 30000ms exceeded.
    Call log:
    [2m  - waiting for locator('[data-test="productSort"]')[22m


       at pages\SauceProductsPage.ts:41

      39 |       'hilo': 'Price (high to low)',
      40 |     };
    > 41 |     await this.sortDropdown.selectOption(option);
         |                             ^
      42 |   }
      43 |
      44 |   async getCartCount() {
        at SauceProductsPage.sortBy (C:\Users\ABC\Desktop\local\playwright-cli-demo\pages\SauceProductsPage.ts:41:29)
        at C:\Users\ABC\Desktop\local\playwright-cli-demo\e2e\integration.spec.ts:230:24

    attachment #1: screenshot (image/png) ΓöÇΓöÇΓöÇΓöÇΓöÇΓöÇΓöÇΓöÇΓöÇΓöÇΓöÇΓöÇΓöÇΓöÇΓöÇΓöÇΓöÇΓöÇΓöÇΓöÇΓöÇΓöÇΓöÇΓöÇΓöÇΓöÇΓöÇΓöÇΓöÇΓöÇΓöÇΓöÇΓöÇΓöÇΓöÇΓöÇΓöÇΓöÇΓöÇΓöÇΓöÇΓöÇΓöÇΓöÇΓöÇΓöÇΓöÇΓöÇΓöÇΓöÇΓöÇΓöÇΓöÇΓöÇΓöÇΓöÇΓöÇΓöÇ
    test-results\e2e-integration-Integratio-dae60-ce-with-multiple-operations-firefox\test-failed-1.png
    ΓöÇΓöÇΓöÇΓöÇΓöÇΓöÇΓöÇΓöÇΓöÇΓöÇΓöÇΓöÇΓöÇΓöÇΓöÇΓöÇΓöÇΓöÇΓöÇΓöÇΓöÇΓöÇΓöÇΓöÇΓöÇΓöÇΓöÇΓöÇΓöÇΓöÇΓöÇΓöÇΓöÇΓöÇΓöÇΓöÇΓöÇΓöÇΓöÇΓöÇΓöÇΓöÇΓöÇΓöÇΓöÇΓöÇΓöÇΓöÇΓöÇΓöÇΓöÇΓöÇΓöÇΓöÇΓöÇΓöÇΓöÇΓöÇΓöÇΓöÇΓöÇΓöÇΓöÇΓöÇΓöÇΓöÇΓöÇΓöÇΓöÇΓöÇΓöÇΓöÇΓöÇΓöÇΓöÇΓöÇΓöÇΓöÇΓöÇΓöÇΓöÇΓöÇΓöÇΓöÇΓöÇΓöÇΓöÇΓöÇΓöÇΓöÇΓöÇΓöÇΓöÇΓöÇΓöÇΓöÇ

    Error Context: test-results\e2e-integration-Integratio-dae60-ce-with-multiple-operations-firefox\error-context.md


[1A[2K  50) [firefox] ΓÇ║ e2e\integration.spec.ts:270:7 ΓÇ║ Integration: Complex User Workflows ΓÇ║ Workflow: Price verification across product sorting 

    [31mTest timeout of 30000ms exceeded.[39m

    Error: locator.selectOption: Test timeout of 30000ms exceeded.
    Call log:
    [2m  - waiting for locator('[data-test="productSort"]')[22m


       at pages\SauceProductsPage.ts:41

      39 |       'hilo': 'Price (high to low)',
      40 |     };
    > 41 |     await this.sortDropdown.selectOption(option);
         |                             ^
      42 |   }
      43 |
      44 |   async getCartCount() {
        at SauceProductsPage.sortBy (C:\Users\ABC\Desktop\local\playwright-cli-demo\pages\SauceProductsPage.ts:41:29)
        at C:\Users\ABC\Desktop\local\playwright-cli-demo\e2e\integration.spec.ts:278:24

    attachment #1: screenshot (image/png) ΓöÇΓöÇΓöÇΓöÇΓöÇΓöÇΓöÇΓöÇΓöÇΓöÇΓöÇΓöÇΓöÇΓöÇΓöÇΓöÇΓöÇΓöÇΓöÇΓöÇΓöÇΓöÇΓöÇΓöÇΓöÇΓöÇΓöÇΓöÇΓöÇΓöÇΓöÇΓöÇΓöÇΓöÇΓöÇΓöÇΓöÇΓöÇΓöÇΓöÇΓöÇΓöÇΓöÇΓöÇΓöÇΓöÇΓöÇΓöÇΓöÇΓöÇΓöÇΓöÇΓöÇΓöÇΓöÇΓöÇΓöÇΓöÇ
    test-results\e2e-integration-Integratio-b6f18-tion-across-product-sorting-firefox\test-failed-1.png
    ΓöÇΓöÇΓöÇΓöÇΓöÇΓöÇΓöÇΓöÇΓöÇΓöÇΓöÇΓöÇΓöÇΓöÇΓöÇΓöÇΓöÇΓöÇΓöÇΓöÇΓöÇΓöÇΓöÇΓöÇΓöÇΓöÇΓöÇΓöÇΓöÇΓöÇΓöÇΓöÇΓöÇΓöÇΓöÇΓöÇΓöÇΓöÇΓöÇΓöÇΓöÇΓöÇΓöÇΓöÇΓöÇΓöÇΓöÇΓöÇΓöÇΓöÇΓöÇΓöÇΓöÇΓöÇΓöÇΓöÇΓöÇΓöÇΓöÇΓöÇΓöÇΓöÇΓöÇΓöÇΓöÇΓöÇΓöÇΓöÇΓöÇΓöÇΓöÇΓöÇΓöÇΓöÇΓöÇΓöÇΓöÇΓöÇΓöÇΓöÇΓöÇΓöÇΓöÇΓöÇΓöÇΓöÇΓöÇΓöÇΓöÇΓöÇΓöÇΓöÇΓöÇΓöÇΓöÇΓöÇ

    Error Context: test-results\e2e-integration-Integratio-b6f18-tion-across-product-sorting-firefox\error-context.md


[1A[2K[228/369] [firefox] ΓÇ║ e2e\products.spec.ts:101:7 ΓÇ║ Product Browsing ΓÇ║ Verify all product prices are in correct format
[1A[2K[229/369] [firefox] ΓÇ║ e2e\products.spec.ts:113:7 ΓÇ║ Product Browsing ΓÇ║ Sort dropdown is functional
[1A[2K[230/369] [firefox] ΓÇ║ e2e\products.spec.ts:135:7 ΓÇ║ Product Browsing ΓÇ║ Product sorting persists with pagination
[1A[2K  51) [firefox] ΓÇ║ e2e\products.spec.ts:37:7 ΓÇ║ Product Browsing ΓÇ║ Sort products by name A to Z ΓöÇΓöÇΓöÇΓöÇΓöÇΓöÇ

    [31mTest timeout of 30000ms exceeded.[39m

    Error: locator.selectOption: Test timeout of 30000ms exceeded.
    Call log:
    [2m  - waiting for locator('[data-test="productSort"]')[22m


       at pages\SauceProductsPage.ts:41

      39 |       'hilo': 'Price (high to low)',
      40 |     };
    > 41 |     await this.sortDropdown.selectOption(option);
         |                             ^
      42 |   }
      43 |
      44 |   async getCartCount() {
        at SauceProductsPage.sortBy (C:\Users\ABC\Desktop\local\playwright-cli-demo\pages\SauceProductsPage.ts:41:29)
        at C:\Users\ABC\Desktop\local\playwright-cli-demo\e2e\products.spec.ts:41:24

    attachment #1: screenshot (image/png) ΓöÇΓöÇΓöÇΓöÇΓöÇΓöÇΓöÇΓöÇΓöÇΓöÇΓöÇΓöÇΓöÇΓöÇΓöÇΓöÇΓöÇΓöÇΓöÇΓöÇΓöÇΓöÇΓöÇΓöÇΓöÇΓöÇΓöÇΓöÇΓöÇΓöÇΓöÇΓöÇΓöÇΓöÇΓöÇΓöÇΓöÇΓöÇΓöÇΓöÇΓöÇΓöÇΓöÇΓöÇΓöÇΓöÇΓöÇΓöÇΓöÇΓöÇΓöÇΓöÇΓöÇΓöÇΓöÇΓöÇΓöÇΓöÇ
    test-results\e2e-products-Product-Browsing-Sort-products-by-name-A-to-Z-firefox\test-failed-1.png
    ΓöÇΓöÇΓöÇΓöÇΓöÇΓöÇΓöÇΓöÇΓöÇΓöÇΓöÇΓöÇΓöÇΓöÇΓöÇΓöÇΓöÇΓöÇΓöÇΓöÇΓöÇΓöÇΓöÇΓöÇΓöÇΓöÇΓöÇΓöÇΓöÇΓöÇΓöÇΓöÇΓöÇΓöÇΓöÇΓöÇΓöÇΓöÇΓöÇΓöÇΓöÇΓöÇΓöÇΓöÇΓöÇΓöÇΓöÇΓöÇΓöÇΓöÇΓöÇΓöÇΓöÇΓöÇΓöÇΓöÇΓöÇΓöÇΓöÇΓöÇΓöÇΓöÇΓöÇΓöÇΓöÇΓöÇΓöÇΓöÇΓöÇΓöÇΓöÇΓöÇΓöÇΓöÇΓöÇΓöÇΓöÇΓöÇΓöÇΓöÇΓöÇΓöÇΓöÇΓöÇΓöÇΓöÇΓöÇΓöÇΓöÇΓöÇΓöÇΓöÇΓöÇΓöÇΓöÇΓöÇ

    Error Context: test-results\e2e-products-Product-Browsing-Sort-products-by-name-A-to-Z-firefox\error-context.md


[1A[2K  52) [firefox] ΓÇ║ e2e\products.spec.ts:54:7 ΓÇ║ Product Browsing ΓÇ║ Sort products by name Z to A ΓöÇΓöÇΓöÇΓöÇΓöÇΓöÇ

    [31mTest timeout of 30000ms exceeded.[39m

    Error: locator.selectOption: Test timeout of 30000ms exceeded.
    Call log:
    [2m  - waiting for locator('[data-test="productSort"]')[22m


       at pages\SauceProductsPage.ts:41

      39 |       'hilo': 'Price (high to low)',
      40 |     };
    > 41 |     await this.sortDropdown.selectOption(option);
         |                             ^
      42 |   }
      43 |
      44 |   async getCartCount() {
        at SauceProductsPage.sortBy (C:\Users\ABC\Desktop\local\playwright-cli-demo\pages\SauceProductsPage.ts:41:29)
        at C:\Users\ABC\Desktop\local\playwright-cli-demo\e2e\products.spec.ts:58:24

    attachment #1: screenshot (image/png) ΓöÇΓöÇΓöÇΓöÇΓöÇΓöÇΓöÇΓöÇΓöÇΓöÇΓöÇΓöÇΓöÇΓöÇΓöÇΓöÇΓöÇΓöÇΓöÇΓöÇΓöÇΓöÇΓöÇΓöÇΓöÇΓöÇΓöÇΓöÇΓöÇΓöÇΓöÇΓöÇΓöÇΓöÇΓöÇΓöÇΓöÇΓöÇΓöÇΓöÇΓöÇΓöÇΓöÇΓöÇΓöÇΓöÇΓöÇΓöÇΓöÇΓöÇΓöÇΓöÇΓöÇΓöÇΓöÇΓöÇΓöÇΓöÇ
    test-results\e2e-products-Product-Browsing-Sort-products-by-name-Z-to-A-firefox\test-failed-1.png
    ΓöÇΓöÇΓöÇΓöÇΓöÇΓöÇΓöÇΓöÇΓöÇΓöÇΓöÇΓöÇΓöÇΓöÇΓöÇΓöÇΓöÇΓöÇΓöÇΓöÇΓöÇΓöÇΓöÇΓöÇΓöÇΓöÇΓöÇΓöÇΓöÇΓöÇΓöÇΓöÇΓöÇΓöÇΓöÇΓöÇΓöÇΓöÇΓöÇΓöÇΓöÇΓöÇΓöÇΓöÇΓöÇΓöÇΓöÇΓöÇΓöÇΓöÇΓöÇΓöÇΓöÇΓöÇΓöÇΓöÇΓöÇΓöÇΓöÇΓöÇΓöÇΓöÇΓöÇΓöÇΓöÇΓöÇΓöÇΓöÇΓöÇΓöÇΓöÇΓöÇΓöÇΓöÇΓöÇΓöÇΓöÇΓöÇΓöÇΓöÇΓöÇΓöÇΓöÇΓöÇΓöÇΓöÇΓöÇΓöÇΓöÇΓöÇΓöÇΓöÇΓöÇΓöÇΓöÇΓöÇ

    Error Context: test-results\e2e-products-Product-Browsing-Sort-products-by-name-Z-to-A-firefox\error-context.md


[1A[2K[231/369] [firefox] ΓÇ║ e2e\products.spec.ts:151:7 ΓÇ║ Product Browsing ΓÇ║ Cart interaction does not affect sort order
[1A[2K[232/369] [firefox] ΓÇ║ e2e\products.spec.ts:173:7 ΓÇ║ Product Browsing ΓÇ║ Add to cart button is available for all products
[1A[2K  53) [firefox] ΓÇ║ e2e\products.spec.ts:71:7 ΓÇ║ Product Browsing ΓÇ║ Sort products by price low to high 

    [31mTest timeout of 30000ms exceeded.[39m

    Error: locator.selectOption: Test timeout of 30000ms exceeded.
    Call log:
    [2m  - waiting for locator('[data-test="productSort"]')[22m


       at pages\SauceProductsPage.ts:41

      39 |       'hilo': 'Price (high to low)',
      40 |     };
    > 41 |     await this.sortDropdown.selectOption(option);
         |                             ^
      42 |   }
      43 |
      44 |   async getCartCount() {
        at SauceProductsPage.sortBy (C:\Users\ABC\Desktop\local\playwright-cli-demo\pages\SauceProductsPage.ts:41:29)
        at C:\Users\ABC\Desktop\local\playwright-cli-demo\e2e\products.spec.ts:75:24

    attachment #1: screenshot (image/png) ΓöÇΓöÇΓöÇΓöÇΓöÇΓöÇΓöÇΓöÇΓöÇΓöÇΓöÇΓöÇΓöÇΓöÇΓöÇΓöÇΓöÇΓöÇΓöÇΓöÇΓöÇΓöÇΓöÇΓöÇΓöÇΓöÇΓöÇΓöÇΓöÇΓöÇΓöÇΓöÇΓöÇΓöÇΓöÇΓöÇΓöÇΓöÇΓöÇΓöÇΓöÇΓöÇΓöÇΓöÇΓöÇΓöÇΓöÇΓöÇΓöÇΓöÇΓöÇΓöÇΓöÇΓöÇΓöÇΓöÇΓöÇΓöÇ
    test-results\e2e-products-Product-Brows-69e26-oducts-by-price-low-to-high-firefox\test-failed-1.png
    ΓöÇΓöÇΓöÇΓöÇΓöÇΓöÇΓöÇΓöÇΓöÇΓöÇΓöÇΓöÇΓöÇΓöÇΓöÇΓöÇΓöÇΓöÇΓöÇΓöÇΓöÇΓöÇΓöÇΓöÇΓöÇΓöÇΓöÇΓöÇΓöÇΓöÇΓöÇΓöÇΓöÇΓöÇΓöÇΓöÇΓöÇΓöÇΓöÇΓöÇΓöÇΓöÇΓöÇΓöÇΓöÇΓöÇΓöÇΓöÇΓöÇΓöÇΓöÇΓöÇΓöÇΓöÇΓöÇΓöÇΓöÇΓöÇΓöÇΓöÇΓöÇΓöÇΓöÇΓöÇΓöÇΓöÇΓöÇΓöÇΓöÇΓöÇΓöÇΓöÇΓöÇΓöÇΓöÇΓöÇΓöÇΓöÇΓöÇΓöÇΓöÇΓöÇΓöÇΓöÇΓöÇΓöÇΓöÇΓöÇΓöÇΓöÇΓöÇΓöÇΓöÇΓöÇΓöÇΓöÇ

    Error Context: test-results\e2e-products-Product-Brows-69e26-oducts-by-price-low-to-high-firefox\error-context.md


[1A[2K[233/369] [firefox] ΓÇ║ e2e\products.spec.ts:197:7 ΓÇ║ Product Browsing ΓÇ║ Product descriptions are visible
[1A[2K[234/369] [firefox] ΓÇ║ e2e\products.spec.ts:208:7 ΓÇ║ Product Browsing ΓÇ║ Change sort multiple times in one session
[1A[2K[235/369] [firefox] ΓÇ║ e2e\products.spec.ts:184:7 ΓÇ║ Product Browsing ΓÇ║ Product prices are visible and readable
[1A[2K  54) [firefox] ΓÇ║ e2e\products.spec.ts:86:7 ΓÇ║ Product Browsing ΓÇ║ Sort products by price high to low 

    [31mTest timeout of 30000ms exceeded.[39m

    Error: locator.selectOption: Test timeout of 30000ms exceeded.
    Call log:
    [2m  - waiting for locator('[data-test="productSort"]')[22m


       at pages\SauceProductsPage.ts:41

      39 |       'hilo': 'Price (high to low)',
      40 |     };
    > 41 |     await this.sortDropdown.selectOption(option);
         |                             ^
      42 |   }
      43 |
      44 |   async getCartCount() {
        at SauceProductsPage.sortBy (C:\Users\ABC\Desktop\local\playwright-cli-demo\pages\SauceProductsPage.ts:41:29)
        at C:\Users\ABC\Desktop\local\playwright-cli-demo\e2e\products.spec.ts:90:24

    attachment #1: screenshot (image/png) ΓöÇΓöÇΓöÇΓöÇΓöÇΓöÇΓöÇΓöÇΓöÇΓöÇΓöÇΓöÇΓöÇΓöÇΓöÇΓöÇΓöÇΓöÇΓöÇΓöÇΓöÇΓöÇΓöÇΓöÇΓöÇΓöÇΓöÇΓöÇΓöÇΓöÇΓöÇΓöÇΓöÇΓöÇΓöÇΓöÇΓöÇΓöÇΓöÇΓöÇΓöÇΓöÇΓöÇΓöÇΓöÇΓöÇΓöÇΓöÇΓöÇΓöÇΓöÇΓöÇΓöÇΓöÇΓöÇΓöÇΓöÇΓöÇ
    test-results\e2e-products-Product-Brows-13988-oducts-by-price-high-to-low-firefox\test-failed-1.png
    ΓöÇΓöÇΓöÇΓöÇΓöÇΓöÇΓöÇΓöÇΓöÇΓöÇΓöÇΓöÇΓöÇΓöÇΓöÇΓöÇΓöÇΓöÇΓöÇΓöÇΓöÇΓöÇΓöÇΓöÇΓöÇΓöÇΓöÇΓöÇΓöÇΓöÇΓöÇΓöÇΓöÇΓöÇΓöÇΓöÇΓöÇΓöÇΓöÇΓöÇΓöÇΓöÇΓöÇΓöÇΓöÇΓöÇΓöÇΓöÇΓöÇΓöÇΓöÇΓöÇΓöÇΓöÇΓöÇΓöÇΓöÇΓöÇΓöÇΓöÇΓöÇΓöÇΓöÇΓöÇΓöÇΓöÇΓöÇΓöÇΓöÇΓöÇΓöÇΓöÇΓöÇΓöÇΓöÇΓöÇΓöÇΓöÇΓöÇΓöÇΓöÇΓöÇΓöÇΓöÇΓöÇΓöÇΓöÇΓöÇΓöÇΓöÇΓöÇΓöÇΓöÇΓöÇΓöÇΓöÇ

    Error Context: test-results\e2e-products-Product-Brows-13988-oducts-by-price-high-to-low-firefox\error-context.md


[1A[2K[236/369] [firefox] ΓÇ║ e2e\products.spec.ts:251:7 ΓÇ║ Product Browsing ΓÇ║ Default sort order on page load
[1A[2K[237/369] [firefox] ΓÇ║ e2e\products.spec.ts:234:7 ΓÇ║ Product Browsing ΓÇ║ Verify specific product availability
[1A[2K[238/369] [firefox] ΓÇ║ e2e\saucedemo.spec.ts:8:7 ΓÇ║ SauceDemo critical flows (POM) ΓÇ║ Login negative: invalid credentials
[1A[2K[239/369] [firefox] ΓÇ║ e2e\saucedemo.spec.ts:14:7 ΓÇ║ SauceDemo critical flows (POM) ΓÇ║ Login positive + add product to cart + checkout
[1A[2K[240/369] [firefox] ΓÇ║ e2e\saucedemo.spec.ts:33:7 ΓÇ║ SauceDemo critical flows (POM) ΓÇ║ Required field enforcement at checkout
[1A[2K[241/369] [firefox] ΓÇ║ e2e\saucedemo.spec.ts:46:7 ΓÇ║ SauceDemo critical flows (POM) ΓÇ║ Remove item from cart
[1A[2K[242/369] [firefox] ΓÇ║ e2e\saucedemo.spec.ts:62:7 ΓÇ║ SauceDemo critical flows (POM) ΓÇ║ Sort products by price (low to high)
[1A[2K[243/369] [firefox] ΓÇ║ e2e\saucedemo.spec.ts:76:7 ΓÇ║ SauceDemo critical flows (POM) ΓÇ║ Sort products by price (high to low)
[1A[2K  55) [firefox] ΓÇ║ e2e\products.spec.ts:113:7 ΓÇ║ Product Browsing ΓÇ║ Sort dropdown is functional ΓöÇΓöÇΓöÇΓöÇΓöÇΓöÇ

    [31mTest timeout of 30000ms exceeded.[39m

    Error: locator.selectOption: Test timeout of 30000ms exceeded.
    Call log:
    [2m  - waiting for locator('[data-test="productSort"]')[22m


       at pages\SauceProductsPage.ts:41

      39 |       'hilo': 'Price (high to low)',
      40 |     };
    > 41 |     await this.sortDropdown.selectOption(option);
         |                             ^
      42 |   }
      43 |
      44 |   async getCartCount() {
        at SauceProductsPage.sortBy (C:\Users\ABC\Desktop\local\playwright-cli-demo\pages\SauceProductsPage.ts:41:29)
        at C:\Users\ABC\Desktop\local\playwright-cli-demo\e2e\products.spec.ts:123:24

    attachment #1: screenshot (image/png) ΓöÇΓöÇΓöÇΓöÇΓöÇΓöÇΓöÇΓöÇΓöÇΓöÇΓöÇΓöÇΓöÇΓöÇΓöÇΓöÇΓöÇΓöÇΓöÇΓöÇΓöÇΓöÇΓöÇΓöÇΓöÇΓöÇΓöÇΓöÇΓöÇΓöÇΓöÇΓöÇΓöÇΓöÇΓöÇΓöÇΓöÇΓöÇΓöÇΓöÇΓöÇΓöÇΓöÇΓöÇΓöÇΓöÇΓöÇΓöÇΓöÇΓöÇΓöÇΓöÇΓöÇΓöÇΓöÇΓöÇΓöÇΓöÇ
    test-results\e2e-products-Product-Browsing-Sort-dropdown-is-functional-firefox\test-failed-1.png
    ΓöÇΓöÇΓöÇΓöÇΓöÇΓöÇΓöÇΓöÇΓöÇΓöÇΓöÇΓöÇΓöÇΓöÇΓöÇΓöÇΓöÇΓöÇΓöÇΓöÇΓöÇΓöÇΓöÇΓöÇΓöÇΓöÇΓöÇΓöÇΓöÇΓöÇΓöÇΓöÇΓöÇΓöÇΓöÇΓöÇΓöÇΓöÇΓöÇΓöÇΓöÇΓöÇΓöÇΓöÇΓöÇΓöÇΓöÇΓöÇΓöÇΓöÇΓöÇΓöÇΓöÇΓöÇΓöÇΓöÇΓöÇΓöÇΓöÇΓöÇΓöÇΓöÇΓöÇΓöÇΓöÇΓöÇΓöÇΓöÇΓöÇΓöÇΓöÇΓöÇΓöÇΓöÇΓöÇΓöÇΓöÇΓöÇΓöÇΓöÇΓöÇΓöÇΓöÇΓöÇΓöÇΓöÇΓöÇΓöÇΓöÇΓöÇΓöÇΓöÇΓöÇΓöÇΓöÇΓöÇ

    Error Context: test-results\e2e-products-Product-Browsing-Sort-dropdown-is-functional-firefox\error-context.md


[1A[2K  56) [firefox] ΓÇ║ e2e\products.spec.ts:135:7 ΓÇ║ Product Browsing ΓÇ║ Product sorting persists with pagination 

    [31mTest timeout of 30000ms exceeded.[39m

    Error: locator.selectOption: Test timeout of 30000ms exceeded.
    Call log:
    [2m  - waiting for locator('[data-test="productSort"]')[22m


       at pages\SauceProductsPage.ts:41

      39 |       'hilo': 'Price (high to low)',
      40 |     };
    > 41 |     await this.sortDropdown.selectOption(option);
         |                             ^
      42 |   }
      43 |
      44 |   async getCartCount() {
        at SauceProductsPage.sortBy (C:\Users\ABC\Desktop\local\playwright-cli-demo\pages\SauceProductsPage.ts:41:29)
        at C:\Users\ABC\Desktop\local\playwright-cli-demo\e2e\products.spec.ts:140:24

    attachment #1: screenshot (image/png) ΓöÇΓöÇΓöÇΓöÇΓöÇΓöÇΓöÇΓöÇΓöÇΓöÇΓöÇΓöÇΓöÇΓöÇΓöÇΓöÇΓöÇΓöÇΓöÇΓöÇΓöÇΓöÇΓöÇΓöÇΓöÇΓöÇΓöÇΓöÇΓöÇΓöÇΓöÇΓöÇΓöÇΓöÇΓöÇΓöÇΓöÇΓöÇΓöÇΓöÇΓöÇΓöÇΓöÇΓöÇΓöÇΓöÇΓöÇΓöÇΓöÇΓöÇΓöÇΓöÇΓöÇΓöÇΓöÇΓöÇΓöÇΓöÇ
    test-results\e2e-products-Product-Brows-c663c-ng-persists-with-pagination-firefox\test-failed-1.png
    ΓöÇΓöÇΓöÇΓöÇΓöÇΓöÇΓöÇΓöÇΓöÇΓöÇΓöÇΓöÇΓöÇΓöÇΓöÇΓöÇΓöÇΓöÇΓöÇΓöÇΓöÇΓöÇΓöÇΓöÇΓöÇΓöÇΓöÇΓöÇΓöÇΓöÇΓöÇΓöÇΓöÇΓöÇΓöÇΓöÇΓöÇΓöÇΓöÇΓöÇΓöÇΓöÇΓöÇΓöÇΓöÇΓöÇΓöÇΓöÇΓöÇΓöÇΓöÇΓöÇΓöÇΓöÇΓöÇΓöÇΓöÇΓöÇΓöÇΓöÇΓöÇΓöÇΓöÇΓöÇΓöÇΓöÇΓöÇΓöÇΓöÇΓöÇΓöÇΓöÇΓöÇΓöÇΓöÇΓöÇΓöÇΓöÇΓöÇΓöÇΓöÇΓöÇΓöÇΓöÇΓöÇΓöÇΓöÇΓöÇΓöÇΓöÇΓöÇΓöÇΓöÇΓöÇΓöÇΓöÇ

    Error Context: test-results\e2e-products-Product-Brows-c663c-ng-persists-with-pagination-firefox\error-context.md


[1A[2K[244/369] [firefox] ΓÇ║ e2e\saucedemo.spec.ts:90:7 ΓÇ║ SauceDemo critical flows (POM) ΓÇ║ Logout and verify login required
[1A[2K[245/369] [firefox] ΓÇ║ e2e\saucedemo.spec.ts:101:7 ΓÇ║ SauceDemo critical flows (POM) ΓÇ║ Login persistence: items in cart persist after logout/login
[1A[2K[246/369] [firefox] ΓÇ║ e2e\saucedemo.spec.ts:122:7 ΓÇ║ SauceDemo critical flows (POM) ΓÇ║ Multiple products add/remove cart flow
[1A[2K  57) [firefox] ΓÇ║ e2e\products.spec.ts:151:7 ΓÇ║ Product Browsing ΓÇ║ Cart interaction does not affect sort order 

    [31mTest timeout of 30000ms exceeded.[39m

    Error: locator.selectOption: Test timeout of 30000ms exceeded.
    Call log:
    [2m  - waiting for locator('[data-test="productSort"]')[22m


       at pages\SauceProductsPage.ts:41

      39 |       'hilo': 'Price (high to low)',
      40 |     };
    > 41 |     await this.sortDropdown.selectOption(option);
         |                             ^
      42 |   }
      43 |
      44 |   async getCartCount() {
        at SauceProductsPage.sortBy (C:\Users\ABC\Desktop\local\playwright-cli-demo\pages\SauceProductsPage.ts:41:29)
        at C:\Users\ABC\Desktop\local\playwright-cli-demo\e2e\products.spec.ts:156:24

    attachment #1: screenshot (image/png) ΓöÇΓöÇΓöÇΓöÇΓöÇΓöÇΓöÇΓöÇΓöÇΓöÇΓöÇΓöÇΓöÇΓöÇΓöÇΓöÇΓöÇΓöÇΓöÇΓöÇΓöÇΓöÇΓöÇΓöÇΓöÇΓöÇΓöÇΓöÇΓöÇΓöÇΓöÇΓöÇΓöÇΓöÇΓöÇΓöÇΓöÇΓöÇΓöÇΓöÇΓöÇΓöÇΓöÇΓöÇΓöÇΓöÇΓöÇΓöÇΓöÇΓöÇΓöÇΓöÇΓöÇΓöÇΓöÇΓöÇΓöÇΓöÇ
    test-results\e2e-products-Product-Brows-53d13--does-not-affect-sort-order-firefox\test-failed-1.png
    ΓöÇΓöÇΓöÇΓöÇΓöÇΓöÇΓöÇΓöÇΓöÇΓöÇΓöÇΓöÇΓöÇΓöÇΓöÇΓöÇΓöÇΓöÇΓöÇΓöÇΓöÇΓöÇΓöÇΓöÇΓöÇΓöÇΓöÇΓöÇΓöÇΓöÇΓöÇΓöÇΓöÇΓöÇΓöÇΓöÇΓöÇΓöÇΓöÇΓöÇΓöÇΓöÇΓöÇΓöÇΓöÇΓöÇΓöÇΓöÇΓöÇΓöÇΓöÇΓöÇΓöÇΓöÇΓöÇΓöÇΓöÇΓöÇΓöÇΓöÇΓöÇΓöÇΓöÇΓöÇΓöÇΓöÇΓöÇΓöÇΓöÇΓöÇΓöÇΓöÇΓöÇΓöÇΓöÇΓöÇΓöÇΓöÇΓöÇΓöÇΓöÇΓöÇΓöÇΓöÇΓöÇΓöÇΓöÇΓöÇΓöÇΓöÇΓöÇΓöÇΓöÇΓöÇΓöÇΓöÇ

    Error Context: test-results\e2e-products-Product-Brows-53d13--does-not-affect-sort-order-firefox\error-context.md


[1A[2K[247/369] [webkit] ΓÇ║ api\auth.spec.ts:6:7 ΓÇ║ API: Authentication Endpoints ΓÇ║ API: Login endpoint returns valid session
[1A[2K[248/369] [webkit] ΓÇ║ api\auth.spec.ts:23:7 ΓÇ║ API: Authentication Endpoints ΓÇ║ API: Login with invalid credentials returns 401
[1A[2K[249/369] [webkit] ΓÇ║ api\auth.spec.ts:48:7 ΓÇ║ API: Authentication Endpoints ΓÇ║ API: Logout endpoint clears session
[1A[2K[250/369] [webkit] ΓÇ║ api\auth.spec.ts:65:7 ΓÇ║ API: Authentication Endpoints ΓÇ║ API: Session validation returns current user info
[1A[2K[251/369] [webkit] ΓÇ║ api\auth.spec.ts:79:7 ΓÇ║ API: Authentication Endpoints ΓÇ║ API: Missing authentication header is rejected
[1A[2K  58) [firefox] ΓÇ║ e2e\products.spec.ts:208:7 ΓÇ║ Product Browsing ΓÇ║ Change sort multiple times in one session 

    [31mTest timeout of 30000ms exceeded.[39m

    Error: locator.selectOption: Test timeout of 30000ms exceeded.
    Call log:
    [2m  - waiting for locator('[data-test="productSort"]')[22m


       at pages\SauceProductsPage.ts:41

      39 |       'hilo': 'Price (high to low)',
      40 |     };
    > 41 |     await this.sortDropdown.selectOption(option);
         |                             ^
      42 |   }
      43 |
      44 |   async getCartCount() {
        at SauceProductsPage.sortBy (C:\Users\ABC\Desktop\local\playwright-cli-demo\pages\SauceProductsPage.ts:41:29)
        at C:\Users\ABC\Desktop\local\playwright-cli-demo\e2e\products.spec.ts:213:24

    attachment #1: screenshot (image/png) ΓöÇΓöÇΓöÇΓöÇΓöÇΓöÇΓöÇΓöÇΓöÇΓöÇΓöÇΓöÇΓöÇΓöÇΓöÇΓöÇΓöÇΓöÇΓöÇΓöÇΓöÇΓöÇΓöÇΓöÇΓöÇΓöÇΓöÇΓöÇΓöÇΓöÇΓöÇΓöÇΓöÇΓöÇΓöÇΓöÇΓöÇΓöÇΓöÇΓöÇΓöÇΓöÇΓöÇΓöÇΓöÇΓöÇΓöÇΓöÇΓöÇΓöÇΓöÇΓöÇΓöÇΓöÇΓöÇΓöÇΓöÇΓöÇ
    test-results\e2e-products-Product-Brows-b64fc-ltiple-times-in-one-session-firefox\test-failed-1.png
    ΓöÇΓöÇΓöÇΓöÇΓöÇΓöÇΓöÇΓöÇΓöÇΓöÇΓöÇΓöÇΓöÇΓöÇΓöÇΓöÇΓöÇΓöÇΓöÇΓöÇΓöÇΓöÇΓöÇΓöÇΓöÇΓöÇΓöÇΓöÇΓöÇΓöÇΓöÇΓöÇΓöÇΓöÇΓöÇΓöÇΓöÇΓöÇΓöÇΓöÇΓöÇΓöÇΓöÇΓöÇΓöÇΓöÇΓöÇΓöÇΓöÇΓöÇΓöÇΓöÇΓöÇΓöÇΓöÇΓöÇΓöÇΓöÇΓöÇΓöÇΓöÇΓöÇΓöÇΓöÇΓöÇΓöÇΓöÇΓöÇΓöÇΓöÇΓöÇΓöÇΓöÇΓöÇΓöÇΓöÇΓöÇΓöÇΓöÇΓöÇΓöÇΓöÇΓöÇΓöÇΓöÇΓöÇΓöÇΓöÇΓöÇΓöÇΓöÇΓöÇΓöÇΓöÇΓöÇΓöÇ

    Error Context: test-results\e2e-products-Product-Brows-b64fc-ltiple-times-in-one-session-firefox\error-context.md


[1A[2K[252/369] [webkit] ΓÇ║ api\auth.spec.ts:121:7 ΓÇ║ API: Authentication Endpoints ΓÇ║ API: Multiple login attempts with rate limiting
[1A[2K[253/369] [webkit] ΓÇ║ api\cart.spec.ts:8:7 ΓÇ║ API: Cart Endpoints ΓÇ║ API: Add item to cart creates cart entry
[1A[2K[254/369] [webkit] ΓÇ║ api\cart.spec.ts:35:7 ΓÇ║ API: Cart Endpoints ΓÇ║ API: Get cart returns all items
[1A[2K[255/369] [webkit] ΓÇ║ api\auth.spec.ts:93:7 ΓÇ║ API: Authentication Endpoints ΓÇ║ API: Token refresh endpoint extends session
[1A[2K[256/369] [webkit] ΓÇ║ api\cart.spec.ts:64:7 ΓÇ║ API: Cart Endpoints ΓÇ║ API: Remove item from cart
[1A[2K  59) [webkit] ΓÇ║ api\auth.spec.ts:121:7 ΓÇ║ API: Authentication Endpoints ΓÇ║ API: Multiple login attempts with rate limiting 

    Error: [2mexpect([22m[31mreceived[39m[2m).[22mtoBe[2m([22m[32mexpected[39m[2m) // Object.is equality[22m

    Expected: [32m4[39m
    Received: [31m0[39m

      156 |     }
      157 |
    > 158 |     expect(loginAttempts).toBe(4);
          |                           ^
      159 |   });
      160 | });
      161 |
        at C:\Users\ABC\Desktop\local\playwright-cli-demo\api\auth.spec.ts:158:27

    attachment #1: screenshot (image/png) ΓöÇΓöÇΓöÇΓöÇΓöÇΓöÇΓöÇΓöÇΓöÇΓöÇΓöÇΓöÇΓöÇΓöÇΓöÇΓöÇΓöÇΓöÇΓöÇΓöÇΓöÇΓöÇΓöÇΓöÇΓöÇΓöÇΓöÇΓöÇΓöÇΓöÇΓöÇΓöÇΓöÇΓöÇΓöÇΓöÇΓöÇΓöÇΓöÇΓöÇΓöÇΓöÇΓöÇΓöÇΓöÇΓöÇΓöÇΓöÇΓöÇΓöÇΓöÇΓöÇΓöÇΓöÇΓöÇΓöÇΓöÇΓöÇ
    test-results\api-auth-API-Authenticatio-22a1b-attempts-with-rate-limiting-webkit\test-failed-1.png
    ΓöÇΓöÇΓöÇΓöÇΓöÇΓöÇΓöÇΓöÇΓöÇΓöÇΓöÇΓöÇΓöÇΓöÇΓöÇΓöÇΓöÇΓöÇΓöÇΓöÇΓöÇΓöÇΓöÇΓöÇΓöÇΓöÇΓöÇΓöÇΓöÇΓöÇΓöÇΓöÇΓöÇΓöÇΓöÇΓöÇΓöÇΓöÇΓöÇΓöÇΓöÇΓöÇΓöÇΓöÇΓöÇΓöÇΓöÇΓöÇΓöÇΓöÇΓöÇΓöÇΓöÇΓöÇΓöÇΓöÇΓöÇΓöÇΓöÇΓöÇΓöÇΓöÇΓöÇΓöÇΓöÇΓöÇΓöÇΓöÇΓöÇΓöÇΓöÇΓöÇΓöÇΓöÇΓöÇΓöÇΓöÇΓöÇΓöÇΓöÇΓöÇΓöÇΓöÇΓöÇΓöÇΓöÇΓöÇΓöÇΓöÇΓöÇΓöÇΓöÇΓöÇΓöÇΓöÇΓöÇ

    Error Context: test-results\api-auth-API-Authenticatio-22a1b-attempts-with-rate-limiting-webkit\error-context.md


[1A[2K[257/369] [webkit] ΓÇ║ api\cart.spec.ts:128:7 ΓÇ║ API: Cart Endpoints ΓÇ║ API: Clear entire cart
[1A[2K[258/369] [webkit] ΓÇ║ api\cart.spec.ts:158:7 ΓÇ║ API: Cart Endpoints ΓÇ║ API: Get cart total price calculation
[1A[2K[259/369] [webkit] ΓÇ║ api\cart.spec.ts:186:7 ΓÇ║ API: Cart Endpoints ΓÇ║ API: Cart persistence across sessions
[1A[2K[260/369] [webkit] ΓÇ║ api\cart.spec.ts:96:7 ΓÇ║ API: Cart Endpoints ΓÇ║ API: Update cart item quantity
[1A[2K[261/369] [webkit] ΓÇ║ api\cart.spec.ts:216:7 ΓÇ║ API: Cart Endpoints ΓÇ║ API: cart endpoint with invalid item returns error
[1A[2K[262/369] [webkit] ΓÇ║ api\cart.spec.ts:239:7 ΓÇ║ API: Cart Endpoints ΓÇ║ API: Validate cart item limits
[1A[2K[263/369] [webkit] ΓÇ║ api\checkout.spec.ts:8:7 ΓÇ║ API: Checkout Endpoints ΓÇ║ API: Initiate checkout creates order
[1A[2K[264/369] [webkit] ΓÇ║ api\checkout.spec.ts:36:7 ΓÇ║ API: Checkout Endpoints ΓÇ║ API: Submit checkout info validates required fields
[1A[2K  60) [firefox] ΓÇ║ e2e\saucedemo.spec.ts:62:7 ΓÇ║ SauceDemo critical flows (POM) ΓÇ║ Sort products by price (low to high) 

    [31mTest timeout of 30000ms exceeded.[39m

    Error: locator.selectOption: Test timeout of 30000ms exceeded.
    Call log:
    [2m  - waiting for locator('[data-test="productSort"]')[22m


       at pages\SauceProductsPage.ts:41

      39 |       'hilo': 'Price (high to low)',
      40 |     };
    > 41 |     await this.sortDropdown.selectOption(option);
         |                             ^
      42 |   }
      43 |
      44 |   async getCartCount() {
        at SauceProductsPage.sortBy (C:\Users\ABC\Desktop\local\playwright-cli-demo\pages\SauceProductsPage.ts:41:29)
        at C:\Users\ABC\Desktop\local\playwright-cli-demo\e2e\saucedemo.spec.ts:66:24

    attachment #1: screenshot (image/png) ΓöÇΓöÇΓöÇΓöÇΓöÇΓöÇΓöÇΓöÇΓöÇΓöÇΓöÇΓöÇΓöÇΓöÇΓöÇΓöÇΓöÇΓöÇΓöÇΓöÇΓöÇΓöÇΓöÇΓöÇΓöÇΓöÇΓöÇΓöÇΓöÇΓöÇΓöÇΓöÇΓöÇΓöÇΓöÇΓöÇΓöÇΓöÇΓöÇΓöÇΓöÇΓöÇΓöÇΓöÇΓöÇΓöÇΓöÇΓöÇΓöÇΓöÇΓöÇΓöÇΓöÇΓöÇΓöÇΓöÇΓöÇΓöÇ
    test-results\e2e-saucedemo-SauceDemo-cr-3a1b4-ducts-by-price-low-to-high--firefox\test-failed-1.png
    ΓöÇΓöÇΓöÇΓöÇΓöÇΓöÇΓöÇΓöÇΓöÇΓöÇΓöÇΓöÇΓöÇΓöÇΓöÇΓöÇΓöÇΓöÇΓöÇΓöÇΓöÇΓöÇΓöÇΓöÇΓöÇΓöÇΓöÇΓöÇΓöÇΓöÇΓöÇΓöÇΓöÇΓöÇΓöÇΓöÇΓöÇΓöÇΓöÇΓöÇΓöÇΓöÇΓöÇΓöÇΓöÇΓöÇΓöÇΓöÇΓöÇΓöÇΓöÇΓöÇΓöÇΓöÇΓöÇΓöÇΓöÇΓöÇΓöÇΓöÇΓöÇΓöÇΓöÇΓöÇΓöÇΓöÇΓöÇΓöÇΓöÇΓöÇΓöÇΓöÇΓöÇΓöÇΓöÇΓöÇΓöÇΓöÇΓöÇΓöÇΓöÇΓöÇΓöÇΓöÇΓöÇΓöÇΓöÇΓöÇΓöÇΓöÇΓöÇΓöÇΓöÇΓöÇΓöÇΓöÇ

    Error Context: test-results\e2e-saucedemo-SauceDemo-cr-3a1b4-ducts-by-price-low-to-high--firefox\error-context.md


[1A[2K  61) [firefox] ΓÇ║ e2e\saucedemo.spec.ts:76:7 ΓÇ║ SauceDemo critical flows (POM) ΓÇ║ Sort products by price (high to low) 

    [31mTest timeout of 30000ms exceeded.[39m

    Error: locator.selectOption: Test timeout of 30000ms exceeded.
    Call log:
    [2m  - waiting for locator('[data-test="productSort"]')[22m


       at pages\SauceProductsPage.ts:41

      39 |       'hilo': 'Price (high to low)',
      40 |     };
    > 41 |     await this.sortDropdown.selectOption(option);
         |                             ^
      42 |   }
      43 |
      44 |   async getCartCount() {
        at SauceProductsPage.sortBy (C:\Users\ABC\Desktop\local\playwright-cli-demo\pages\SauceProductsPage.ts:41:29)
        at C:\Users\ABC\Desktop\local\playwright-cli-demo\e2e\saucedemo.spec.ts:80:24

    attachment #1: screenshot (image/png) ΓöÇΓöÇΓöÇΓöÇΓöÇΓöÇΓöÇΓöÇΓöÇΓöÇΓöÇΓöÇΓöÇΓöÇΓöÇΓöÇΓöÇΓöÇΓöÇΓöÇΓöÇΓöÇΓöÇΓöÇΓöÇΓöÇΓöÇΓöÇΓöÇΓöÇΓöÇΓöÇΓöÇΓöÇΓöÇΓöÇΓöÇΓöÇΓöÇΓöÇΓöÇΓöÇΓöÇΓöÇΓöÇΓöÇΓöÇΓöÇΓöÇΓöÇΓöÇΓöÇΓöÇΓöÇΓöÇΓöÇΓöÇΓöÇ
    test-results\e2e-saucedemo-SauceDemo-cr-d5bb3-ducts-by-price-high-to-low--firefox\test-failed-1.png
    ΓöÇΓöÇΓöÇΓöÇΓöÇΓöÇΓöÇΓöÇΓöÇΓöÇΓöÇΓöÇΓöÇΓöÇΓöÇΓöÇΓöÇΓöÇΓöÇΓöÇΓöÇΓöÇΓöÇΓöÇΓöÇΓöÇΓöÇΓöÇΓöÇΓöÇΓöÇΓöÇΓöÇΓöÇΓöÇΓöÇΓöÇΓöÇΓöÇΓöÇΓöÇΓöÇΓöÇΓöÇΓöÇΓöÇΓöÇΓöÇΓöÇΓöÇΓöÇΓöÇΓöÇΓöÇΓöÇΓöÇΓöÇΓöÇΓöÇΓöÇΓöÇΓöÇΓöÇΓöÇΓöÇΓöÇΓöÇΓöÇΓöÇΓöÇΓöÇΓöÇΓöÇΓöÇΓöÇΓöÇΓöÇΓöÇΓöÇΓöÇΓöÇΓöÇΓöÇΓöÇΓöÇΓöÇΓöÇΓöÇΓöÇΓöÇΓöÇΓöÇΓöÇΓöÇΓöÇΓöÇ

    Error Context: test-results\e2e-saucedemo-SauceDemo-cr-d5bb3-ducts-by-price-high-to-low--firefox\error-context.md


[1A[2K[265/369] [webkit] ΓÇ║ api\checkout.spec.ts:137:7 ΓÇ║ API: Checkout Endpoints ΓÇ║ API: Calculate order total with tax
[1A[2K[266/369] [webkit] ΓÇ║ api\checkout.spec.ts:76:7 ΓÇ║ API: Checkout Endpoints ΓÇ║ API: Complete checkout processes payment
[1A[2K[267/369] [webkit] ΓÇ║ api\checkout.spec.ts:110:7 ΓÇ║ API: Checkout Endpoints ΓÇ║ API: Get shipping options
[1A[2K[268/369] [webkit] ΓÇ║ api\checkout.spec.ts:165:7 ΓÇ║ API: Checkout Endpoints ΓÇ║ API: Payment processing with validation
[1A[2K[269/369] [webkit] ΓÇ║ api\checkout.spec.ts:204:7 ΓÇ║ API: Checkout Endpoints ΓÇ║ API: Order confirmation endpoint
[1A[2K[270/369] [webkit] ΓÇ║ api\checkout.spec.ts:241:7 ΓÇ║ API: Checkout Endpoints ΓÇ║ API: Promo code validation endpoint
[1A[2K[271/369] [webkit] ΓÇ║ api\checkout.spec.ts:280:7 ΓÇ║ API: Checkout Endpoints ΓÇ║ API: Checkout with multiple payment methods
[1A[2K[272/369] [webkit] ΓÇ║ api\checkout.spec.ts:306:7 ΓÇ║ API: Checkout Endpoints ΓÇ║ API: Order status tracking
[1A[2K[273/369] [webkit] ΓÇ║ api\products.spec.ts:32:7 ΓÇ║ API: Product Endpoints ΓÇ║ API: Get all products returns product list
[1A[2K[274/369] [webkit] ΓÇ║ api\products.spec.ts:56:7 ΓÇ║ API: Product Endpoints ΓÇ║ API: Get product by ID returns product details
[1A[2K[275/369] [webkit] ΓÇ║ api\products.spec.ts:86:7 ΓÇ║ API: Product Endpoints ΓÇ║ API: Product search endpoint filters results
[1A[2K[276/369] [webkit] ΓÇ║ api\products.spec.ts:110:7 ΓÇ║ API: Product Endpoints ΓÇ║ API: Get product prices returns correct format
[1A[2K[277/369] [webkit] ΓÇ║ api\products.spec.ts:134:7 ΓÇ║ API: Product Endpoints ΓÇ║ API: Product availability check endpoint
[1A[2K[278/369] [webkit] ΓÇ║ api\products.spec.ts:155:7 ΓÇ║ API: Product Endpoints ΓÇ║ API: Product endpoint with authentication
[1A[2K[279/369] [webkit] ΓÇ║ api\products.spec.ts:177:7 ΓÇ║ API: Product Endpoints ΓÇ║ API: Product sort endpoint returns sorted results
[1A[2K[280/369] [webkit] ΓÇ║ api\products.spec.ts:214:7 ΓÇ║ API: Product Endpoints ΓÇ║ API: Product images load correctly
[1A[2K[281/369] [webkit] ΓÇ║ api\products.spec.ts:231:7 ΓÇ║ API: Product Endpoints ΓÇ║ API: Product not found returns 404
[1A[2K[282/369] [webkit] ΓÇ║ api\products.spec.ts:259:7 ΓÇ║ API: Product Endpoints ΓÇ║ API: Bulk product fetch with pagination
[1A[2K[283/369] [webkit] ΓÇ║ e2e\api.products.spec.ts:32:7 ΓÇ║ API: Product Endpoints ΓÇ║ API: Get all products returns product list
[1A[2K[284/369] [webkit] ΓÇ║ e2e\api.products.spec.ts:56:7 ΓÇ║ API: Product Endpoints ΓÇ║ API: Get product by ID returns product details
[1A[2K[285/369] [webkit] ΓÇ║ e2e\api.products.spec.ts:86:7 ΓÇ║ API: Product Endpoints ΓÇ║ API: Product search endpoint filters results
[1A[2K[286/369] [webkit] ΓÇ║ e2e\api.products.spec.ts:110:7 ΓÇ║ API: Product Endpoints ΓÇ║ API: Get product prices returns correct format
[1A[2K[287/369] [webkit] ΓÇ║ e2e\api.products.spec.ts:134:7 ΓÇ║ API: Product Endpoints ΓÇ║ API: Product availability check endpoint
[1A[2K[288/369] [webkit] ΓÇ║ e2e\api.products.spec.ts:155:7 ΓÇ║ API: Product Endpoints ΓÇ║ API: Product endpoint with authentication
[1A[2K[289/369] [webkit] ΓÇ║ e2e\api.products.spec.ts:177:7 ΓÇ║ API: Product Endpoints ΓÇ║ API: Product sort endpoint returns sorted results
[1A[2K[290/369] [webkit] ΓÇ║ e2e\api.products.spec.ts:214:7 ΓÇ║ API: Product Endpoints ΓÇ║ API: Product images load correctly
[1A[2K  62) [webkit] ΓÇ║ api\cart.spec.ts:96:7 ΓÇ║ API: Cart Endpoints ΓÇ║ API: Update cart item quantity ΓöÇΓöÇΓöÇΓöÇΓöÇΓöÇ

    [31mTest timeout of 30000ms exceeded.[39m

    Error: locator.click: Test timeout of 30000ms exceeded.
    Call log:
    [2m  - waiting for locator('.inventory_item').filter({ hasText: 'Sauce Labs Backpack' }).getByRole('button', { name: 'Add to cart' })[22m


       at pages\SauceProductsPage.ts:22

      20 |   async addProductToCart(productName: string) {
      21 |     const productCard = this.page.locator('.inventory_item', { hasText: productName });
    > 22 |     await productCard.getByRole('button', { name: 'Add to cart' }).click();
         |                                                                    ^
      23 |   }
      24 |
      25 |   async removeProductFromCart(productName: string) {
        at SauceProductsPage.addProductToCart (C:\Users\ABC\Desktop\local\playwright-cli-demo\pages\SauceProductsPage.ts:22:68)
        at C:\Users\ABC\Desktop\local\playwright-cli-demo\api\cart.spec.ts:123:24

    attachment #1: screenshot (image/png) ΓöÇΓöÇΓöÇΓöÇΓöÇΓöÇΓöÇΓöÇΓöÇΓöÇΓöÇΓöÇΓöÇΓöÇΓöÇΓöÇΓöÇΓöÇΓöÇΓöÇΓöÇΓöÇΓöÇΓöÇΓöÇΓöÇΓöÇΓöÇΓöÇΓöÇΓöÇΓöÇΓöÇΓöÇΓöÇΓöÇΓöÇΓöÇΓöÇΓöÇΓöÇΓöÇΓöÇΓöÇΓöÇΓöÇΓöÇΓöÇΓöÇΓöÇΓöÇΓöÇΓöÇΓöÇΓöÇΓöÇΓöÇΓöÇ
    test-results\api-cart-API-Cart-Endpoints-API-Update-cart-item-quantity-webkit\test-failed-1.png
    ΓöÇΓöÇΓöÇΓöÇΓöÇΓöÇΓöÇΓöÇΓöÇΓöÇΓöÇΓöÇΓöÇΓöÇΓöÇΓöÇΓöÇΓöÇΓöÇΓöÇΓöÇΓöÇΓöÇΓöÇΓöÇΓöÇΓöÇΓöÇΓöÇΓöÇΓöÇΓöÇΓöÇΓöÇΓöÇΓöÇΓöÇΓöÇΓöÇΓöÇΓöÇΓöÇΓöÇΓöÇΓöÇΓöÇΓöÇΓöÇΓöÇΓöÇΓöÇΓöÇΓöÇΓöÇΓöÇΓöÇΓöÇΓöÇΓöÇΓöÇΓöÇΓöÇΓöÇΓöÇΓöÇΓöÇΓöÇΓöÇΓöÇΓöÇΓöÇΓöÇΓöÇΓöÇΓöÇΓöÇΓöÇΓöÇΓöÇΓöÇΓöÇΓöÇΓöÇΓöÇΓöÇΓöÇΓöÇΓöÇΓöÇΓöÇΓöÇΓöÇΓöÇΓöÇΓöÇΓöÇ

    Error Context: test-results\api-cart-API-Cart-Endpoints-API-Update-cart-item-quantity-webkit\error-context.md


[1A[2K[291/369] [webkit] ΓÇ║ e2e\api.products.spec.ts:259:7 ΓÇ║ API: Product Endpoints ΓÇ║ API: Bulk product fetch with pagination
[1A[2K  63) [webkit] ΓÇ║ api\cart.spec.ts:239:7 ΓÇ║ API: Cart Endpoints ΓÇ║ API: Validate cart item limits ΓöÇΓöÇΓöÇΓöÇΓöÇ

    [31mTest timeout of 30000ms exceeded.[39m

    Error: locator.click: Test timeout of 30000ms exceeded.
    Call log:
    [2m  - waiting for locator('.inventory_item').filter({ hasText: 'Sauce Labs Backpack' }).getByRole('button', { name: 'Add to cart' })[22m


       at pages\SauceProductsPage.ts:22

      20 |   async addProductToCart(productName: string) {
      21 |     const productCard = this.page.locator('.inventory_item', { hasText: productName });
    > 22 |     await productCard.getByRole('button', { name: 'Add to cart' }).click();
         |                                                                    ^
      23 |   }
      24 |
      25 |   async removeProductFromCart(productName: string) {
        at SauceProductsPage.addProductToCart (C:\Users\ABC\Desktop\local\playwright-cli-demo\pages\SauceProductsPage.ts:22:68)
        at C:\Users\ABC\Desktop\local\playwright-cli-demo\api\cart.spec.ts:276:26

    attachment #1: screenshot (image/png) ΓöÇΓöÇΓöÇΓöÇΓöÇΓöÇΓöÇΓöÇΓöÇΓöÇΓöÇΓöÇΓöÇΓöÇΓöÇΓöÇΓöÇΓöÇΓöÇΓöÇΓöÇΓöÇΓöÇΓöÇΓöÇΓöÇΓöÇΓöÇΓöÇΓöÇΓöÇΓöÇΓöÇΓöÇΓöÇΓöÇΓöÇΓöÇΓöÇΓöÇΓöÇΓöÇΓöÇΓöÇΓöÇΓöÇΓöÇΓöÇΓöÇΓöÇΓöÇΓöÇΓöÇΓöÇΓöÇΓöÇΓöÇΓöÇ
    test-results\api-cart-API-Cart-Endpoints-API-Validate-cart-item-limits-webkit\test-failed-1.png
    ΓöÇΓöÇΓöÇΓöÇΓöÇΓöÇΓöÇΓöÇΓöÇΓöÇΓöÇΓöÇΓöÇΓöÇΓöÇΓöÇΓöÇΓöÇΓöÇΓöÇΓöÇΓöÇΓöÇΓöÇΓöÇΓöÇΓöÇΓöÇΓöÇΓöÇΓöÇΓöÇΓöÇΓöÇΓöÇΓöÇΓöÇΓöÇΓöÇΓöÇΓöÇΓöÇΓöÇΓöÇΓöÇΓöÇΓöÇΓöÇΓöÇΓöÇΓöÇΓöÇΓöÇΓöÇΓöÇΓöÇΓöÇΓöÇΓöÇΓöÇΓöÇΓöÇΓöÇΓöÇΓöÇΓöÇΓöÇΓöÇΓöÇΓöÇΓöÇΓöÇΓöÇΓöÇΓöÇΓöÇΓöÇΓöÇΓöÇΓöÇΓöÇΓöÇΓöÇΓöÇΓöÇΓöÇΓöÇΓöÇΓöÇΓöÇΓöÇΓöÇΓöÇΓöÇΓöÇΓöÇ

    Error Context: test-results\api-cart-API-Cart-Endpoints-API-Validate-cart-item-limits-webkit\error-context.md


[1A[2K[292/369] [webkit] ΓÇ║ e2e\api.products.spec.ts:231:7 ΓÇ║ API: Product Endpoints ΓÇ║ API: Product not found returns 404
[1A[2K[293/369] [webkit] ΓÇ║ e2e\auth.spec.ts:17:7 ΓÇ║ Authentication ΓÇ║ Login negative: empty username
[1A[2K[294/369] [webkit] ΓÇ║ e2e\auth.spec.ts:23:7 ΓÇ║ Authentication ΓÇ║ Login negative: empty password
[1A[2K[295/369] [webkit] ΓÇ║ e2e\auth.spec.ts:11:7 ΓÇ║ Authentication ΓÇ║ Login negative: invalid credentials
[1A[2K  64) [webkit] ΓÇ║ api\checkout.spec.ts:36:7 ΓÇ║ API: Checkout Endpoints ΓÇ║ API: Submit checkout info validates required fields 

    [31mTest timeout of 30000ms exceeded.[39m

    Error: locator.click: Test timeout of 30000ms exceeded.
    Call log:
    [2m  - waiting for getByRole('button', { name: 'Continue' })[22m


      71 |
      72 |     await checkoutPage.fillCheckoutInfo('Jane', 'Doe', '90210');
    > 73 |     await checkoutPage.continueButton.click();
         |                                       ^
      74 |   });
      75 |
      76 |   test('API: Complete checkout processes payment', async ({ page, homePage, productsPage, cartPage, checkoutPage }) => {
        at C:\Users\ABC\Desktop\local\playwright-cli-demo\api\checkout.spec.ts:73:39

    attachment #1: screenshot (image/png) ΓöÇΓöÇΓöÇΓöÇΓöÇΓöÇΓöÇΓöÇΓöÇΓöÇΓöÇΓöÇΓöÇΓöÇΓöÇΓöÇΓöÇΓöÇΓöÇΓöÇΓöÇΓöÇΓöÇΓöÇΓöÇΓöÇΓöÇΓöÇΓöÇΓöÇΓöÇΓöÇΓöÇΓöÇΓöÇΓöÇΓöÇΓöÇΓöÇΓöÇΓöÇΓöÇΓöÇΓöÇΓöÇΓöÇΓöÇΓöÇΓöÇΓöÇΓöÇΓöÇΓöÇΓöÇΓöÇΓöÇΓöÇΓöÇ
    test-results\api-checkout-API-Checkout--d70e1-o-validates-required-fields-webkit\test-failed-1.png
    ΓöÇΓöÇΓöÇΓöÇΓöÇΓöÇΓöÇΓöÇΓöÇΓöÇΓöÇΓöÇΓöÇΓöÇΓöÇΓöÇΓöÇΓöÇΓöÇΓöÇΓöÇΓöÇΓöÇΓöÇΓöÇΓöÇΓöÇΓöÇΓöÇΓöÇΓöÇΓöÇΓöÇΓöÇΓöÇΓöÇΓöÇΓöÇΓöÇΓöÇΓöÇΓöÇΓöÇΓöÇΓöÇΓöÇΓöÇΓöÇΓöÇΓöÇΓöÇΓöÇΓöÇΓöÇΓöÇΓöÇΓöÇΓöÇΓöÇΓöÇΓöÇΓöÇΓöÇΓöÇΓöÇΓöÇΓöÇΓöÇΓöÇΓöÇΓöÇΓöÇΓöÇΓöÇΓöÇΓöÇΓöÇΓöÇΓöÇΓöÇΓöÇΓöÇΓöÇΓöÇΓöÇΓöÇΓöÇΓöÇΓöÇΓöÇΓöÇΓöÇΓöÇΓöÇΓöÇΓöÇ

    Error Context: test-results\api-checkout-API-Checkout--d70e1-o-validates-required-fields-webkit\error-context.md


[1A[2K[296/369] [webkit] ΓÇ║ e2e\auth.spec.ts:35:7 ΓÇ║ Authentication ΓÇ║ Login positive: standard user can successfully login
[1A[2K[297/369] [webkit] ΓÇ║ e2e\auth.spec.ts:43:7 ΓÇ║ Authentication ΓÇ║ Login positive: problem user can login
[1A[2K[298/369] [webkit] ΓÇ║ e2e\auth.spec.ts:50:7 ΓÇ║ Authentication ΓÇ║ Login negative: locked out user receives explicit error
[1A[2K[299/369] [webkit] ΓÇ║ e2e\auth.spec.ts:29:7 ΓÇ║ Authentication ΓÇ║ Login negative: both fields empty
[1A[2K[300/369] [webkit] ΓÇ║ e2e\auth.spec.ts:56:7 ΓÇ║ Authentication ΓÇ║ Login multiple times with different users
[1A[2K[301/369] [webkit] ΓÇ║ e2e\auth.spec.ts:72:7 ΓÇ║ Authentication ΓÇ║ Logout and verify login required
[1A[2K[302/369] [webkit] ΓÇ║ e2e\auth.spec.ts:83:7 ΓÇ║ Authentication ΓÇ║ Session persistence: access products without logout
[1A[2K[303/369] [webkit] ΓÇ║ e2e\auth.spec.ts:94:7 ΓÇ║ Authentication ΓÇ║ User redirected to login when accessing protected page without session
[1A[2K[304/369] [webkit] ΓÇ║ e2e\auth.spec.ts:102:7 ΓÇ║ Authentication ΓÇ║ Login persistence: items in cart persist after logout/login
[1A[2K[305/369] [webkit] ΓÇ║ e2e\auth.spec.ts:123:7 ΓÇ║ Authentication ΓÇ║ Login: verify nav elements visible after successful login
[1A[2K[306/369] [webkit] ΓÇ║ e2e\auth.spec.ts:132:7 ΓÇ║ Authentication ΓÇ║ Login behavior: error message disappears on next login attempt
[1A[2K[307/369] [webkit] ΓÇ║ e2e\cart.spec.ts:8:7 ΓÇ║ Shopping Cart ΓÇ║ Add and view single product in cart
[1A[2K[308/369] [webkit] ΓÇ║ e2e\cart.spec.ts:20:7 ΓÇ║ Shopping Cart ΓÇ║ Add same product twice to cart
[1A[2K[309/369] [webkit] ΓÇ║ e2e\cart.spec.ts:36:7 ΓÇ║ Shopping Cart ΓÇ║ Remove item from cart
[1A[2K[310/369] [webkit] ΓÇ║ e2e\cart.spec.ts:52:7 ΓÇ║ Shopping Cart ΓÇ║ Remove all items from cart one by one
[1A[2K[311/369] [webkit] ΓÇ║ e2e\cart.spec.ts:77:7 ΓÇ║ Shopping Cart ΓÇ║ Multiple products add/remove cart flow
[1A[2K  65) [webkit] ΓÇ║ api\products.spec.ts:177:7 ΓÇ║ API: Product Endpoints ΓÇ║ API: Product sort endpoint returns sorted results 

    [31mTest timeout of 30000ms exceeded.[39m

    Error: locator.selectOption: Test timeout of 30000ms exceeded.
    Call log:
    [2m  - waiting for locator('[data-test="productSort"]')[22m


       at pages\SauceProductsPage.ts:41

      39 |       'hilo': 'Price (high to low)',
      40 |     };
    > 41 |     await this.sortDropdown.selectOption(option);
         |                             ^
      42 |   }
      43 |
      44 |   async getCartCount() {
        at SauceProductsPage.sortBy (C:\Users\ABC\Desktop\local\playwright-cli-demo\pages\SauceProductsPage.ts:41:29)
        at C:\Users\ABC\Desktop\local\playwright-cli-demo\api\products.spec.ts:205:24

    attachment #1: screenshot (image/png) ΓöÇΓöÇΓöÇΓöÇΓöÇΓöÇΓöÇΓöÇΓöÇΓöÇΓöÇΓöÇΓöÇΓöÇΓöÇΓöÇΓöÇΓöÇΓöÇΓöÇΓöÇΓöÇΓöÇΓöÇΓöÇΓöÇΓöÇΓöÇΓöÇΓöÇΓöÇΓöÇΓöÇΓöÇΓöÇΓöÇΓöÇΓöÇΓöÇΓöÇΓöÇΓöÇΓöÇΓöÇΓöÇΓöÇΓöÇΓöÇΓöÇΓöÇΓöÇΓöÇΓöÇΓöÇΓöÇΓöÇΓöÇΓöÇ
    test-results\api-products-API-Product-E-c0b5d-oint-returns-sorted-results-webkit\test-failed-1.png
    ΓöÇΓöÇΓöÇΓöÇΓöÇΓöÇΓöÇΓöÇΓöÇΓöÇΓöÇΓöÇΓöÇΓöÇΓöÇΓöÇΓöÇΓöÇΓöÇΓöÇΓöÇΓöÇΓöÇΓöÇΓöÇΓöÇΓöÇΓöÇΓöÇΓöÇΓöÇΓöÇΓöÇΓöÇΓöÇΓöÇΓöÇΓöÇΓöÇΓöÇΓöÇΓöÇΓöÇΓöÇΓöÇΓöÇΓöÇΓöÇΓöÇΓöÇΓöÇΓöÇΓöÇΓöÇΓöÇΓöÇΓöÇΓöÇΓöÇΓöÇΓöÇΓöÇΓöÇΓöÇΓöÇΓöÇΓöÇΓöÇΓöÇΓöÇΓöÇΓöÇΓöÇΓöÇΓöÇΓöÇΓöÇΓöÇΓöÇΓöÇΓöÇΓöÇΓöÇΓöÇΓöÇΓöÇΓöÇΓöÇΓöÇΓöÇΓöÇΓöÇΓöÇΓöÇΓöÇΓöÇ

    Error Context: test-results\api-products-API-Product-E-c0b5d-oint-returns-sorted-results-webkit\error-context.md


[1A[2K[312/369] [webkit] ΓÇ║ e2e\cart.spec.ts:127:7 ΓÇ║ Shopping Cart ΓÇ║ Cart badge updates correctly with multiple operations
[1A[2K[313/369] [webkit] ΓÇ║ e2e\cart.spec.ts:150:7 ΓÇ║ Shopping Cart ΓÇ║ Continue shopping returns to products page
[1A[2K[314/369] [webkit] ΓÇ║ e2e\cart.spec.ts:106:7 ΓÇ║ Shopping Cart ΓÇ║ Add and remove product via product page
[1A[2K[315/369] [webkit] ΓÇ║ e2e\cart.spec.ts:165:7 ΓÇ║ Shopping Cart ΓÇ║ Cart maintains state when navigating between pages
[1A[2K[316/369] [webkit] ΓÇ║ e2e\cart.spec.ts:188:7 ΓÇ║ Shopping Cart ΓÇ║ Cart displays product prices correctly
[1A[2K[317/369] [webkit] ΓÇ║ e2e\cart.spec.ts:205:7 ΓÇ║ Shopping Cart ΓÇ║ Cart displays product names correctly
[1A[2K[318/369] [webkit] ΓÇ║ e2e\cart.spec.ts:222:7 ΓÇ║ Shopping Cart ΓÇ║ Cart page URL is correct
[1A[2K[319/369] [webkit] ΓÇ║ e2e\cart.spec.ts:232:7 ΓÇ║ Shopping Cart ΓÇ║ Add all available products to cart
[1A[2K[320/369] [webkit] ΓÇ║ e2e\checkout.spec.ts:9:7 ΓÇ║ Checkout ΓÇ║ Complete checkout flow: single product
[1A[2K[321/369] [webkit] ΓÇ║ e2e\checkout.spec.ts:29:7 ΓÇ║ Checkout ΓÇ║ Complete checkout flow: multiple products
[1A[2K[322/369] [webkit] ΓÇ║ e2e\checkout.spec.ts:53:7 ΓÇ║ Checkout ΓÇ║ Required field enforcement: first name missing
[1A[2K  66) [webkit] ΓÇ║ e2e\api.products.spec.ts:177:7 ΓÇ║ API: Product Endpoints ΓÇ║ API: Product sort endpoint returns sorted results 

    [31mTest timeout of 30000ms exceeded.[39m

    Error: locator.selectOption: Test timeout of 30000ms exceeded.
    Call log:
    [2m  - waiting for locator('[data-test="productSort"]')[22m


       at pages\SauceProductsPage.ts:41

      39 |       'hilo': 'Price (high to low)',
      40 |     };
    > 41 |     await this.sortDropdown.selectOption(option);
         |                             ^
      42 |   }
      43 |
      44 |   async getCartCount() {
        at SauceProductsPage.sortBy (C:\Users\ABC\Desktop\local\playwright-cli-demo\pages\SauceProductsPage.ts:41:29)
        at C:\Users\ABC\Desktop\local\playwright-cli-demo\e2e\api.products.spec.ts:205:24

    attachment #1: screenshot (image/png) ΓöÇΓöÇΓöÇΓöÇΓöÇΓöÇΓöÇΓöÇΓöÇΓöÇΓöÇΓöÇΓöÇΓöÇΓöÇΓöÇΓöÇΓöÇΓöÇΓöÇΓöÇΓöÇΓöÇΓöÇΓöÇΓöÇΓöÇΓöÇΓöÇΓöÇΓöÇΓöÇΓöÇΓöÇΓöÇΓöÇΓöÇΓöÇΓöÇΓöÇΓöÇΓöÇΓöÇΓöÇΓöÇΓöÇΓöÇΓöÇΓöÇΓöÇΓöÇΓöÇΓöÇΓöÇΓöÇΓöÇΓöÇΓöÇ
    test-results\e2e-api.products-API-Produ-87f19-oint-returns-sorted-results-webkit\test-failed-1.png
    ΓöÇΓöÇΓöÇΓöÇΓöÇΓöÇΓöÇΓöÇΓöÇΓöÇΓöÇΓöÇΓöÇΓöÇΓöÇΓöÇΓöÇΓöÇΓöÇΓöÇΓöÇΓöÇΓöÇΓöÇΓöÇΓöÇΓöÇΓöÇΓöÇΓöÇΓöÇΓöÇΓöÇΓöÇΓöÇΓöÇΓöÇΓöÇΓöÇΓöÇΓöÇΓöÇΓöÇΓöÇΓöÇΓöÇΓöÇΓöÇΓöÇΓöÇΓöÇΓöÇΓöÇΓöÇΓöÇΓöÇΓöÇΓöÇΓöÇΓöÇΓöÇΓöÇΓöÇΓöÇΓöÇΓöÇΓöÇΓöÇΓöÇΓöÇΓöÇΓöÇΓöÇΓöÇΓöÇΓöÇΓöÇΓöÇΓöÇΓöÇΓöÇΓöÇΓöÇΓöÇΓöÇΓöÇΓöÇΓöÇΓöÇΓöÇΓöÇΓöÇΓöÇΓöÇΓöÇΓöÇ

    Error Context: test-results\e2e-api.products-API-Produ-87f19-oint-returns-sorted-results-webkit\error-context.md


[1A[2K[323/369] [webkit] ΓÇ║ e2e\checkout.spec.ts:90:7 ΓÇ║ Checkout ΓÇ║ Required field enforcement: postal code missing
[1A[2K[324/369] [webkit] ΓÇ║ e2e\checkout.spec.ts:72:7 ΓÇ║ Checkout ΓÇ║ Required field enforcement: last name missing
[1A[2K[325/369] [webkit] ΓÇ║ e2e\checkout.spec.ts:108:7 ΓÇ║ Checkout ΓÇ║ Required field enforcement: all fields empty
[1A[2K[326/369] [webkit] ΓÇ║ e2e\checkout.spec.ts:124:7 ΓÇ║ Checkout ΓÇ║ Checkout with special characters in fields
[1A[2K[327/369] [webkit] ΓÇ║ e2e\checkout.spec.ts:138:7 ΓÇ║ Checkout ΓÇ║ Checkout with numeric postal code
[1A[2K[328/369] [webkit] ΓÇ║ e2e\checkout.spec.ts:152:7 ΓÇ║ Checkout ΓÇ║ Checkout page displays order overview
[1A[2K[329/369] [webkit] ΓÇ║ e2e\checkout.spec.ts:167:7 ΓÇ║ Checkout ΓÇ║ Checkout flow: problem user
[1A[2K[330/369] [webkit] ΓÇ║ e2e\checkout.spec.ts:182:7 ΓÇ║ Checkout ΓÇ║ Checkout: verify page transitions
[1A[2K[331/369] [webkit] ΓÇ║ e2e\checkout.spec.ts:209:7 ΓÇ║ Checkout ΓÇ║ Empty cart checkout validation
[1A[2K[332/369] [webkit] ΓÇ║ e2e\example.spec.ts:3:5 ΓÇ║ has title
[1A[2K[333/369] [webkit] ΓÇ║ e2e\example.spec.ts:10:5 ΓÇ║ get started link
[1A[2K[334/369] [webkit] ΓÇ║ e2e\integration.spec.ts:9:7 ΓÇ║ Integration: Complex User Workflows ΓÇ║ End-to-end: Browse ΓåÆ Sort ΓåÆ Add ΓåÆ Checkout ΓåÆ Complete
[1A[2K[335/369] [webkit] ΓÇ║ e2e\integration.spec.ts:44:7 ΓÇ║ Integration: Complex User Workflows ΓÇ║ Workflow: Add multiple products across different price points
[1A[2K  67) [webkit] ΓÇ║ e2e\checkout.spec.ts:152:7 ΓÇ║ Checkout ΓÇ║ Checkout page displays order overview ΓöÇΓöÇΓöÇΓöÇΓöÇ

    Error: [2mexpect([22m[31mlocator[39m[2m).[22mtoHaveCount[2m([22m[32mexpected[39m[2m)[22m failed

    Locator:  locator('.cart_item')
    Expected: [32m1[39m
    Received: [31m0[39m
    Timeout:  5000ms

    Call log:
    [2m  - Expect "toHaveCount" with timeout 5000ms[22m
    [2m  - waiting for locator('.cart_item')[22m
    [2m    8 ├ù locator resolved to 0 elements[22m
    [2m      - unexpected value "0"[22m


      161 |     // Verify product is shown in checkout
      162 |     const checkoutItems = page.locator('.cart_item');
    > 163 |     await expect(checkoutItems).toHaveCount(1);
          |                                 ^
      164 |     await checkoutItems.filter({ hasText: product }).first().waitFor({ state: 'visible' });
      165 |   });
      166 |
        at C:\Users\ABC\Desktop\local\playwright-cli-demo\e2e\checkout.spec.ts:163:33

    attachment #1: screenshot (image/png) ΓöÇΓöÇΓöÇΓöÇΓöÇΓöÇΓöÇΓöÇΓöÇΓöÇΓöÇΓöÇΓöÇΓöÇΓöÇΓöÇΓöÇΓöÇΓöÇΓöÇΓöÇΓöÇΓöÇΓöÇΓöÇΓöÇΓöÇΓöÇΓöÇΓöÇΓöÇΓöÇΓöÇΓöÇΓöÇΓöÇΓöÇΓöÇΓöÇΓöÇΓöÇΓöÇΓöÇΓöÇΓöÇΓöÇΓöÇΓöÇΓöÇΓöÇΓöÇΓöÇΓöÇΓöÇΓöÇΓöÇΓöÇΓöÇ
    test-results\e2e-checkout-Checkout-Checkout-page-displays-order-overview-webkit\test-failed-1.png
    ΓöÇΓöÇΓöÇΓöÇΓöÇΓöÇΓöÇΓöÇΓöÇΓöÇΓöÇΓöÇΓöÇΓöÇΓöÇΓöÇΓöÇΓöÇΓöÇΓöÇΓöÇΓöÇΓöÇΓöÇΓöÇΓöÇΓöÇΓöÇΓöÇΓöÇΓöÇΓöÇΓöÇΓöÇΓöÇΓöÇΓöÇΓöÇΓöÇΓöÇΓöÇΓöÇΓöÇΓöÇΓöÇΓöÇΓöÇΓöÇΓöÇΓöÇΓöÇΓöÇΓöÇΓöÇΓöÇΓöÇΓöÇΓöÇΓöÇΓöÇΓöÇΓöÇΓöÇΓöÇΓöÇΓöÇΓöÇΓöÇΓöÇΓöÇΓöÇΓöÇΓöÇΓöÇΓöÇΓöÇΓöÇΓöÇΓöÇΓöÇΓöÇΓöÇΓöÇΓöÇΓöÇΓöÇΓöÇΓöÇΓöÇΓöÇΓöÇΓöÇΓöÇΓöÇΓöÇΓöÇ

    Error Context: test-results\e2e-checkout-Checkout-Checkout-page-displays-order-overview-webkit\error-context.md


[1A[2K  68) [webkit] ΓÇ║ e2e\cart.spec.ts:20:7 ΓÇ║ Shopping Cart ΓÇ║ Add same product twice to cart ΓöÇΓöÇΓöÇΓöÇΓöÇΓöÇΓöÇΓöÇΓöÇΓöÇΓöÇΓöÇ

    [31mTest timeout of 30000ms exceeded.[39m

    Error: locator.click: Test timeout of 30000ms exceeded.
    Call log:
    [2m  - waiting for locator('.inventory_item').filter({ hasText: 'Sauce Labs Backpack' }).getByRole('button', { name: 'Add to cart' })[22m


       at pages\SauceProductsPage.ts:22

      20 |   async addProductToCart(productName: string) {
      21 |     const productCard = this.page.locator('.inventory_item', { hasText: productName });
    > 22 |     await productCard.getByRole('button', { name: 'Add to cart' }).click();
         |                                                                    ^
      23 |   }
      24 |
      25 |   async removeProductFromCart(productName: string) {
        at SauceProductsPage.addProductToCart (C:\Users\ABC\Desktop\local\playwright-cli-demo\pages\SauceProductsPage.ts:22:68)
        at C:\Users\ABC\Desktop\local\playwright-cli-demo\e2e\cart.spec.ts:28:24

    attachment #1: screenshot (image/png) ΓöÇΓöÇΓöÇΓöÇΓöÇΓöÇΓöÇΓöÇΓöÇΓöÇΓöÇΓöÇΓöÇΓöÇΓöÇΓöÇΓöÇΓöÇΓöÇΓöÇΓöÇΓöÇΓöÇΓöÇΓöÇΓöÇΓöÇΓöÇΓöÇΓöÇΓöÇΓöÇΓöÇΓöÇΓöÇΓöÇΓöÇΓöÇΓöÇΓöÇΓöÇΓöÇΓöÇΓöÇΓöÇΓöÇΓöÇΓöÇΓöÇΓöÇΓöÇΓöÇΓöÇΓöÇΓöÇΓöÇΓöÇΓöÇ
    test-results\e2e-cart-Shopping-Cart-Add-same-product-twice-to-cart-webkit\test-failed-1.png
    ΓöÇΓöÇΓöÇΓöÇΓöÇΓöÇΓöÇΓöÇΓöÇΓöÇΓöÇΓöÇΓöÇΓöÇΓöÇΓöÇΓöÇΓöÇΓöÇΓöÇΓöÇΓöÇΓöÇΓöÇΓöÇΓöÇΓöÇΓöÇΓöÇΓöÇΓöÇΓöÇΓöÇΓöÇΓöÇΓöÇΓöÇΓöÇΓöÇΓöÇΓöÇΓöÇΓöÇΓöÇΓöÇΓöÇΓöÇΓöÇΓöÇΓöÇΓöÇΓöÇΓöÇΓöÇΓöÇΓöÇΓöÇΓöÇΓöÇΓöÇΓöÇΓöÇΓöÇΓöÇΓöÇΓöÇΓöÇΓöÇΓöÇΓöÇΓöÇΓöÇΓöÇΓöÇΓöÇΓöÇΓöÇΓöÇΓöÇΓöÇΓöÇΓöÇΓöÇΓöÇΓöÇΓöÇΓöÇΓöÇΓöÇΓöÇΓöÇΓöÇΓöÇΓöÇΓöÇΓöÇ

    Error Context: test-results\e2e-cart-Shopping-Cart-Add-same-product-twice-to-cart-webkit\error-context.md


[1A[2K[336/369] [webkit] ΓÇ║ e2e\integration.spec.ts:80:7 ΓÇ║ Integration: Complex User Workflows ΓÇ║ Workflow: Browse all products, add selective items, review cart
[1A[2K[337/369] [webkit] ΓÇ║ e2e\integration.spec.ts:104:7 ΓÇ║ Integration: Complex User Workflows ΓÇ║ Workflow: Add ΓåÆ Remove ΓåÆ Add Again the same product
[1A[2K[338/369] [webkit] ΓÇ║ e2e\integration.spec.ts:130:7 ΓÇ║ Integration: Complex User Workflows ΓÇ║ Workflow: Sort changes, add item, sort again, verify item still in cart
