
Running 123 tests using 2 workers

[1A[2K[1/123] [chromium] ΓÇ║ api\auth.spec.ts:23:7 ΓÇ║ API: Authentication Endpoints ΓÇ║ API: Login with invalid credentials returns 401
[1A[2K[2/123] [chromium] ΓÇ║ api\auth.spec.ts:6:7 ΓÇ║ API: Authentication Endpoints ΓÇ║ API: Login endpoint returns valid session
[1A[2K[3/123] [chromium] ΓÇ║ api\auth.spec.ts:48:7 ΓÇ║ API: Authentication Endpoints ΓÇ║ API: Logout endpoint clears session
[1A[2K[4/123] [chromium] ΓÇ║ api\auth.spec.ts:65:7 ΓÇ║ API: Authentication Endpoints ΓÇ║ API: Session validation returns current user info
[1A[2K[5/123] [chromium] ΓÇ║ api\auth.spec.ts:79:7 ΓÇ║ API: Authentication Endpoints ΓÇ║ API: Missing authentication header is rejected
[1A[2K[6/123] [chromium] ΓÇ║ api\auth.spec.ts:93:7 ΓÇ║ API: Authentication Endpoints ΓÇ║ API: Token refresh endpoint extends session
[1A[2K[7/123] [chromium] ΓÇ║ api\auth.spec.ts:121:7 ΓÇ║ API: Authentication Endpoints ΓÇ║ API: Multiple login attempts with rate limiting
[1A[2K[8/123] [chromium] ΓÇ║ api\cart.spec.ts:8:7 ΓÇ║ API: Cart Endpoints ΓÇ║ API: Add item to cart creates cart entry
[1A[2K[9/123] [chromium] ΓÇ║ api\cart.spec.ts:35:7 ΓÇ║ API: Cart Endpoints ΓÇ║ API: Get cart returns all items
[1A[2K  1) [chromium] ΓÇ║ api\auth.spec.ts:121:7 ΓÇ║ API: Authentication Endpoints ΓÇ║ API: Multiple login attempts with rate limiting 

    Error: [2mexpect([22m[31mreceived[39m[2m).[22mtoBe[2m([22m[32mexpected[39m[2m) // Object.is equality[22m

    Expected: [32m4[39m
    Received: [31m0[39m

      156 |     }
      157 |
    > 158 |     expect(loginAttempts).toBe(4);
          |                           ^
      159 |   });
      160 | });
      161 |
        at C:\Users\ABC\Desktop\local\playwright-cli-demo\api\auth.spec.ts:158:27

    attachment #1: screenshot (image/png) ΓöÇΓöÇΓöÇΓöÇΓöÇΓöÇΓöÇΓöÇΓöÇΓöÇΓöÇΓöÇΓöÇΓöÇΓöÇΓöÇΓöÇΓöÇΓöÇΓöÇΓöÇΓöÇΓöÇΓöÇΓöÇΓöÇΓöÇΓöÇΓöÇΓöÇΓöÇΓöÇΓöÇΓöÇΓöÇΓöÇΓöÇΓöÇΓöÇΓöÇΓöÇΓöÇΓöÇΓöÇΓöÇΓöÇΓöÇΓöÇΓöÇΓöÇΓöÇΓöÇΓöÇΓöÇΓöÇΓöÇΓöÇΓöÇ
    test-results\api-auth-API-Authenticatio-22a1b-attempts-with-rate-limiting-chromium\test-failed-1.png
    ΓöÇΓöÇΓöÇΓöÇΓöÇΓöÇΓöÇΓöÇΓöÇΓöÇΓöÇΓöÇΓöÇΓöÇΓöÇΓöÇΓöÇΓöÇΓöÇΓöÇΓöÇΓöÇΓöÇΓöÇΓöÇΓöÇΓöÇΓöÇΓöÇΓöÇΓöÇΓöÇΓöÇΓöÇΓöÇΓöÇΓöÇΓöÇΓöÇΓöÇΓöÇΓöÇΓöÇΓöÇΓöÇΓöÇΓöÇΓöÇΓöÇΓöÇΓöÇΓöÇΓöÇΓöÇΓöÇΓöÇΓöÇΓöÇΓöÇΓöÇΓöÇΓöÇΓöÇΓöÇΓöÇΓöÇΓöÇΓöÇΓöÇΓöÇΓöÇΓöÇΓöÇΓöÇΓöÇΓöÇΓöÇΓöÇΓöÇΓöÇΓöÇΓöÇΓöÇΓöÇΓöÇΓöÇΓöÇΓöÇΓöÇΓöÇΓöÇΓöÇΓöÇΓöÇΓöÇΓöÇ

    Error Context: test-results\api-auth-API-Authenticatio-22a1b-attempts-with-rate-limiting-chromium\error-context.md


[1A[2K[10/123] [chromium] ΓÇ║ api\cart.spec.ts:96:7 ΓÇ║ API: Cart Endpoints ΓÇ║ API: Update cart item quantity
[1A[2K[11/123] [chromium] ΓÇ║ api\cart.spec.ts:64:7 ΓÇ║ API: Cart Endpoints ΓÇ║ API: Remove item from cart
[1A[2K[12/123] [chromium] ΓÇ║ api\cart.spec.ts:128:7 ΓÇ║ API: Cart Endpoints ΓÇ║ API: Clear entire cart
[1A[2K[13/123] [chromium] ΓÇ║ api\cart.spec.ts:158:7 ΓÇ║ API: Cart Endpoints ΓÇ║ API: Get cart total price calculation
[1A[2K[14/123] [chromium] ΓÇ║ api\cart.spec.ts:186:7 ΓÇ║ API: Cart Endpoints ΓÇ║ API: Cart persistence across sessions
[1A[2K[15/123] [chromium] ΓÇ║ api\cart.spec.ts:216:7 ΓÇ║ API: Cart Endpoints ΓÇ║ API: cart endpoint with invalid item returns error
[1A[2K[16/123] [chromium] ΓÇ║ api\cart.spec.ts:239:7 ΓÇ║ API: Cart Endpoints ΓÇ║ API: Validate cart item limits
[1A[2K  2) [chromium] ΓÇ║ api\cart.spec.ts:96:7 ΓÇ║ API: Cart Endpoints ΓÇ║ API: Update cart item quantity ΓöÇΓöÇΓöÇΓöÇΓöÇ

    [31mTest timeout of 30000ms exceeded.[39m

    Error: locator.click: Test timeout of 30000ms exceeded.
    Call log:
    [2m  - waiting for locator('.inventory_item').filter({ hasText: 'Sauce Labs Backpack' }).getByRole('button', { name: 'Add to cart' })[22m


       at pages\SauceProductsPage.ts:22

      20 |   async addProductToCart(productName: string) {
      21 |     const productCard = this.page.locator('.inventory_item', { hasText: productName });
    > 22 |     await productCard.getByRole('button', { name: 'Add to cart' }).click();
         |                                                                    ^
      23 |   }
      24 |
      25 |   async removeProductFromCart(productName: string) {
        at SauceProductsPage.addProductToCart (C:\Users\ABC\Desktop\local\playwright-cli-demo\pages\SauceProductsPage.ts:22:68)
        at C:\Users\ABC\Desktop\local\playwright-cli-demo\api\cart.spec.ts:123:24

    attachment #1: screenshot (image/png) ΓöÇΓöÇΓöÇΓöÇΓöÇΓöÇΓöÇΓöÇΓöÇΓöÇΓöÇΓöÇΓöÇΓöÇΓöÇΓöÇΓöÇΓöÇΓöÇΓöÇΓöÇΓöÇΓöÇΓöÇΓöÇΓöÇΓöÇΓöÇΓöÇΓöÇΓöÇΓöÇΓöÇΓöÇΓöÇΓöÇΓöÇΓöÇΓöÇΓöÇΓöÇΓöÇΓöÇΓöÇΓöÇΓöÇΓöÇΓöÇΓöÇΓöÇΓöÇΓöÇΓöÇΓöÇΓöÇΓöÇΓöÇΓöÇ
    test-results\api-cart-API-Cart-Endpoints-API-Update-cart-item-quantity-chromium\test-failed-1.png
    ΓöÇΓöÇΓöÇΓöÇΓöÇΓöÇΓöÇΓöÇΓöÇΓöÇΓöÇΓöÇΓöÇΓöÇΓöÇΓöÇΓöÇΓöÇΓöÇΓöÇΓöÇΓöÇΓöÇΓöÇΓöÇΓöÇΓöÇΓöÇΓöÇΓöÇΓöÇΓöÇΓöÇΓöÇΓöÇΓöÇΓöÇΓöÇΓöÇΓöÇΓöÇΓöÇΓöÇΓöÇΓöÇΓöÇΓöÇΓöÇΓöÇΓöÇΓöÇΓöÇΓöÇΓöÇΓöÇΓöÇΓöÇΓöÇΓöÇΓöÇΓöÇΓöÇΓöÇΓöÇΓöÇΓöÇΓöÇΓöÇΓöÇΓöÇΓöÇΓöÇΓöÇΓöÇΓöÇΓöÇΓöÇΓöÇΓöÇΓöÇΓöÇΓöÇΓöÇΓöÇΓöÇΓöÇΓöÇΓöÇΓöÇΓöÇΓöÇΓöÇΓöÇΓöÇΓöÇΓöÇ

    Error Context: test-results\api-cart-API-Cart-Endpoints-API-Update-cart-item-quantity-chromium\error-context.md


[1A[2K[17/123] [chromium] ΓÇ║ api\checkout.spec.ts:8:7 ΓÇ║ API: Checkout Endpoints ΓÇ║ API: Initiate checkout creates order
[1A[2K[18/123] [chromium] ΓÇ║ api\checkout.spec.ts:36:7 ΓÇ║ API: Checkout Endpoints ΓÇ║ API: Submit checkout info validates required fields
[1A[2K  3) [chromium] ΓÇ║ api\cart.spec.ts:239:7 ΓÇ║ API: Cart Endpoints ΓÇ║ API: Validate cart item limits ΓöÇΓöÇΓöÇΓöÇ

    [31mTest timeout of 30000ms exceeded.[39m

    Error: locator.click: Test timeout of 30000ms exceeded.
    Call log:
    [2m  - waiting for locator('.inventory_item').filter({ hasText: 'Sauce Labs Backpack' }).getByRole('button', { name: 'Add to cart' })[22m


       at pages\SauceProductsPage.ts:22

      20 |   async addProductToCart(productName: string) {
      21 |     const productCard = this.page.locator('.inventory_item', { hasText: productName });
    > 22 |     await productCard.getByRole('button', { name: 'Add to cart' }).click();
         |                                                                    ^
      23 |   }
      24 |
      25 |   async removeProductFromCart(productName: string) {
        at SauceProductsPage.addProductToCart (C:\Users\ABC\Desktop\local\playwright-cli-demo\pages\SauceProductsPage.ts:22:68)
        at C:\Users\ABC\Desktop\local\playwright-cli-demo\api\cart.spec.ts:276:26

    attachment #1: screenshot (image/png) ΓöÇΓöÇΓöÇΓöÇΓöÇΓöÇΓöÇΓöÇΓöÇΓöÇΓöÇΓöÇΓöÇΓöÇΓöÇΓöÇΓöÇΓöÇΓöÇΓöÇΓöÇΓöÇΓöÇΓöÇΓöÇΓöÇΓöÇΓöÇΓöÇΓöÇΓöÇΓöÇΓöÇΓöÇΓöÇΓöÇΓöÇΓöÇΓöÇΓöÇΓöÇΓöÇΓöÇΓöÇΓöÇΓöÇΓöÇΓöÇΓöÇΓöÇΓöÇΓöÇΓöÇΓöÇΓöÇΓöÇΓöÇΓöÇ
    test-results\api-cart-API-Cart-Endpoints-API-Validate-cart-item-limits-chromium\test-failed-1.png
    ΓöÇΓöÇΓöÇΓöÇΓöÇΓöÇΓöÇΓöÇΓöÇΓöÇΓöÇΓöÇΓöÇΓöÇΓöÇΓöÇΓöÇΓöÇΓöÇΓöÇΓöÇΓöÇΓöÇΓöÇΓöÇΓöÇΓöÇΓöÇΓöÇΓöÇΓöÇΓöÇΓöÇΓöÇΓöÇΓöÇΓöÇΓöÇΓöÇΓöÇΓöÇΓöÇΓöÇΓöÇΓöÇΓöÇΓöÇΓöÇΓöÇΓöÇΓöÇΓöÇΓöÇΓöÇΓöÇΓöÇΓöÇΓöÇΓöÇΓöÇΓöÇΓöÇΓöÇΓöÇΓöÇΓöÇΓöÇΓöÇΓöÇΓöÇΓöÇΓöÇΓöÇΓöÇΓöÇΓöÇΓöÇΓöÇΓöÇΓöÇΓöÇΓöÇΓöÇΓöÇΓöÇΓöÇΓöÇΓöÇΓöÇΓöÇΓöÇΓöÇΓöÇΓöÇΓöÇΓöÇ

    Error Context: test-results\api-cart-API-Cart-Endpoints-API-Validate-cart-item-limits-chromium\error-context.md


[1A[2K[19/123] [chromium] ΓÇ║ api\checkout.spec.ts:76:7 ΓÇ║ API: Checkout Endpoints ΓÇ║ API: Complete checkout processes payment
[1A[2K[20/123] [chromium] ΓÇ║ api\checkout.spec.ts:110:7 ΓÇ║ API: Checkout Endpoints ΓÇ║ API: Get shipping options
[1A[2K[21/123] [chromium] ΓÇ║ api\checkout.spec.ts:137:7 ΓÇ║ API: Checkout Endpoints ΓÇ║ API: Calculate order total with tax
[1A[2K[22/123] [chromium] ΓÇ║ api\checkout.spec.ts:165:7 ΓÇ║ API: Checkout Endpoints ΓÇ║ API: Payment processing with validation
[1A[2K[23/123] [chromium] ΓÇ║ api\checkout.spec.ts:204:7 ΓÇ║ API: Checkout Endpoints ΓÇ║ API: Order confirmation endpoint
[1A[2K[24/123] [chromium] ΓÇ║ api\checkout.spec.ts:241:7 ΓÇ║ API: Checkout Endpoints ΓÇ║ API: Promo code validation endpoint
[1A[2K[25/123] [chromium] ΓÇ║ api\checkout.spec.ts:280:7 ΓÇ║ API: Checkout Endpoints ΓÇ║ API: Checkout with multiple payment methods
[1A[2K[26/123] [chromium] ΓÇ║ api\checkout.spec.ts:306:7 ΓÇ║ API: Checkout Endpoints ΓÇ║ API: Order status tracking
[1A[2K[27/123] [chromium] ΓÇ║ api\products.spec.ts:32:7 ΓÇ║ API: Product Endpoints ΓÇ║ API: Get all products returns product list
[1A[2K[28/123] [chromium] ΓÇ║ api\products.spec.ts:56:7 ΓÇ║ API: Product Endpoints ΓÇ║ API: Get product by ID returns product details
[1A[2K[29/123] [chromium] ΓÇ║ api\products.spec.ts:86:7 ΓÇ║ API: Product Endpoints ΓÇ║ API: Product search endpoint filters results
[1A[2K[30/123] [chromium] ΓÇ║ api\products.spec.ts:110:7 ΓÇ║ API: Product Endpoints ΓÇ║ API: Get product prices returns correct format
[1A[2K[31/123] [chromium] ΓÇ║ api\products.spec.ts:134:7 ΓÇ║ API: Product Endpoints ΓÇ║ API: Product availability check endpoint
[1A[2K[32/123] [chromium] ΓÇ║ api\products.spec.ts:155:7 ΓÇ║ API: Product Endpoints ΓÇ║ API: Product endpoint with authentication
[1A[2K[33/123] [chromium] ΓÇ║ api\products.spec.ts:177:7 ΓÇ║ API: Product Endpoints ΓÇ║ API: Product sort endpoint returns sorted results
[1A[2K  4) [chromium] ΓÇ║ api\checkout.spec.ts:36:7 ΓÇ║ API: Checkout Endpoints ΓÇ║ API: Submit checkout info validates required fields 

    [31mTest timeout of 30000ms exceeded.[39m

    Error: locator.click: Test timeout of 30000ms exceeded.
    Call log:
    [2m  - waiting for getByRole('button', { name: 'Continue' })[22m


      71 |
      72 |     await checkoutPage.fillCheckoutInfo('Jane', 'Doe', '90210');
    > 73 |     await checkoutPage.continueButton.click();
         |                                       ^
      74 |   });
      75 |
      76 |   test('API: Complete checkout processes payment', async ({ page, homePage, productsPage, cartPage, checkoutPage }) => {
        at C:\Users\ABC\Desktop\local\playwright-cli-demo\api\checkout.spec.ts:73:39

    attachment #1: screenshot (image/png) ΓöÇΓöÇΓöÇΓöÇΓöÇΓöÇΓöÇΓöÇΓöÇΓöÇΓöÇΓöÇΓöÇΓöÇΓöÇΓöÇΓöÇΓöÇΓöÇΓöÇΓöÇΓöÇΓöÇΓöÇΓöÇΓöÇΓöÇΓöÇΓöÇΓöÇΓöÇΓöÇΓöÇΓöÇΓöÇΓöÇΓöÇΓöÇΓöÇΓöÇΓöÇΓöÇΓöÇΓöÇΓöÇΓöÇΓöÇΓöÇΓöÇΓöÇΓöÇΓöÇΓöÇΓöÇΓöÇΓöÇΓöÇΓöÇ
    test-results\api-checkout-API-Checkout--d70e1-o-validates-required-fields-chromium\test-failed-1.png
    ΓöÇΓöÇΓöÇΓöÇΓöÇΓöÇΓöÇΓöÇΓöÇΓöÇΓöÇΓöÇΓöÇΓöÇΓöÇΓöÇΓöÇΓöÇΓöÇΓöÇΓöÇΓöÇΓöÇΓöÇΓöÇΓöÇΓöÇΓöÇΓöÇΓöÇΓöÇΓöÇΓöÇΓöÇΓöÇΓöÇΓöÇΓöÇΓöÇΓöÇΓöÇΓöÇΓöÇΓöÇΓöÇΓöÇΓöÇΓöÇΓöÇΓöÇΓöÇΓöÇΓöÇΓöÇΓöÇΓöÇΓöÇΓöÇΓöÇΓöÇΓöÇΓöÇΓöÇΓöÇΓöÇΓöÇΓöÇΓöÇΓöÇΓöÇΓöÇΓöÇΓöÇΓöÇΓöÇΓöÇΓöÇΓöÇΓöÇΓöÇΓöÇΓöÇΓöÇΓöÇΓöÇΓöÇΓöÇΓöÇΓöÇΓöÇΓöÇΓöÇΓöÇΓöÇΓöÇΓöÇ

    Error Context: test-results\api-checkout-API-Checkout--d70e1-o-validates-required-fields-chromium\error-context.md


[1A[2K[34/123] [chromium] ΓÇ║ api\products.spec.ts:214:7 ΓÇ║ API: Product Endpoints ΓÇ║ API: Product images load correctly
[1A[2K[35/123] [chromium] ΓÇ║ api\products.spec.ts:231:7 ΓÇ║ API: Product Endpoints ΓÇ║ API: Product not found returns 404
[1A[2K[36/123] [chromium] ΓÇ║ api\products.spec.ts:259:7 ΓÇ║ API: Product Endpoints ΓÇ║ API: Bulk product fetch with pagination
[1A[2K[37/123] [chromium] ΓÇ║ e2e\api.products.spec.ts:32:7 ΓÇ║ API: Product Endpoints ΓÇ║ API: Get all products returns product list
[1A[2K[38/123] [chromium] ΓÇ║ e2e\api.products.spec.ts:56:7 ΓÇ║ API: Product Endpoints ΓÇ║ API: Get product by ID returns product details
[1A[2K[39/123] [chromium] ΓÇ║ e2e\api.products.spec.ts:86:7 ΓÇ║ API: Product Endpoints ΓÇ║ API: Product search endpoint filters results
[1A[2K[40/123] [chromium] ΓÇ║ e2e\api.products.spec.ts:110:7 ΓÇ║ API: Product Endpoints ΓÇ║ API: Get product prices returns correct format
[1A[2K[41/123] [chromium] ΓÇ║ e2e\api.products.spec.ts:134:7 ΓÇ║ API: Product Endpoints ΓÇ║ API: Product availability check endpoint
[1A[2K[42/123] [chromium] ΓÇ║ e2e\api.products.spec.ts:155:7 ΓÇ║ API: Product Endpoints ΓÇ║ API: Product endpoint with authentication
[1A[2K[43/123] [chromium] ΓÇ║ e2e\api.products.spec.ts:177:7 ΓÇ║ API: Product Endpoints ΓÇ║ API: Product sort endpoint returns sorted results
[1A[2K  5) [chromium] ΓÇ║ api\products.spec.ts:177:7 ΓÇ║ API: Product Endpoints ΓÇ║ API: Product sort endpoint returns sorted results 

    [31mTest timeout of 30000ms exceeded.[39m

    Error: locator.selectOption: Test timeout of 30000ms exceeded.
    Call log:
    [2m  - waiting for locator('[data-test="productSort"]')[22m


       at pages\SauceProductsPage.ts:41

      39 |       'hilo': 'Price (high to low)',
      40 |     };
    > 41 |     await this.sortDropdown.selectOption(option);
         |                             ^
      42 |   }
      43 |
      44 |   async getCartCount() {
        at SauceProductsPage.sortBy (C:\Users\ABC\Desktop\local\playwright-cli-demo\pages\SauceProductsPage.ts:41:29)
        at C:\Users\ABC\Desktop\local\playwright-cli-demo\api\products.spec.ts:205:24

    attachment #1: screenshot (image/png) ΓöÇΓöÇΓöÇΓöÇΓöÇΓöÇΓöÇΓöÇΓöÇΓöÇΓöÇΓöÇΓöÇΓöÇΓöÇΓöÇΓöÇΓöÇΓöÇΓöÇΓöÇΓöÇΓöÇΓöÇΓöÇΓöÇΓöÇΓöÇΓöÇΓöÇΓöÇΓöÇΓöÇΓöÇΓöÇΓöÇΓöÇΓöÇΓöÇΓöÇΓöÇΓöÇΓöÇΓöÇΓöÇΓöÇΓöÇΓöÇΓöÇΓöÇΓöÇΓöÇΓöÇΓöÇΓöÇΓöÇΓöÇΓöÇ
    test-results\api-products-API-Product-E-c0b5d-oint-returns-sorted-results-chromium\test-failed-1.png
    ΓöÇΓöÇΓöÇΓöÇΓöÇΓöÇΓöÇΓöÇΓöÇΓöÇΓöÇΓöÇΓöÇΓöÇΓöÇΓöÇΓöÇΓöÇΓöÇΓöÇΓöÇΓöÇΓöÇΓöÇΓöÇΓöÇΓöÇΓöÇΓöÇΓöÇΓöÇΓöÇΓöÇΓöÇΓöÇΓöÇΓöÇΓöÇΓöÇΓöÇΓöÇΓöÇΓöÇΓöÇΓöÇΓöÇΓöÇΓöÇΓöÇΓöÇΓöÇΓöÇΓöÇΓöÇΓöÇΓöÇΓöÇΓöÇΓöÇΓöÇΓöÇΓöÇΓöÇΓöÇΓöÇΓöÇΓöÇΓöÇΓöÇΓöÇΓöÇΓöÇΓöÇΓöÇΓöÇΓöÇΓöÇΓöÇΓöÇΓöÇΓöÇΓöÇΓöÇΓöÇΓöÇΓöÇΓöÇΓöÇΓöÇΓöÇΓöÇΓöÇΓöÇΓöÇΓöÇΓöÇ

    Error Context: test-results\api-products-API-Product-E-c0b5d-oint-returns-sorted-results-chromium\error-context.md


[1A[2K[44/123] [chromium] ΓÇ║ e2e\api.products.spec.ts:214:7 ΓÇ║ API: Product Endpoints ΓÇ║ API: Product images load correctly
[1A[2K[45/123] [chromium] ΓÇ║ e2e\api.products.spec.ts:231:7 ΓÇ║ API: Product Endpoints ΓÇ║ API: Product not found returns 404
[1A[2K[46/123] [chromium] ΓÇ║ e2e\api.products.spec.ts:259:7 ΓÇ║ API: Product Endpoints ΓÇ║ API: Bulk product fetch with pagination
[1A[2K[47/123] [chromium] ΓÇ║ e2e\auth.spec.ts:11:7 ΓÇ║ Authentication ΓÇ║ Login negative: invalid credentials
[1A[2K[48/123] [chromium] ΓÇ║ e2e\auth.spec.ts:17:7 ΓÇ║ Authentication ΓÇ║ Login negative: empty username
[1A[2K[49/123] [chromium] ΓÇ║ e2e\auth.spec.ts:23:7 ΓÇ║ Authentication ΓÇ║ Login negative: empty password
[1A[2K[50/123] [chromium] ΓÇ║ e2e\auth.spec.ts:29:7 ΓÇ║ Authentication ΓÇ║ Login negative: both fields empty
[1A[2K[51/123] [chromium] ΓÇ║ e2e\auth.spec.ts:35:7 ΓÇ║ Authentication ΓÇ║ Login positive: standard user can successfully login
[1A[2K[52/123] [chromium] ΓÇ║ e2e\auth.spec.ts:43:7 ΓÇ║ Authentication ΓÇ║ Login positive: problem user can login
[1A[2K[53/123] [chromium] ΓÇ║ e2e\auth.spec.ts:50:7 ΓÇ║ Authentication ΓÇ║ Login negative: locked out user receives explicit error
[1A[2K[54/123] [chromium] ΓÇ║ e2e\auth.spec.ts:56:7 ΓÇ║ Authentication ΓÇ║ Login multiple times with different users
[1A[2K[55/123] [chromium] ΓÇ║ e2e\auth.spec.ts:72:7 ΓÇ║ Authentication ΓÇ║ Logout and verify login required
[1A[2K[56/123] [chromium] ΓÇ║ e2e\auth.spec.ts:83:7 ΓÇ║ Authentication ΓÇ║ Session persistence: access products without logout
[1A[2K[57/123] [chromium] ΓÇ║ e2e\auth.spec.ts:94:7 ΓÇ║ Authentication ΓÇ║ User redirected to login when accessing protected page without session
[1A[2K[58/123] [chromium] ΓÇ║ e2e\auth.spec.ts:102:7 ΓÇ║ Authentication ΓÇ║ Login persistence: items in cart persist after logout/login
[1A[2K[59/123] [chromium] ΓÇ║ e2e\auth.spec.ts:123:7 ΓÇ║ Authentication ΓÇ║ Login: verify nav elements visible after successful login
[1A[2K[60/123] [chromium] ΓÇ║ e2e\auth.spec.ts:132:7 ΓÇ║ Authentication ΓÇ║ Login behavior: error message disappears on next login attempt
[1A[2K[61/123] [chromium] ΓÇ║ e2e\cart.spec.ts:8:7 ΓÇ║ Shopping Cart ΓÇ║ Add and view single product in cart
[1A[2K[62/123] [chromium] ΓÇ║ e2e\cart.spec.ts:20:7 ΓÇ║ Shopping Cart ΓÇ║ Add same product twice to cart
[1A[2K  6) [chromium] ΓÇ║ e2e\api.products.spec.ts:177:7 ΓÇ║ API: Product Endpoints ΓÇ║ API: Product sort endpoint returns sorted results 

    [31mTest timeout of 30000ms exceeded.[39m

    Error: locator.selectOption: Test timeout of 30000ms exceeded.
    Call log:
    [2m  - waiting for locator('[data-test="productSort"]')[22m


       at pages\SauceProductsPage.ts:41

      39 |       'hilo': 'Price (high to low)',
      40 |     };
    > 41 |     await this.sortDropdown.selectOption(option);
         |                             ^
      42 |   }
      43 |
      44 |   async getCartCount() {
        at SauceProductsPage.sortBy (C:\Users\ABC\Desktop\local\playwright-cli-demo\pages\SauceProductsPage.ts:41:29)
        at C:\Users\ABC\Desktop\local\playwright-cli-demo\e2e\api.products.spec.ts:205:24

    attachment #1: screenshot (image/png) ΓöÇΓöÇΓöÇΓöÇΓöÇΓöÇΓöÇΓöÇΓöÇΓöÇΓöÇΓöÇΓöÇΓöÇΓöÇΓöÇΓöÇΓöÇΓöÇΓöÇΓöÇΓöÇΓöÇΓöÇΓöÇΓöÇΓöÇΓöÇΓöÇΓöÇΓöÇΓöÇΓöÇΓöÇΓöÇΓöÇΓöÇΓöÇΓöÇΓöÇΓöÇΓöÇΓöÇΓöÇΓöÇΓöÇΓöÇΓöÇΓöÇΓöÇΓöÇΓöÇΓöÇΓöÇΓöÇΓöÇΓöÇΓöÇ
    test-results\e2e-api.products-API-Produ-87f19-oint-returns-sorted-results-chromium\test-failed-1.png
    ΓöÇΓöÇΓöÇΓöÇΓöÇΓöÇΓöÇΓöÇΓöÇΓöÇΓöÇΓöÇΓöÇΓöÇΓöÇΓöÇΓöÇΓöÇΓöÇΓöÇΓöÇΓöÇΓöÇΓöÇΓöÇΓöÇΓöÇΓöÇΓöÇΓöÇΓöÇΓöÇΓöÇΓöÇΓöÇΓöÇΓöÇΓöÇΓöÇΓöÇΓöÇΓöÇΓöÇΓöÇΓöÇΓöÇΓöÇΓöÇΓöÇΓöÇΓöÇΓöÇΓöÇΓöÇΓöÇΓöÇΓöÇΓöÇΓöÇΓöÇΓöÇΓöÇΓöÇΓöÇΓöÇΓöÇΓöÇΓöÇΓöÇΓöÇΓöÇΓöÇΓöÇΓöÇΓöÇΓöÇΓöÇΓöÇΓöÇΓöÇΓöÇΓöÇΓöÇΓöÇΓöÇΓöÇΓöÇΓöÇΓöÇΓöÇΓöÇΓöÇΓöÇΓöÇΓöÇΓöÇ

    Error Context: test-results\e2e-api.products-API-Produ-87f19-oint-returns-sorted-results-chromium\error-context.md


[1A[2K[63/123] [chromium] ΓÇ║ e2e\cart.spec.ts:36:7 ΓÇ║ Shopping Cart ΓÇ║ Remove item from cart
[1A[2K[64/123] [chromium] ΓÇ║ e2e\cart.spec.ts:52:7 ΓÇ║ Shopping Cart ΓÇ║ Remove all items from cart one by one
[1A[2K[65/123] [chromium] ΓÇ║ e2e\cart.spec.ts:77:7 ΓÇ║ Shopping Cart ΓÇ║ Multiple products add/remove cart flow
[1A[2K[66/123] [chromium] ΓÇ║ e2e\cart.spec.ts:106:7 ΓÇ║ Shopping Cart ΓÇ║ Add and remove product via product page
[1A[2K[67/123] [chromium] ΓÇ║ e2e\cart.spec.ts:127:7 ΓÇ║ Shopping Cart ΓÇ║ Cart badge updates correctly with multiple operations
[1A[2K[68/123] [chromium] ΓÇ║ e2e\cart.spec.ts:150:7 ΓÇ║ Shopping Cart ΓÇ║ Continue shopping returns to products page
[1A[2K[69/123] [chromium] ΓÇ║ e2e\cart.spec.ts:165:7 ΓÇ║ Shopping Cart ΓÇ║ Cart maintains state when navigating between pages
[1A[2K[70/123] [chromium] ΓÇ║ e2e\cart.spec.ts:188:7 ΓÇ║ Shopping Cart ΓÇ║ Cart displays product prices correctly
[1A[2K[71/123] [chromium] ΓÇ║ e2e\cart.spec.ts:205:7 ΓÇ║ Shopping Cart ΓÇ║ Cart displays product names correctly
[1A[2K[72/123] [chromium] ΓÇ║ e2e\cart.spec.ts:222:7 ΓÇ║ Shopping Cart ΓÇ║ Cart page URL is correct
[1A[2K[73/123] [chromium] ΓÇ║ e2e\cart.spec.ts:232:7 ΓÇ║ Shopping Cart ΓÇ║ Add all available products to cart
[1A[2K  7) [chromium] ΓÇ║ e2e\cart.spec.ts:20:7 ΓÇ║ Shopping Cart ΓÇ║ Add same product twice to cart ΓöÇΓöÇΓöÇΓöÇΓöÇΓöÇΓöÇΓöÇΓöÇΓöÇΓöÇ

    [31mTest timeout of 30000ms exceeded.[39m

    Error: locator.click: Test timeout of 30000ms exceeded.
    Call log:
    [2m  - waiting for locator('.inventory_item').filter({ hasText: 'Sauce Labs Backpack' }).getByRole('button', { name: 'Add to cart' })[22m


       at pages\SauceProductsPage.ts:22

      20 |   async addProductToCart(productName: string) {
      21 |     const productCard = this.page.locator('.inventory_item', { hasText: productName });
    > 22 |     await productCard.getByRole('button', { name: 'Add to cart' }).click();
         |                                                                    ^
      23 |   }
      24 |
      25 |   async removeProductFromCart(productName: string) {
        at SauceProductsPage.addProductToCart (C:\Users\ABC\Desktop\local\playwright-cli-demo\pages\SauceProductsPage.ts:22:68)
        at C:\Users\ABC\Desktop\local\playwright-cli-demo\e2e\cart.spec.ts:28:24

    attachment #1: screenshot (image/png) ΓöÇΓöÇΓöÇΓöÇΓöÇΓöÇΓöÇΓöÇΓöÇΓöÇΓöÇΓöÇΓöÇΓöÇΓöÇΓöÇΓöÇΓöÇΓöÇΓöÇΓöÇΓöÇΓöÇΓöÇΓöÇΓöÇΓöÇΓöÇΓöÇΓöÇΓöÇΓöÇΓöÇΓöÇΓöÇΓöÇΓöÇΓöÇΓöÇΓöÇΓöÇΓöÇΓöÇΓöÇΓöÇΓöÇΓöÇΓöÇΓöÇΓöÇΓöÇΓöÇΓöÇΓöÇΓöÇΓöÇΓöÇΓöÇ
    test-results\e2e-cart-Shopping-Cart-Add-same-product-twice-to-cart-chromium\test-failed-1.png
    ΓöÇΓöÇΓöÇΓöÇΓöÇΓöÇΓöÇΓöÇΓöÇΓöÇΓöÇΓöÇΓöÇΓöÇΓöÇΓöÇΓöÇΓöÇΓöÇΓöÇΓöÇΓöÇΓöÇΓöÇΓöÇΓöÇΓöÇΓöÇΓöÇΓöÇΓöÇΓöÇΓöÇΓöÇΓöÇΓöÇΓöÇΓöÇΓöÇΓöÇΓöÇΓöÇΓöÇΓöÇΓöÇΓöÇΓöÇΓöÇΓöÇΓöÇΓöÇΓöÇΓöÇΓöÇΓöÇΓöÇΓöÇΓöÇΓöÇΓöÇΓöÇΓöÇΓöÇΓöÇΓöÇΓöÇΓöÇΓöÇΓöÇΓöÇΓöÇΓöÇΓöÇΓöÇΓöÇΓöÇΓöÇΓöÇΓöÇΓöÇΓöÇΓöÇΓöÇΓöÇΓöÇΓöÇΓöÇΓöÇΓöÇΓöÇΓöÇΓöÇΓöÇΓöÇΓöÇΓöÇ

    Error Context: test-results\e2e-cart-Shopping-Cart-Add-same-product-twice-to-cart-chromium\error-context.md


[1A[2K[74/123] [chromium] ΓÇ║ e2e\checkout.spec.ts:9:7 ΓÇ║ Checkout ΓÇ║ Complete checkout flow: single product
[1A[2K[75/123] [chromium] ΓÇ║ e2e\checkout.spec.ts:29:7 ΓÇ║ Checkout ΓÇ║ Complete checkout flow: multiple products
[1A[2K[76/123] [chromium] ΓÇ║ e2e\checkout.spec.ts:53:7 ΓÇ║ Checkout ΓÇ║ Required field enforcement: first name missing
[1A[2K[77/123] [chromium] ΓÇ║ e2e\checkout.spec.ts:72:7 ΓÇ║ Checkout ΓÇ║ Required field enforcement: last name missing
[1A[2K[78/123] [chromium] ΓÇ║ e2e\checkout.spec.ts:90:7 ΓÇ║ Checkout ΓÇ║ Required field enforcement: postal code missing
[1A[2K[79/123] [chromium] ΓÇ║ e2e\checkout.spec.ts:108:7 ΓÇ║ Checkout ΓÇ║ Required field enforcement: all fields empty
[1A[2K[80/123] [chromium] ΓÇ║ e2e\checkout.spec.ts:124:7 ΓÇ║ Checkout ΓÇ║ Checkout with special characters in fields
[1A[2K[81/123] [chromium] ΓÇ║ e2e\checkout.spec.ts:138:7 ΓÇ║ Checkout ΓÇ║ Checkout with numeric postal code
[1A[2K[82/123] [chromium] ΓÇ║ e2e\checkout.spec.ts:152:7 ΓÇ║ Checkout ΓÇ║ Checkout page displays order overview
[1A[2K  8) [chromium] ΓÇ║ e2e\checkout.spec.ts:152:7 ΓÇ║ Checkout ΓÇ║ Checkout page displays order overview ΓöÇΓöÇΓöÇΓöÇ

    Error: [2mexpect([22m[31mlocator[39m[2m).[22mtoHaveCount[2m([22m[32mexpected[39m[2m)[22m failed

    Locator:  locator('.cart_item')
    Expected: [32m1[39m
    Received: [31m0[39m
    Timeout:  5000ms

    Call log:
    [2m  - Expect "toHaveCount" with timeout 5000ms[22m
    [2m  - waiting for locator('.cart_item')[22m
    [2m    9 ├ù locator resolved to 0 elements[22m
    [2m      - unexpected value "0"[22m


      161 |     // Verify product is shown in checkout
      162 |     const checkoutItems = page.locator('.cart_item');
    > 163 |     await expect(checkoutItems).toHaveCount(1);
          |                                 ^
      164 |     await checkoutItems.filter({ hasText: product }).first().waitFor({ state: 'visible' });
      165 |   });
      166 |
        at C:\Users\ABC\Desktop\local\playwright-cli-demo\e2e\checkout.spec.ts:163:33

    attachment #1: screenshot (image/png) ΓöÇΓöÇΓöÇΓöÇΓöÇΓöÇΓöÇΓöÇΓöÇΓöÇΓöÇΓöÇΓöÇΓöÇΓöÇΓöÇΓöÇΓöÇΓöÇΓöÇΓöÇΓöÇΓöÇΓöÇΓöÇΓöÇΓöÇΓöÇΓöÇΓöÇΓöÇΓöÇΓöÇΓöÇΓöÇΓöÇΓöÇΓöÇΓöÇΓöÇΓöÇΓöÇΓöÇΓöÇΓöÇΓöÇΓöÇΓöÇΓöÇΓöÇΓöÇΓöÇΓöÇΓöÇΓöÇΓöÇΓöÇΓöÇ
    test-results\e2e-checkout-Checkout-Checkout-page-displays-order-overview-chromium\test-failed-1.png
    ΓöÇΓöÇΓöÇΓöÇΓöÇΓöÇΓöÇΓöÇΓöÇΓöÇΓöÇΓöÇΓöÇΓöÇΓöÇΓöÇΓöÇΓöÇΓöÇΓöÇΓöÇΓöÇΓöÇΓöÇΓöÇΓöÇΓöÇΓöÇΓöÇΓöÇΓöÇΓöÇΓöÇΓöÇΓöÇΓöÇΓöÇΓöÇΓöÇΓöÇΓöÇΓöÇΓöÇΓöÇΓöÇΓöÇΓöÇΓöÇΓöÇΓöÇΓöÇΓöÇΓöÇΓöÇΓöÇΓöÇΓöÇΓöÇΓöÇΓöÇΓöÇΓöÇΓöÇΓöÇΓöÇΓöÇΓöÇΓöÇΓöÇΓöÇΓöÇΓöÇΓöÇΓöÇΓöÇΓöÇΓöÇΓöÇΓöÇΓöÇΓöÇΓöÇΓöÇΓöÇΓöÇΓöÇΓöÇΓöÇΓöÇΓöÇΓöÇΓöÇΓöÇΓöÇΓöÇΓöÇ

    Error Context: test-results\e2e-checkout-Checkout-Checkout-page-displays-order-overview-chromium\error-context.md


[1A[2K  9) [chromium] ΓÇ║ e2e\cart.spec.ts:232:7 ΓÇ║ Shopping Cart ΓÇ║ Add all available products to cart ΓöÇΓöÇΓöÇΓöÇΓöÇΓöÇ

    [31mTest timeout of 30000ms exceeded.[39m

    Error: locator.click: Test timeout of 30000ms exceeded.
    Call log:
    [2m  - waiting for locator('.inventory_item button:has-text("Add to cart")').nth(3)[22m


      242 |
      243 |     for (let i = 0; i < productsToAdd; i++) {
    > 244 |       await productButtons.nth(i).click();
          |                                   ^
      245 |     }
      246 |
      247 |     await expect(productsPage.cartBadge).toHaveText(productsToAdd.toString());
        at C:\Users\ABC\Desktop\local\playwright-cli-demo\e2e\cart.spec.ts:244:35

    attachment #1: screenshot (image/png) ΓöÇΓöÇΓöÇΓöÇΓöÇΓöÇΓöÇΓöÇΓöÇΓöÇΓöÇΓöÇΓöÇΓöÇΓöÇΓöÇΓöÇΓöÇΓöÇΓöÇΓöÇΓöÇΓöÇΓöÇΓöÇΓöÇΓöÇΓöÇΓöÇΓöÇΓöÇΓöÇΓöÇΓöÇΓöÇΓöÇΓöÇΓöÇΓöÇΓöÇΓöÇΓöÇΓöÇΓöÇΓöÇΓöÇΓöÇΓöÇΓöÇΓöÇΓöÇΓöÇΓöÇΓöÇΓöÇΓöÇΓöÇΓöÇ
    test-results\e2e-cart-Shopping-Cart-Add-all-available-products-to-cart-chromium\test-failed-1.png
    ΓöÇΓöÇΓöÇΓöÇΓöÇΓöÇΓöÇΓöÇΓöÇΓöÇΓöÇΓöÇΓöÇΓöÇΓöÇΓöÇΓöÇΓöÇΓöÇΓöÇΓöÇΓöÇΓöÇΓöÇΓöÇΓöÇΓöÇΓöÇΓöÇΓöÇΓöÇΓöÇΓöÇΓöÇΓöÇΓöÇΓöÇΓöÇΓöÇΓöÇΓöÇΓöÇΓöÇΓöÇΓöÇΓöÇΓöÇΓöÇΓöÇΓöÇΓöÇΓöÇΓöÇΓöÇΓöÇΓöÇΓöÇΓöÇΓöÇΓöÇΓöÇΓöÇΓöÇΓöÇΓöÇΓöÇΓöÇΓöÇΓöÇΓöÇΓöÇΓöÇΓöÇΓöÇΓöÇΓöÇΓöÇΓöÇΓöÇΓöÇΓöÇΓöÇΓöÇΓöÇΓöÇΓöÇΓöÇΓöÇΓöÇΓöÇΓöÇΓöÇΓöÇΓöÇΓöÇΓöÇ

    Error Context: test-results\e2e-cart-Shopping-Cart-Add-all-available-products-to-cart-chromium\error-context.md


[1A[2K[83/123] [chromium] ΓÇ║ e2e\checkout.spec.ts:167:7 ΓÇ║ Checkout ΓÇ║ Checkout flow: problem user
[1A[2K[84/123] [chromium] ΓÇ║ e2e\checkout.spec.ts:182:7 ΓÇ║ Checkout ΓÇ║ Checkout: verify page transitions
[1A[2K[85/123] [chromium] ΓÇ║ e2e\checkout.spec.ts:209:7 ΓÇ║ Checkout ΓÇ║ Empty cart checkout validation
[1A[2K[86/123] [chromium] ΓÇ║ e2e\example.spec.ts:3:5 ΓÇ║ has title
[1A[2K[87/123] [chromium] ΓÇ║ e2e\example.spec.ts:10:5 ΓÇ║ get started link
[1A[2K[88/123] [chromium] ΓÇ║ e2e\integration.spec.ts:9:7 ΓÇ║ Integration: Complex User Workflows ΓÇ║ End-to-end: Browse ΓåÆ Sort ΓåÆ Add ΓåÆ Checkout ΓåÆ Complete
